Archive member included to satisfy reference by file (symbol)

C:/arm-gnu-toolchain-15.2.rel1-mingw-w64-i686-arm-none-eabi/bin/../lib/gcc/arm-none-eabi/15.2.1/../../../../arm-none-eabi/lib/thumb/v7e-m+fp/hard\libc_nano.a(libc_a-nano-vfprintf_float.o)
                              (_printf_float)
C:/arm-gnu-toolchain-15.2.rel1-mingw-w64-i686-arm-none-eabi/bin/../lib/gcc/arm-none-eabi/15.2.1/../../../../arm-none-eabi/lib/thumb/v7e-m+fp/hard\libc_nano.a(libc_a-nano-vfprintf_i.o)
                              C:/arm-gnu-toolchain-15.2.rel1-mingw-w64-i686-arm-none-eabi/bin/../lib/gcc/arm-none-eabi/15.2.1/../../../../arm-none-eabi/lib/thumb/v7e-m+fp/hard\libc_nano.a(libc_a-nano-vfprintf_float.o) (_printf_common)
C:/arm-gnu-toolchain-15.2.rel1-mingw-w64-i686-arm-none-eabi/bin/../lib/gcc/arm-none-eabi/15.2.1/../../../../arm-none-eabi/lib/thumb/v7e-m+fp/hard\libc_nano.a(libc_a-nano-vfscanf_float.o)
                              (_scanf_float)
C:/arm-gnu-toolchain-15.2.rel1-mingw-w64-i686-arm-none-eabi/bin/../lib/gcc/arm-none-eabi/15.2.1/../../../../arm-none-eabi/lib/thumb/v7e-m+fp/hard\libc_nano.a(libc_a-sprintf.o)
                              C:/arm-gnu-toolchain-15.2.rel1-mingw-w64-i686-arm-none-eabi/bin/../lib/gcc/arm-none-eabi/15.2.1/../../../../arm-none-eabi/lib/thumb/v7e-m+fp/hard\libc_nano.a(libc_a-nano-vfscanf_float.o) (sprintf)
C:/arm-gnu-toolchain-15.2.rel1-mingw-w64-i686-arm-none-eabi/bin/../lib/gcc/arm-none-eabi/15.2.1/../../../../arm-none-eabi/lib/thumb/v7e-m+fp/hard\libc_nano.a(libc_a-localeconv.o)
                              C:/arm-gnu-toolchain-15.2.rel1-mingw-w64-i686-arm-none-eabi/bin/../lib/gcc/arm-none-eabi/15.2.1/../../../../arm-none-eabi/lib/thumb/v7e-m+fp/hard\libc_nano.a(libc_a-nano-vfprintf_float.o) (_localeconv_r)
C:/arm-gnu-toolchain-15.2.rel1-mingw-w64-i686-arm-none-eabi/bin/../lib/gcc/arm-none-eabi/15.2.1/../../../../arm-none-eabi/lib/thumb/v7e-m+fp/hard\libc_nano.a(libc_a-impure.o)
                              C:/arm-gnu-toolchain-15.2.rel1-mingw-w64-i686-arm-none-eabi/bin/../lib/gcc/arm-none-eabi/15.2.1/../../../../arm-none-eabi/lib/thumb/v7e-m+fp/hard\libc_nano.a(libc_a-sprintf.o) (_impure_ptr)
C:/arm-gnu-toolchain-15.2.rel1-mingw-w64-i686-arm-none-eabi/bin/../lib/gcc/arm-none-eabi/15.2.1/../../../../arm-none-eabi/lib/thumb/v7e-m+fp/hard\libc_nano.a(libc_a-memchr.o)
                              C:/arm-gnu-toolchain-15.2.rel1-mingw-w64-i686-arm-none-eabi/bin/../lib/gcc/arm-none-eabi/15.2.1/../../../../arm-none-eabi/lib/thumb/v7e-m+fp/hard\libc_nano.a(libc_a-nano-vfprintf_i.o) (memchr)
C:/arm-gnu-toolchain-15.2.rel1-mingw-w64-i686-arm-none-eabi/bin/../lib/gcc/arm-none-eabi/15.2.1/../../../../arm-none-eabi/lib/thumb/v7e-m+fp/hard\libc_nano.a(libc_a-strlen.o)
                              D:\Project\Framework_Study\Testbench\uart_echo\build-batch\Core_main.c.o (strlen)
C:/arm-gnu-toolchain-15.2.rel1-mingw-w64-i686-arm-none-eabi/bin/../lib/gcc/arm-none-eabi/15.2.1/../../../../arm-none-eabi/lib/thumb/v7e-m+fp/hard\libc_nano.a(libm_a-sf_nan.o)
                              C:/arm-gnu-toolchain-15.2.rel1-mingw-w64-i686-arm-none-eabi/bin/../lib/gcc/arm-none-eabi/15.2.1/../../../../arm-none-eabi/lib/thumb/v7e-m+fp/hard\libc_nano.a(libc_a-nano-vfscanf_float.o) (nanf)
C:/arm-gnu-toolchain-15.2.rel1-mingw-w64-i686-arm-none-eabi/bin/../lib/gcc/arm-none-eabi/15.2.1/../../../../arm-none-eabi/lib/thumb/v7e-m+fp/hard\libc_nano.a(libc_a-dtoa.o)
                              C:/arm-gnu-toolchain-15.2.rel1-mingw-w64-i686-arm-none-eabi/bin/../lib/gcc/arm-none-eabi/15.2.1/../../../../arm-none-eabi/lib/thumb/v7e-m+fp/hard\libc_nano.a(libc_a-nano-vfprintf_float.o) (_dtoa_r)
C:/arm-gnu-toolchain-15.2.rel1-mingw-w64-i686-arm-none-eabi/bin/../lib/gcc/arm-none-eabi/15.2.1/../../../../arm-none-eabi/lib/thumb/v7e-m+fp/hard\libc_nano.a(libc_a-malloc.o)
                              C:/arm-gnu-toolchain-15.2.rel1-mingw-w64-i686-arm-none-eabi/bin/../lib/gcc/arm-none-eabi/15.2.1/../../../../arm-none-eabi/lib/thumb/v7e-m+fp/hard\libc_nano.a(libc_a-dtoa.o) (malloc)
C:/arm-gnu-toolchain-15.2.rel1-mingw-w64-i686-arm-none-eabi/bin/../lib/gcc/arm-none-eabi/15.2.1/../../../../arm-none-eabi/lib/thumb/v7e-m+fp/hard\libc_nano.a(libc_a-mallocr.o)
                              C:/arm-gnu-toolchain-15.2.rel1-mingw-w64-i686-arm-none-eabi/bin/../lib/gcc/arm-none-eabi/15.2.1/../../../../arm-none-eabi/lib/thumb/v7e-m+fp/hard\libc_nano.a(libc_a-malloc.o) (_malloc_r)
C:/arm-gnu-toolchain-15.2.rel1-mingw-w64-i686-arm-none-eabi/bin/../lib/gcc/arm-none-eabi/15.2.1/../../../../arm-none-eabi/lib/thumb/v7e-m+fp/hard\libc_nano.a(libc_a-mlock.o)
                              C:/arm-gnu-toolchain-15.2.rel1-mingw-w64-i686-arm-none-eabi/bin/../lib/gcc/arm-none-eabi/15.2.1/../../../../arm-none-eabi/lib/thumb/v7e-m+fp/hard\libc_nano.a(libc_a-mallocr.o) (__malloc_lock)
C:/arm-gnu-toolchain-15.2.rel1-mingw-w64-i686-arm-none-eabi/bin/../lib/gcc/arm-none-eabi/15.2.1/../../../../arm-none-eabi/lib/thumb/v7e-m+fp/hard\libc_nano.a(libc_a-mprec.o)
[...]
Memory Configuration

Name             Origin             Length             Attributes
ROM              0x08000000         0x00080000         xr
RAM              0x20000000         0x00020000         xrw
*default*        0x00000000         0xffffffff

Linker script and memory map

LOAD D:\Project\Framework_Study\Testbench\uart_echo\build-batch\Core_main.c.o
LOAD D:\Project\Framework_Study\Testbench\uart_echo\build-batch\Core_System_system_stm32f4xx.c.o
LOAD D:\Project\Framework_Study\Testbench\uart_echo\build-batch\Core_System_clock.c.o
LOAD D:\Project\Framework_Study\Testbench\uart_echo\build-batch\MCAL_Target_STM32F4xx_stm32_uart.c.o
LOAD D:\Project\Framework_Study\Testbench\uart_echo\build-batch\MCAL_Target_STM32F4xx_stm32_queue.c.o
LOAD D:\Project\Framework_Study\Testbench\uart_echo\build-batch\MCAL_Target_STM32F4xx_stm32_timer.c.o
LOAD D:\Project\Framework_Study\Testbench\uart_echo\build-batch\Testbench_uart_echo_uart_batch_test.c.o
LOAD D:\Project\Framework_Study\Testbench\uart_echo\build-batch\Core_System_systick.c.o
LOAD D:\Project\Framework_Study\Testbench\uart_echo\build-batch\Board_NUCLEO_F411RE_crt0.s.o
LOAD C:/arm-gnu-toolchain-15.2.rel1-mingw-w64-i686-arm-none-eabi/bin/../lib/gcc/arm-none-eabi/15.2.1/../../../../arm-none-eabi/lib/thumb/v7e-m+fp/hard\libc_nano.a
LOAD C:/arm-gnu-toolchain-15.2.rel1-mingw-w64-i686-arm-none-eabi/bin/../lib/gcc/arm-none-eabi/15.2.1/thumb/v7e-m+fp/hard\libgcc.a
START GROUP
LOAD C:/arm-gnu-toolchain-15.2.rel1-mingw-w64-i686-arm-none-eabi/bin/../lib/gcc/arm-none-eabi/15.2.1/thumb/v7e-m+fp/hard\libgcc.a
LOAD C:/arm-gnu-toolchain-15.2.rel1-mingw-w64-i686-arm-none-eabi/bin/../lib/gcc/arm-none-eabi/15.2.1/../../../../arm-none-eabi/lib/thumb/v7e-m+fp/hard\libc_nano.a
END GROUP
START GROUP
LOAD C:/arm-gnu-toolchain-15.2.rel1-mingw-w64-i686-arm-none-eabi/bin/../lib/gcc/arm-none-eabi/15.2.1/thumb/v7e-m+fp/hard\libgcc.a
LOAD C:/arm-gnu-toolchain-15.2.rel1-mingw-w64-i686-arm-none-eabi/bin/../lib/gcc/arm-none-eabi/15.2.1/../../../../arm-none-eabi/lib/thumb/v7e-m+fp/hard\libc_nano.a
LOAD C:/arm-gnu-toolchain-15.2.rel1-mingw-w64-i686-arm-none-eabi/bin/../lib/gcc/arm-none-eabi/15.2.1/../../../../arm-none-eabi/lib/thumb/v7e-m+fp/hard\libnosys.a
END GROUP
START GROUP
LOAD C:/arm-gnu-toolchain-15.2.rel1-mingw-w64-i686-arm-none-eabi/bin/../lib/gcc/arm-none-eabi/15.2.1/thumb/v7e-m+fp/hard\libgcc.a
LOAD C:/arm-gnu-toolchain-15.2.rel1-mingw-w64-i686-arm-none-eabi/bin/../lib/gcc/arm-none-eabi/15.2.1/../../../../arm-none-eabi/lib/thumb/v7e-m+fp/hard\libc_nano.a
LOAD C:/arm-gnu-toolchain-15.2.rel1-mingw-w64-i686-arm-none-eabi/bin/../lib/gcc/arm-none-eabi/15.2.1/../../../../arm-none-eabi/lib/thumb/v7e-m+fp/hard\libnosys.a
END GROUP

.text           0x08000000     0x6e38
                0x08000000                        __RO_BASE__ = .
 *Board_NUCLEO_F411RE_crt0.s.o(.text)
 .text          0x08000000      0x200 D:\Project\Framework_Study\Testbench\uart_echo\build-batch\Board_NUCLEO_F411RE_crt0.s.o
                0x08000198                RTC_Alarm_IRQHandler
                0x08000198                EXTI2_IRQHandler
                0x08000198                DebugMon_Handler
                0x08000198                SPI4_IRQHandler
                0x08000198                TIM1_CC_IRQHandler
                0x08000198                DMA2_Stream5_IRQHandler
                0x08000198                HardFault_Handler
                0x08000198                DMA1_Stream5_IRQHandler
                0x08000198                SysTick_Handler
                0x08000198                PVD_IRQHandler
                0x08000198                SDIO_IRQHandler
                0x08000198                TAMP_STAMP_IRQHandler
                0x08000198                PendSV_Handler
                0x08000198                NMI_Handler
                0x08000198                EXTI3_IRQHandler
                0x08000198                TIM1_UP_TIM10_IRQHandler
                0x08000198                I2C3_ER_IRQHandler
                0x08000198                EXTI0_IRQHandler
                0x08000198                I2C2_EV_IRQHandler
                0x08000198                DMA1_Stream2_IRQHandler
                0x08000198                FPU_IRQHandler
                0x08000198                UsageFault_Handler
                0x08000198                DMA2_Stream2_IRQHandler
                0x08000198                SPI1_IRQHandler
                0x08000198                TIM1_BRK_TIM9_IRQHandler
                0x08000198                DMA2_Stream3_IRQHandler
                0x08000198                DMA2_Stream0_IRQHandler
                0x08000198                TIM4_IRQHandler
                0x08000198                I2C1_EV_IRQHandler
                0x08000198                Invalid_ISR
                0x08000198                DMA1_Stream6_IRQHandler
                0x08000198                DMA1_Stream1_IRQHandler
                0x08000198                TIM3_IRQHandler
                0x08000198                RCC_IRQHandler
                0x08000198                EXTI15_10_IRQHandler
                0x08000198                ADC_IRQHandler
                0x08000198                DMA1_Stream7_IRQHandler
                0x08000198                SPI5_IRQHandler
                0x08000198                TIM5_IRQHandler
                0x08000198                DMA2_Stream7_IRQHandler
                0x08000198                I2C3_EV_IRQHandler
                0x08000198                EXTI9_5_IRQHandler
                0x08000198                RTC_WKUP_IRQHandler
                0x08000198                SPI2_IRQHandler
                0x08000198                MemManage_Handler
                0x08000198                DMA1_Stream0_IRQHandler
                0x08000198                SVC_Handler
                0x08000198                EXTI4_IRQHandler
                0x08000198                WWDG_IRQHandler
                0x08000198                TIM2_IRQHandler
                0x08000198                OTG_FS_WKUP_IRQHandler
                0x08000198                TIM1_TRG_COM_TIM11_IRQHandler
                0x08000198                EXTI1_IRQHandler
                0x08000198                I2C2_ER_IRQHandler
                0x08000198                DMA2_Stream1_IRQHandler
                0x08000198                FLASH_IRQHandler
                0x08000198                DMA2_Stream4_IRQHandler
                0x08000198                BusFault_Handler
                0x08000198                OTG_FS_IRQHandler
                0x08000198                SPI3_IRQHandler
                0x08000198                DMA1_Stream4_IRQHandler
                0x08000198                I2C1_ER_IRQHandler
                0x08000198                DMA2_Stream6_IRQHandler
                0x08000198                DMA1_Stream3_IRQHandler
                0x0800019a                __start
 *(.text)
 .text          0x08000200       0x30 D:\Project\Framework_Study\Testbench\uart_echo\build-batch\Core_main.c.o
                0x08000200                Main
 .text          0x08000230       0x84 D:\Project\Framework_Study\Testbench\uart_echo\build-batch\Core_System_system_stm32f4xx.c.o
                0x08000230                SystemInit
                0x08000244                SystemCoreClockUpdate
 .text          0x080002b4       0x60 D:\Project\Framework_Study\Testbench\uart_echo\build-batch\Core_System_clock.c.o
                0x080002b4                Clock_Init
 *fill*         0x08000314        0x4 
 .text          0x08000318      0x594 D:\Project\Framework_Study\Testbench\uart_echo\build-batch\MCAL_Target_STM32F4xx_stm32_uart.c.o
                0x08000318                uart_tx_gpio_confirm
                0x0800037c                uart_rx_gpio_confirm
                0x080003e0                mcal_uart_init
                0x080006dc                mcal_uart_write
                0x08000774                mcal_uart_read
                0x080007cc                Uart_Send_Byte
                0x080007e8                uart_timeout_tick
                0x0800080c                USART1_IRQHandler
                0x08000838                USART2_IRQHandler
                0x08000880                USART6_IRQHandler
 .text          0x080008ac       0xa4 D:\Project\Framework_Study\Testbench\uart_echo\build-batch\MCAL_Target_STM32F4xx_stm32_queue.c.o
                0x080008ac                queue_full
                0x080008d0                queue_empty
                0x080008e0                read_queue
                0x08000910                queue_init
                0x08000918                insert_queue
 .text          0x08000950      0x49c D:\Project\Framework_Study\Testbench\uart_echo\build-batch\MCAL_Target_STM32F4xx_stm32_timer.c.o
                0x08000950                mcal_timer_repeat_init
                0x08000a78                mcal_timer_oneshot_init
                0x08000ba0                mcal_timer_int_enable
                0x08000cb4                mcal_timer_start
                0x08000d54                mcal_timer_stop
 .text          0x08000dec      0x100 D:\Project\Framework_Study\Testbench\uart_echo\build-batch\Testbench_uart_echo_uart_batch_test.c.o
                0x08000dec                uart_test_main
 .text          0x08000eec       0xa8 D:\Project\Framework_Study\Testbench\uart_echo\build-batch\Core_System_systick.c.o
                0x08000eec                systick_run
                0x08000f24                systick_check_timeout
                0x08000f30                systick_get_time
                0x08000f38                systick_get_load_time
                0x08000f40                systick_stop
                0x08000f50                delay_ms
 .text          0x08000f94        0x0 C:/arm-gnu-toolchain-15.2.rel1-mingw-w64-i686-arm-none-eabi/bin/../lib/gcc/arm-none-eabi/15.2.1/../../../../arm-none-eabi/lib/thumb/v7e-m+fp/hard\libc_nano.a(libc_a-nano-vfprintf_float.o)
 .text          0x08000f94        0x0 C:/arm-gnu-toolchain-15.2.rel1-mingw-w64-i686-arm-none-eabi/bin/../lib/gcc/arm-none-eabi/15.2.1/../../../../arm-none-eabi/lib/thumb/v7e-m+fp/hard\libc_nano.a(libc_a-nano-vfprintf_i.o)
 .text          0x08000f94        0x0 C:/arm-gnu-toolchain-15.2.rel1-mingw-w64-i686-arm-none-eabi/bin/../lib/gcc/arm-none-eabi/15.2.1/../../../../arm-none-eabi/lib/thumb/v7e-m+fp/hard\libc_nano.a(libc_a-nano-vfscanf_float.o)
 .text          0x08000f94        0x0 C:/arm-gnu-toolchain-15.2.rel1-mingw-w64-i686-arm-none-eabi/bin/../lib/gcc/arm-none-eabi/15.2.1/../../../../arm-none-eabi/lib/thumb/v7e-m+fp/hard\libc_nano.a(libc_a-sprintf.o)
 .text          0x08000f94        0x0 C:/arm-gnu-toolchain-15.2.rel1-mingw-w64-i686-arm-none-eabi/bin/../lib/gcc/arm-none-eabi/15.2.1/../../../../arm-none-eabi/lib/thumb/v7e-m+fp/hard\libc_nano.a(libc_a-localeconv.o)
 .text          0x08000f94        0x0 C:/arm-gnu-toolchain-15.2.rel1-mingw-w64-i686-arm-none-eabi/bin/../lib/gcc/arm-none-eabi/15.2.1/../../../../arm-none-eabi/lib/thumb/v7e-m+fp/hard\libc_nano.a(libc_a-impure.o)
 *fill*         0x08000f94        0xc 
 .text          0x08000fa0       0xa0 C:/arm-gnu-toolchain-15.2.rel1-mingw-w64-i686-arm-none-eabi/bin/../lib/gcc/arm-none-eabi/15.2.1/../../../../arm-none-eabi/lib/thumb/v7e-m+fp/hard\libc_nano.a(libc_a-memchr.o)
                0x08000fa0                memchr
 .text          0x08001040       0x10 C:/arm-gnu-toolchain-15.2.rel1-mingw-w64-i686-arm-none-eabi/bin/../lib/gcc/arm-none-eabi/15.2.1/../../../../arm-none-eabi/lib/thumb/v7e-m+fp/hard\libc_nano.a(libc_a-strlen.o)
                0x08001040                strlen
 .text          0x08001050        0x0 C:/arm-gnu-toolchain-15.2.rel1-mingw-w64-i686-arm-none-eabi/bin/../lib/gcc/arm-none-eabi/15.2.1/../../../../arm-none-eabi/lib/thumb/v7e-m+fp/hard\libc_nano.a(libm_a-sf_nan.o)
 .text          0x08001050        0x0 C:/arm-gnu-toolchain-15.2.rel1-mingw-w64-i686-arm-none-eabi/bin/../lib/gcc/arm-none-eabi/15.2.1/../../../../arm-none-eabi/lib/thumb/v7e-m+fp/hard\libc_nano.a(libc_a-dtoa.o)
 .text          0x08001050        0x0 C:/arm-gnu-toolchain-15.2.rel1-mingw-w64-i686-arm-none-eabi/bin/../lib/gcc/arm-none-eabi/15.2.1/../../../../arm-none-eabi/lib/thumb/v7e-m+fp/hard\libc_nano.a(libc_a-malloc.o)
 .text          0x08001050        0x0 C:/arm-gnu-toolchain-15.2.rel1-mingw-w64-i686-arm-none-eabi/bin/../lib/gcc/arm-none-eabi/15.2.1/../../../../arm-none-eabi/lib/thumb/v7e-m+fp/hard\libc_nano.a(libc_a-mallocr.o)
 .text          0x08001050        0x0 C:/arm-gnu-toolchain-15.2.rel1-mingw-w64-i686-arm-none-eabi/bin/../lib/gcc/arm-none-eabi/15.2.1/../../../../arm-none-eabi/lib/thumb/v7e-m+fp/hard\libc_nano.a(libc_a-mlock.o)
 .text          0x08001050        0x0 C:/arm-gnu-toolchain-15.2.rel1-mingw-w64-i686-arm-none-eabi/bin/../lib/gcc/arm-none-eabi/15.2.1/../../../../arm-none-eabi/lib/thumb/v7e-m+fp/hard\libc_nano.a(libc_a-mprec.o)
 .text          0x08001050        0x0 C:/arm-gnu-toolchain-15.2.rel1-mingw-w64-i686-arm-none-eabi/bin/../lib/gcc/arm-none-eabi/15.2.1/../../../../arm-none-eabi/lib/thumb/v7e-m+fp/hard\libc_nano.a(libc_a-strtod.o)
 .text          0x08001050        0x0 C:/arm-gnu-toolchain-15.2.rel1-mingw-w64-i686-arm-none-eabi/bin/../lib/gcc/arm-none-eabi/15.2.1/../../../../arm-none-eabi/lib/thumb/v7e-m+fp/hard\libc_nano.a(libc_a-strtol.o)
 .text          0x08001050        0x0 C:/arm-gnu-toolchain-15.2.rel1-mingw-w64-i686-arm-none-eabi/bin/../lib/gcc/arm-none-eabi/15.2.1/../../../../arm-none-eabi/lib/thumb/v7e-m+fp/hard\libc_nano.a(libc_a-ctype_.o)
 .text          0x08001050        0x0 C:/arm-gnu-toolchain-15.2.rel1-mingw-w64-i686-arm-none-eabi/bin/../lib/gcc/arm-none-eabi/15.2.1/../../../../arm-none-eabi/lib/thumb/v7e-m+fp/hard\libc_nano.a(libc_a-nano-svfprintf.o)
 .text          0x08001050        0x0 C:/arm-gnu-toolchain-15.2.rel1-mingw-w64-i686-arm-none-eabi/bin/../lib/gcc/arm-none-eabi/15.2.1/../../../../arm-none-eabi/lib/thumb/v7e-m+fp/hard\libc_nano.a(libc_a-memmove.o)
 .text          0x08001050        0x0 C:/arm-gnu-toolchain-15.2.rel1-mingw-w64-i686-arm-none-eabi/bin/../lib/gcc/arm-none-eabi/15.2.1/../../../../arm-none-eabi/lib/thumb/v7e-m+fp/hard\libc_nano.a(libc_a-strncmp.o)
 .text          0x08001050        0x0 C:/arm-gnu-toolchain-15.2.rel1-mingw-w64-i686-arm-none-eabi/bin/../lib/gcc/arm-none-eabi/15.2.1/../../../../arm-none-eabi/lib/thumb/v7e-m+fp/hard\libc_nano.a(libc_a-locale.o)
 .text          0x08001050        0x0 C:/arm-gnu-toolchain-15.2.rel1-mingw-w64-i686-arm-none-eabi/bin/../lib/gcc/arm-none-eabi/15.2.1/../../../../arm-none-eabi/lib/thumb/v7e-m+fp/hard\libc_nano.a(libc_a-sbrkr.o)
 .text          0x08001050        0x0 C:/arm-gnu-toolchain-15.2.rel1-mingw-w64-i686-arm-none-eabi/bin/../lib/gcc/arm-none-eabi/15.2.1/../../../../arm-none-eabi/lib/thumb/v7e-m+fp/hard\libc_nano.a(libc_a-errno.o)
 .text          0x08001050        0x0 C:/arm-gnu-toolchain-15.2.rel1-mingw-w64-i686-arm-none-eabi/bin/../lib/gcc/arm-none-eabi/15.2.1/../../../../arm-none-eabi/lib/thumb/v7e-m+fp/hard\libc_nano.a(libc_a-lock.o)
 .text          0x08001050       0x14 C:/arm-gnu-toolchain-15.2.rel1-mingw-w64-i686-arm-none-eabi/bin/../lib/gcc/arm-none-eabi/15.2.1/../../../../arm-none-eabi/lib/thumb/v7e-m+fp/hard\libc_nano.a(libc_a-strcmp.o)
                0x08001050                strcmp
 .text          0x08001064        0x0 C:/arm-gnu-toolchain-15.2.rel1-mingw-w64-i686-arm-none-eabi/bin/../lib/gcc/arm-none-eabi/15.2.1/../../../../arm-none-eabi/lib/thumb/v7e-m+fp/hard\libc_nano.a(libc_a-memcpy-stub.o)
 .text          0x08001064        0x0 C:/arm-gnu-toolchain-15.2.rel1-mingw-w64-i686-arm-none-eabi/bin/../lib/gcc/arm-none-eabi/15.2.1/../../../../arm-none-eabi/lib/thumb/v7e-m+fp/hard\libc_nano.a(libm_a-s_nan.o)
 .text          0x08001064        0x0 C:/arm-gnu-toolchain-15.2.rel1-mingw-w64-i686-arm-none-eabi/bin/../lib/gcc/arm-none-eabi/15.2.1/../../../../arm-none-eabi/lib/thumb/v7e-m+fp/hard\libc_nano.a(libc_a-assert.o)
 .text          0x08001064        0x0 C:/arm-gnu-toolchain-15.2.rel1-mingw-w64-i686-arm-none-eabi/bin/../lib/gcc/arm-none-eabi/15.2.1/../../../../arm-none-eabi/lib/thumb/v7e-m+fp/hard\libc_nano.a(libc_a-callocr.o)
 .text          0x08001064        0x0 C:/arm-gnu-toolchain-15.2.rel1-mingw-w64-i686-arm-none-eabi/bin/../lib/gcc/arm-none-eabi/15.2.1/../../../../arm-none-eabi/lib/thumb/v7e-m+fp/hard\libc_nano.a(libc_a-freer.o)
 .text          0x08001064        0x0 C:/arm-gnu-toolchain-15.2.rel1-mingw-w64-i686-arm-none-eabi/bin/../lib/gcc/arm-none-eabi/15.2.1/../../../../arm-none-eabi/lib/thumb/v7e-m+fp/hard\libc_nano.a(libc_a-gdtoa-gethex.o)
 .text          0x08001064        0x0 C:/arm-gnu-toolchain-15.2.rel1-mingw-w64-i686-arm-none-eabi/bin/../lib/gcc/arm-none-eabi/15.2.1/../../../../arm-none-eabi/lib/thumb/v7e-m+fp/hard\libc_nano.a(libc_a-gdtoa-hexnan.o)
 .text          0x08001064        0x0 C:/arm-gnu-toolchain-15.2.rel1-mingw-w64-i686-arm-none-eabi/bin/../lib/gcc/arm-none-eabi/15.2.1/../../../../arm-none-eabi/lib/thumb/v7e-m+fp/hard\libc_nano.a(libc_a-mbtowc_r.o)
 .text          0x08001064        0x0 C:/arm-gnu-toolchain-15.2.rel1-mingw-w64-i686-arm-none-eabi/bin/../lib/gcc/arm-none-eabi/15.2.1/../../../../arm-none-eabi/lib/thumb/v7e-m+fp/hard\libc_nano.a(libc_a-reallocr.o)
 .text          0x08001064        0x0 C:/arm-gnu-toolchain-15.2.rel1-mingw-w64-i686-arm-none-eabi/bin/../lib/gcc/arm-none-eabi/15.2.1/../../../../arm-none-eabi/lib/thumb/v7e-m+fp/hard\libc_nano.a(libc_a-wctomb_r.o)
 .text          0x08001064        0x0 C:/arm-gnu-toolchain-15.2.rel1-mingw-w64-i686-arm-none-eabi/bin/../lib/gcc/arm-none-eabi/15.2.1/../../../../arm-none-eabi/lib/thumb/v7e-m+fp/hard\libc_nano.a(libc_a-fprintf.o)
 .text          0x08001064        0x0 C:/arm-gnu-toolchain-15.2.rel1-mingw-w64-i686-arm-none-eabi/bin/../lib/gcc/arm-none-eabi/15.2.1/../../../../arm-none-eabi/lib/thumb/v7e-m+fp/hard\libc_nano.a(libc_a-memset.o)
 .text          0x08001064        0x0 C:/arm-gnu-toolchain-15.2.rel1-mingw-w64-i686-arm-none-eabi/bin/../lib/gcc/arm-none-eabi/15.2.1/../../../../arm-none-eabi/lib/thumb/v7e-m+fp/hard\libc_nano.a(libc_a-reent.o)
 .text          0x08001064        0x0 C:/arm-gnu-toolchain-15.2.rel1-mingw-w64-i686-arm-none-eabi/bin/../lib/gcc/arm-none-eabi/15.2.1/../../../../arm-none-eabi/lib/thumb/v7e-m+fp/hard\libc_nano.a(libc_a-abort.o)
 .text          0x08001064        0x0 C:/arm-gnu-toolchain-15.2.rel1-mingw-w64-i686-arm-none-eabi/bin/../lib/gcc/arm-none-eabi/15.2.1/../../../../arm-none-eabi/lib/thumb/v7e-m+fp/hard\libc_nano.a(libc_a-msizer.o)
 .text          0x08001064        0x0 C:/arm-gnu-toolchain-15.2.rel1-mingw-w64-i686-arm-none-eabi/bin/../lib/gcc/arm-none-eabi/15.2.1/../../../../arm-none-eabi/lib/thumb/v7e-m+fp/hard\libc_nano.a(libc_a-nano-vfprintf.o)
 .text          0x08001064        0x0 C:/arm-gnu-toolchain-15.2.rel1-mingw-w64-i686-arm-none-eabi/bin/../lib/gcc/arm-none-eabi/15.2.1/../../../../arm-none-eabi/lib/thumb/v7e-m+fp/hard\libc_nano.a(libc_a-findfp.o)
 .text          0x08001064        0x0 C:/arm-gnu-toolchain-15.2.rel1-mingw-w64-i686-arm-none-eabi/bin/../lib/gcc/arm-none-eabi/15.2.1/../../../../arm-none-eabi/lib/thumb/v7e-m+fp/hard\libc_nano.a(libc_a-fvwrite.o)
 .text          0x08001064        0x0 C:/arm-gnu-toolchain-15.2.rel1-mingw-w64-i686-arm-none-eabi/bin/../lib/gcc/arm-none-eabi/15.2.1/../../../../arm-none-eabi/lib/thumb/v7e-m+fp/hard\libc_nano.a(libc_a-fwalk.o)
 .text          0x08001064        0x0 C:/arm-gnu-toolchain-15.2.rel1-mingw-w64-i686-arm-none-eabi/bin/../lib/gcc/arm-none-eabi/15.2.1/../../../../arm-none-eabi/lib/thumb/v7e-m+fp/hard\libc_nano.a(libc_a-stdio.o)
 .text          0x08001064        0x0 C:/arm-gnu-toolchain-15.2.rel1-mingw-w64-i686-arm-none-eabi/bin/../lib/gcc/arm-none-eabi/15.2.1/../../../../arm-none-eabi/lib/thumb/v7e-m+fp/hard\libc_nano.a(libc_a-wbuf.o)
 .text          0x08001064        0x0 C:/arm-gnu-toolchain-15.2.rel1-mingw-w64-i686-arm-none-eabi/bin/../lib/gcc/arm-none-eabi/15.2.1/../../../../arm-none-eabi/lib/thumb/v7e-m+fp/hard\libc_nano.a(libc_a-wsetup.o)
 .text          0x08001064        0x0 C:/arm-gnu-toolchain-15.2.rel1-mingw-w64-i686-arm-none-eabi/bin/../lib/gcc/arm-none-eabi/15.2.1/../../../../arm-none-eabi/lib/thumb/v7e-m+fp/hard\libc_nano.a(libc_a-signal.o)
 .text          0x08001064        0x0 C:/arm-gnu-toolchain-15.2.rel1-mingw-w64-i686-arm-none-eabi/bin/../lib/gcc/arm-none-eabi/15.2.1/../../../../arm-none-eabi/lib/thumb/v7e-m+fp/hard\libc_nano.a(libc_a-closer.o)
 .text          0x08001064        0x0 C:/arm-gnu-toolchain-15.2.rel1-mingw-w64-i686-arm-none-eabi/bin/../lib/gcc/arm-none-eabi/15.2.1/../../../../arm-none-eabi/lib/thumb/v7e-m+fp/hard\libc_nano.a(libc_a-lseekr.o)
 .text          0x08001064        0x0 C:/arm-gnu-toolchain-15.2.rel1-mingw-w64-i686-arm-none-eabi/bin/../lib/gcc/arm-none-eabi/15.2.1/../../../../arm-none-eabi/lib/thumb/v7e-m+fp/hard\libc_nano.a(libc_a-readr.o)
 .text          0x08001064        0x0 C:/arm-gnu-toolchain-15.2.rel1-mingw-w64-i686-arm-none-eabi/bin/../lib/gcc/arm-none-eabi/15.2.1/../../../../arm-none-eabi/lib/thumb/v7e-m+fp/hard\libc_nano.a(libc_a-signalr.o)
 .text          0x08001064        0x0 C:/arm-gnu-toolchain-15.2.rel1-mingw-w64-i686-arm-none-eabi/bin/../lib/gcc/arm-none-eabi/15.2.1/../../../../arm-none-eabi/lib/thumb/v7e-m+fp/hard\libc_nano.a(libc_a-writer.o)
 .text          0x08001064        0x0 C:/arm-gnu-toolchain-15.2.rel1-mingw-w64-i686-arm-none-eabi/bin/../lib/gcc/arm-none-eabi/15.2.1/../../../../arm-none-eabi/lib/thumb/v7e-m+fp/hard\libc_nano.a(libc_a-fflush.o)
 .text          0x08001064        0x0 C:/arm-gnu-toolchain-15.2.rel1-mingw-w64-i686-arm-none-eabi/bin/../lib/gcc/arm-none-eabi/15.2.1/../../../../arm-none-eabi/lib/thumb/v7e-m+fp/hard\libc_nano.a(libc_a-makebuf.o)
 .text          0x08001064        0x0 C:/arm-gnu-toolchain-15.2.rel1-mingw-w64-i686-arm-none-eabi/bin/../lib/gcc/arm-none-eabi/15.2.1/../../../../arm-none-eabi/lib/thumb/v7e-m+fp/hard\libc_nano.a(libc_a-fstatr.o)
 .text          0x08001064        0x0 C:/arm-gnu-toolchain-15.2.rel1-mingw-w64-i686-arm-none-eabi/bin/../lib/gcc/arm-none-eabi/15.2.1/../../../../arm-none-eabi/lib/thumb/v7e-m+fp/hard\libc_nano.a(libc_a-isattyr.o)
 .text          0x08001064      0x254 C:/arm-gnu-toolchain-15.2.rel1-mingw-w64-i686-arm-none-eabi/bin/../lib/gcc/arm-none-eabi/15.2.1/thumb/v7e-m+fp/hard\libgcc.a(_arm_muldf3.o)
 .text          0x080012b8      0x378 C:/arm-gnu-toolchain-15.2.rel1-mingw-w64-i686-arm-none-eabi/bin/../lib/gcc/arm-none-eabi/15.2.1/thumb/v7e-m+fp/hard\libgcc.a(_arm_addsubdf3.o)
                0x080012b8                __aeabi_drsub
                0x080012c0                __aeabi_dsub
                0x080012c0                __subdf3
                0x080012c4                __aeabi_dadd
                0x080012c4                __adddf3
                0x0800153c                __floatunsidf
                0x0800153c                __aeabi_ui2d
                0x0800155c                __floatsidf
                0x0800155c                __aeabi_i2d
                0x08001580                __aeabi_f2d
                0x08001580                __extendsfdf2
                0x080015c4                __floatundidf
                0x080015c4                __aeabi_ul2d
                0x080015d4                __floatdidf
                0x080015d4                __aeabi_l2d
 .text          0x08001630      0x424 C:/arm-gnu-toolchain-15.2.rel1-mingw-w64-i686-arm-none-eabi/bin/../lib/gcc/arm-none-eabi/15.2.1/thumb/v7e-m+fp/hard\libgcc.a(_arm_muldivdf3.o)
                0x08001630                __aeabi_dmul
                0x08001630                __muldf3
                0x08001884                __divdf3
                0x08001884                __aeabi_ddiv
 .text          0x08001a54      0x110 C:/arm-gnu-toolchain-15.2.rel1-mingw-w64-i686-arm-none-eabi/bin/../lib/gcc/arm-none-eabi/15.2.1/thumb/v7e-m+fp/hard\libgcc.a(_arm_cmpdf2.o)
                0x08001a54                __gtdf2
                0x08001a54                __gedf2
                0x08001a5c                __ltdf2
                0x08001a5c                __ledf2
                0x08001a64                __nedf2
                0x08001a64                __eqdf2
                0x08001a64                __cmpdf2
                0x08001ae0                __aeabi_cdrcmple
                0x08001af0                __aeabi_cdcmpeq
                0x08001af0                __aeabi_cdcmple
                0x08001b00                __aeabi_dcmpeq
                0x08001b14                __aeabi_dcmplt
                0x08001b28                __aeabi_dcmple
                0x08001b3c                __aeabi_dcmpge
                0x08001b50                __aeabi_dcmpgt
 .text          0x08001b64       0x2c C:/arm-gnu-toolchain-15.2.rel1-mingw-w64-i686-arm-none-eabi/bin/../lib/gcc/arm-none-eabi/15.2.1/thumb/v7e-m+fp/hard\libgcc.a(_arm_unorddf2.o)
                0x08001b64                __unorddf2
                0x08001b64                __aeabi_dcmpun
 .text          0x08001b90       0x50 C:/arm-gnu-toolchain-15.2.rel1-mingw-w64-i686-arm-none-eabi/bin/../lib/gcc/arm-none-eabi/15.2.1/thumb/v7e-m+fp/hard\libgcc.a(_arm_fixdfsi.o)
                0x08001b90                __aeabi_d2iz
                0x08001b90                __fixdfsi
 .text          0x08001be0       0x40 C:/arm-gnu-toolchain-15.2.rel1-mingw-w64-i686-arm-none-eabi/bin/../lib/gcc/arm-none-eabi/15.2.1/thumb/v7e-m+fp/hard\libgcc.a(_arm_fixunsdfsi.o)
                0x08001be0                __aeabi_d2uiz
                0x08001be0                __fixunsdfsi
 .text          0x08001c20       0xa0 C:/arm-gnu-toolchain-15.2.rel1-mingw-w64-i686-arm-none-eabi/bin/../lib/gcc/arm-none-eabi/15.2.1/thumb/v7e-m+fp/hard\libgcc.a(_arm_truncdfsf2.o)
                0x08001c20                __truncdfsf2
                0x08001c20                __aeabi_d2f
 .text          0x08001cc0        0x0 C:/arm-gnu-toolchain-15.2.rel1-mingw-w64-i686-arm-none-eabi/bin/../lib/gcc/arm-none-eabi/15.2.1/thumb/v7e-m+fp/hard\libgcc.a(_fixdfdi.o)
 .text          0x08001cc0        0x0 C:/arm-gnu-toolchain-15.2.rel1-mingw-w64-i686-arm-none-eabi/bin/../lib/gcc/arm-none-eabi/15.2.1/thumb/v7e-m+fp/hard\libgcc.a(_fixunsdfdi.o)
 .text          0x08001cc0        0x0 C:/arm-gnu-toolchain-15.2.rel1-mingw-w64-i686-arm-none-eabi/bin/../lib/gcc/arm-none-eabi/15.2.1/../../../../arm-none-eabi/lib/thumb/v7e-m+fp/hard\libnosys.a(close.o)
 .text          0x08001cc0        0x0 C:/arm-gnu-toolchain-15.2.rel1-mingw-w64-i686-arm-none-eabi/bin/../lib/gcc/arm-none-eabi/15.2.1/../../../../arm-none-eabi/lib/thumb/v7e-m+fp/hard\libnosys.a(fstat.o)
 .text          0x08001cc0        0x0 C:/arm-gnu-toolchain-15.2.rel1-mingw-w64-i686-arm-none-eabi/bin/../lib/gcc/arm-none-eabi/15.2.1/../../../../arm-none-eabi/lib/thumb/v7e-m+fp/hard\libnosys.a(getpid.o)
 .text          0x08001cc0        0x0 C:/arm-gnu-toolchain-15.2.rel1-mingw-w64-i686-arm-none-eabi/bin/../lib/gcc/arm-none-eabi/15.2.1/../../../../arm-none-eabi/lib/thumb/v7e-m+fp/hard\libnosys.a(isatty.o)
 .text          0x08001cc0        0x0 C:/arm-gnu-toolchain-15.2.rel1-mingw-w64-i686-arm-none-eabi/bin/../lib/gcc/arm-none-eabi/15.2.1/../../../../arm-none-eabi/lib/thumb/v7e-m+fp/hard\libnosys.a(kill.o)
 .text          0x08001cc0        0x0 C:/arm-gnu-toolchain-15.2.rel1-mingw-w64-i686-arm-none-eabi/bin/../lib/gcc/arm-none-eabi/15.2.1/../../../../arm-none-eabi/lib/thumb/v7e-m+fp/hard\libnosys.a(lseek.o)
 .text          0x08001cc0        0x0 C:/arm-gnu-toolchain-15.2.rel1-mingw-w64-i686-arm-none-eabi/bin/../lib/gcc/arm-none-eabi/15.2.1/../../../../arm-none-eabi/lib/thumb/v7e-m+fp/hard\libnosys.a(read.o)
 .text          0x08001cc0        0x0 C:/arm-gnu-toolchain-15.2.rel1-mingw-w64-i686-arm-none-eabi/bin/../lib/gcc/arm-none-eabi/15.2.1/../../../../arm-none-eabi/lib/thumb/v7e-m+fp/hard\libnosys.a(sbrk.o)
 .text          0x08001cc0        0x0 C:/arm-gnu-toolchain-15.2.rel1-mingw-w64-i686-arm-none-eabi/bin/../lib/gcc/arm-none-eabi/15.2.1/../../../../arm-none-eabi/lib/thumb/v7e-m+fp/hard\libnosys.a(write.o)
 .text          0x08001cc0        0x0 C:/arm-gnu-toolchain-15.2.rel1-mingw-w64-i686-arm-none-eabi/bin/../lib/gcc/arm-none-eabi/15.2.1/../../../../arm-none-eabi/lib/thumb/v7e-m+fp/hard\libnosys.a(_exit.o)
 *(.text.*)
 .text.__cvt    0x08001cc0       0xbe C:/arm-gnu-toolchain-15.2.rel1-mingw-w64-i686-arm-none-eabi/bin/../lib/gcc/arm-none-eabi/15.2.1/../../../../arm-none-eabi/lib/thumb/v7e-m+fp/hard\libc_nano.a(libc_a-nano-vfprintf_float.o)
                0x08001cc0                __cvt
 .text.__exponent
                0x08001d7e       0x76 C:/arm-gnu-toolchain-15.2.rel1-mingw-w64-i686-arm-none-eabi/bin/../lib/gcc/arm-none-eabi/15.2.1/../../../../arm-none-eabi/lib/thumb/v7e-m+fp/hard\libc_nano.a(libc_a-nano-vfprintf_float.o)
                0x08001d7e                __exponent
 .text._printf_float
                0x08001df4      0x448 C:/arm-gnu-toolchain-15.2.rel1-mingw-w64-i686-arm-none-eabi/bin/../lib/gcc/arm-none-eabi/15.2.1/../../../../arm-none-eabi/lib/thumb/v7e-m+fp/hard\libc_nano.a(libc_a-nano-vfprintf_float.o)
                0x08001df4                _printf_float
 .text._printf_common
                0x0800223c       0xea C:/arm-gnu-toolchain-15.2.rel1-mingw-w64-i686-arm-none-eabi/bin/../lib/gcc/arm-none-eabi/15.2.1/../../../../arm-none-eabi/lib/thumb/v7e-m+fp/hard\libc_nano.a(libc_a-nano-vfprintf_i.o)
                0x0800223c                _printf_common
 *fill*         0x08002326        0x2 
 .text._printf_i
                0x08002328      0x254 C:/arm-gnu-toolchain-15.2.rel1-mingw-w64-i686-arm-none-eabi/bin/../lib/gcc/arm-none-eabi/15.2.1/../../../../arm-none-eabi/lib/thumb/v7e-m+fp/hard\libc_nano.a(libc_a-nano-vfprintf_i.o)
                0x08002328                _printf_i
 .text._scanf_float
                0x0800257c      0x418 C:/arm-gnu-toolchain-15.2.rel1-mingw-w64-i686-arm-none-eabi/bin/../lib/gcc/arm-none-eabi/15.2.1/../../../../arm-none-eabi/lib/thumb/v7e-m+fp/hard\libc_nano.a(libc_a-nano-vfscanf_float.o)
                0x0800257c                _scanf_float
 .text._sprintf_r
                0x08002994       0x3c C:/arm-gnu-toolchain-15.2.rel1-mingw-w64-i686-arm-none-eabi/bin/../lib/gcc/arm-none-eabi/15.2.1/../../../../arm-none-eabi/lib/thumb/v7e-m+fp/hard\libc_nano.a(libc_a-sprintf.o)
                0x08002994                _sprintf_r
                0x08002994                _siprintf_r
 .text.sprintf  0x080029d0       0x44 C:/arm-gnu-toolchain-15.2.rel1-mingw-w64-i686-arm-none-eabi/bin/../lib/gcc/arm-none-eabi/15.2.1/../../../../arm-none-eabi/lib/thumb/v7e-m+fp/hard\libc_nano.a(libc_a-sprintf.o)
                0x080029d0                siprintf
                0x080029d0                sprintf
 .text.__localeconv_l
                0x08002a14        0x4 C:/arm-gnu-toolchain-15.2.rel1-mingw-w64-i686-arm-none-eabi/bin/../lib/gcc/arm-none-eabi/15.2.1/../../../../arm-none-eabi/lib/thumb/v7e-m+fp/hard\libc_nano.a(libc_a-localeconv.o)
                0x08002a14                __localeconv_l
 .text._localeconv_r
                0x08002a18        0x8 C:/arm-gnu-toolchain-15.2.rel1-mingw-w64-i686-arm-none-eabi/bin/../lib/gcc/arm-none-eabi/15.2.1/../../../../arm-none-eabi/lib/thumb/v7e-m+fp/hard\libc_nano.a(libc_a-localeconv.o)
                0x08002a18                _localeconv_r
 .text.localeconv
                0x08002a20        0x8 C:/arm-gnu-toolchain-15.2.rel1-mingw-w64-i686-arm-none-eabi/bin/../lib/gcc/arm-none-eabi/15.2.1/../../../../arm-none-eabi/lib/thumb/v7e-m+fp/hard\libc_nano.a(libc_a-localeconv.o)
                0x08002a20                localeconv
 .text.nanf     0x08002a28        0xc C:/arm-gnu-toolchain-15.2.rel1-mingw-w64-i686-arm-none-eabi/bin/../lib/gcc/arm-none-eabi/15.2.1/../../../../arm-none-eabi/lib/thumb/v7e-m+fp/hard\libc_nano.a(libm_a-sf_nan.o)
                0x08002a28                nanf
 .text.quorem   0x08002a34      0x110 C:/arm-gnu-toolchain-15.2.rel1-mingw-w64-i686-arm-none-eabi/bin/../lib/gcc/arm-none-eabi/15.2.1/../../../../arm-none-eabi/lib/thumb/v7e-m+fp/hard\libc_nano.a(libc_a-dtoa.o)
 *fill*         0x08002b44        0x4 
 .text._dtoa_r  0x08002b48      0xbac C:/arm-gnu-toolchain-15.2.rel1-mingw-w64-i686-arm-none-eabi/bin/../lib/gcc/arm-none-eabi/15.2.1/../../../../arm-none-eabi/lib/thumb/v7e-m+fp/hard\libc_nano.a(libc_a-dtoa.o)
                0x08002b48                _dtoa_r
 .text.malloc   0x080036f4       0x10 C:/arm-gnu-toolchain-15.2.rel1-mingw-w64-i686-arm-none-eabi/bin/../lib/gcc/arm-none-eabi/15.2.1/../../../../arm-none-eabi/lib/thumb/v7e-m+fp/hard\libc_nano.a(libc_a-malloc.o)
                0x080036f4                malloc
 .text.free     0x08003704       0x10 C:/arm-gnu-toolchain-15.2.rel1-mingw-w64-i686-arm-none-eabi/bin/../lib/gcc/arm-none-eabi/15.2.1/../../../../arm-none-eabi/lib/thumb/v7e-m+fp/hard\libc_nano.a(libc_a-malloc.o)
                0x08003704                free
 .text.sbrk_aligned
                0x08003714       0x44 C:/arm-gnu-toolchain-15.2.rel1-mingw-w64-i686-arm-none-eabi/bin/../lib/gcc/arm-none-eabi/15.2.1/../../../../arm-none-eabi/lib/thumb/v7e-m+fp/hard\libc_nano.a(libc_a-mallocr.o)
 .text._malloc_r
                0x08003758       0xf8 C:/arm-gnu-toolchain-15.2.rel1-mingw-w64-i686-arm-none-eabi/bin/../lib/gcc/arm-none-eabi/15.2.1/../../../../arm-none-eabi/lib/thumb/v7e-m+fp/hard\libc_nano.a(libc_a-mallocr.o)
                0x08003758                _malloc_r
 .text.__malloc_lock
                0x08003850        0xc C:/arm-gnu-toolchain-15.2.rel1-mingw-w64-i686-arm-none-eabi/bin/../lib/gcc/arm-none-eabi/15.2.1/../../../../arm-none-eabi/lib/thumb/v7e-m+fp/hard\libc_nano.a(libc_a-mlock.o)
                0x08003850                __malloc_lock
 .text.__malloc_unlock
                0x0800385c        0xc C:/arm-gnu-toolchain-15.2.rel1-mingw-w64-i686-arm-none-eabi/bin/../lib/gcc/arm-none-eabi/15.2.1/../../../../arm-none-eabi/lib/thumb/v7e-m+fp/hard\libc_nano.a(libc_a-mlock.o)
                0x0800385c                __malloc_unlock
 .text._Balloc  0x08003868       0x7c C:/arm-gnu-toolchain-15.2.rel1-mingw-w64-i686-arm-none-eabi/bin/../lib/gcc/arm-none-eabi/15.2.1/../../../../arm-none-eabi/lib/thumb/v7e-m+fp/hard\libc_nano.a(libc_a-mprec.o)
                0x08003868                _Balloc
 .text._Bfree   0x080038e4       0x44 C:/arm-gnu-toolchain-15.2.rel1-mingw-w64-i686-arm-none-eabi/bin/../lib/gcc/arm-none-eabi/15.2.1/../../../../arm-none-eabi/lib/thumb/v7e-m+fp/hard\libc_nano.a(libc_a-mprec.o)
                0x080038e4                _Bfree
 .text.__multadd
                0x08003928       0x8c C:/arm-gnu-toolchain-15.2.rel1-mingw-w64-i686-arm-none-eabi/bin/../lib/gcc/arm-none-eabi/15.2.1/../../../../arm-none-eabi/lib/thumb/v7e-m+fp/hard\libc_nano.a(libc_a-mprec.o)
                0x08003928                __multadd
 .text.__s2b    0x080039b4       0x94 C:/arm-gnu-toolchain-15.2.rel1-mingw-w64-i686-arm-none-eabi/bin/../lib/gcc/arm-none-eabi/15.2.1/../../../../arm-none-eabi/lib/thumb/v7e-m+fp/hard\libc_nano.a(libc_a-mprec.o)
                0x080039b4                __s2b
 .text.__hi0bits
                0x08003a48       0x3c C:/arm-gnu-toolchain-15.2.rel1-mingw-w64-i686-arm-none-eabi/bin/../lib/gcc/arm-none-eabi/15.2.1/../../../../arm-none-eabi/lib/thumb/v7e-m+fp/hard\libc_nano.a(libc_a-mprec.o)
                0x08003a48                __hi0bits
 .text.__lo0bits
                0x08003a84       0x5c C:/arm-gnu-toolchain-15.2.rel1-mingw-w64-i686-arm-none-eabi/bin/../lib/gcc/arm-none-eabi/15.2.1/../../../../arm-none-eabi/lib/thumb/v7e-m+fp/hard\libc_nano.a(libc_a-mprec.o)
                0x08003a84                __lo0bits
 .text.__i2b    0x08003ae0       0x2c C:/arm-gnu-toolchain-15.2.rel1-mingw-w64-i686-arm-none-eabi/bin/../lib/gcc/arm-none-eabi/15.2.1/../../../../arm-none-eabi/lib/thumb/v7e-m+fp/hard\libc_nano.a(libc_a-mprec.o)
                0x08003ae0                __i2b
 .text.__multiply
                0x08003b0c      0x16c C:/arm-gnu-toolchain-15.2.rel1-mingw-w64-i686-arm-none-eabi/bin/../lib/gcc/arm-none-eabi/15.2.1/../../../../arm-none-eabi/lib/thumb/v7e-m+fp/hard\libc_nano.a(libc_a-mprec.o)
                0x08003b0c                __multiply
 .text.__pow5mult
                0x08003c78       0xb8 C:/arm-gnu-toolchain-15.2.rel1-mingw-w64-i686-arm-none-eabi/bin/../lib/gcc/arm-none-eabi/15.2.1/../../../../arm-none-eabi/lib/thumb/v7e-m+fp/hard\libc_nano.a(libc_a-mprec.o)
                0x08003c78                __pow5mult
 .text.__lshift
                0x08003d30       0xe4 C:/arm-gnu-toolchain-15.2.rel1-mingw-w64-i686-arm-none-eabi/bin/../lib/gcc/arm-none-eabi/15.2.1/../../../../arm-none-eabi/lib/thumb/v7e-m+fp/hard\libc_nano.a(libc_a-mprec.o)
                0x08003d30                __lshift
 .text.__mcmp   0x08003e14       0x36 C:/arm-gnu-toolchain-15.2.rel1-mingw-w64-i686-arm-none-eabi/bin/../lib/gcc/arm-none-eabi/15.2.1/../../../../arm-none-eabi/lib/thumb/v7e-m+fp/hard\libc_nano.a(libc_a-mprec.o)
                0x08003e14                __mcmp
 *fill*         0x08003e4a        0x2 
 .text.__mdiff  0x08003e4c      0x130 C:/arm-gnu-toolchain-15.2.rel1-mingw-w64-i686-arm-none-eabi/bin/../lib/gcc/arm-none-eabi/15.2.1/../../../../arm-none-eabi/lib/thumb/v7e-m+fp/hard\libc_nano.a(libc_a-mprec.o)
                0x08003e4c                __mdiff
 .text.__ulp    0x08003f7c       0x4c C:/arm-gnu-toolchain-15.2.rel1-mingw-w64-i686-arm-none-eabi/bin/../lib/gcc/arm-none-eabi/15.2.1/../../../../arm-none-eabi/lib/thumb/v7e-m+fp/hard\libc_nano.a(libc_a-mprec.o)
                0x08003f7c                __ulp
 .text.__b2d    0x08003fc8       0x92 C:/arm-gnu-toolchain-15.2.rel1-mingw-w64-i686-arm-none-eabi/bin/../lib/gcc/arm-none-eabi/15.2.1/../../../../arm-none-eabi/lib/thumb/v7e-m+fp/hard\libc_nano.a(libc_a-mprec.o)
                0x08003fc8                __b2d
 *fill*         0x0800405a        0x2 
 .text.__d2b    0x0800405c       0xb0 C:/arm-gnu-toolchain-15.2.rel1-mingw-w64-i686-arm-none-eabi/bin/../lib/gcc/arm-none-eabi/15.2.1/../../../../arm-none-eabi/lib/thumb/v7e-m+fp/hard\libc_nano.a(libc_a-mprec.o)
                0x0800405c                __d2b
 .text.__ratio  0x0800410c       0x62 C:/arm-gnu-toolchain-15.2.rel1-mingw-w64-i686-arm-none-eabi/bin/../lib/gcc/arm-none-eabi/15.2.1/../../../../arm-none-eabi/lib/thumb/v7e-m+fp/hard\libc_nano.a(libc_a-mprec.o)
                0x0800410c                __ratio
 *fill*         0x0800416e        0x2 
 .text._mprec_log10
                0x08004170       0x3c C:/arm-gnu-toolchain-15.2.rel1-mingw-w64-i686-arm-none-eabi/bin/../lib/gcc/arm-none-eabi/15.2.1/../../../../arm-none-eabi/lib/thumb/v7e-m+fp/hard\libc_nano.a(libc_a-mprec.o)
                0x08004170                _mprec_log10
 .text.__copybits
                0x080041ac       0x46 C:/arm-gnu-toolchain-15.2.rel1-mingw-w64-i686-arm-none-eabi/bin/../lib/gcc/arm-none-eabi/15.2.1/../../../../arm-none-eabi/lib/thumb/v7e-m+fp/hard\libc_nano.a(libc_a-mprec.o)
                0x080041ac                __copybits
 .text.__any_on
                0x080041f2       0x42 C:/arm-gnu-toolchain-15.2.rel1-mingw-w64-i686-arm-none-eabi/bin/../lib/gcc/arm-none-eabi/15.2.1/../../../../arm-none-eabi/lib/thumb/v7e-m+fp/hard\libc_nano.a(libc_a-mprec.o)
                0x080041f2                __any_on
 .text.sulp     0x08004234       0x3c C:/arm-gnu-toolchain-15.2.rel1-mingw-w64-i686-arm-none-eabi/bin/../lib/gcc/arm-none-eabi/15.2.1/../../../../arm-none-eabi/lib/thumb/v7e-m+fp/hard\libc_nano.a(libc_a-strtod.o)
 .text._strtod_l
                0x08004270      0xbe0 C:/arm-gnu-toolchain-15.2.rel1-mingw-w64-i686-arm-none-eabi/bin/../lib/gcc/arm-none-eabi/15.2.1/../../../../arm-none-eabi/lib/thumb/v7e-m+fp/hard\libc_nano.a(libc_a-strtod.o)
                0x08004270                _strtod_l
 .text._strtod_r
                0x08004e50        0xc C:/arm-gnu-toolchain-15.2.rel1-mingw-w64-i686-arm-none-eabi/bin/../lib/gcc/arm-none-eabi/15.2.1/../../../../arm-none-eabi/lib/thumb/v7e-m+fp/hard\libc_nano.a(libc_a-strtod.o)
                0x08004e50                _strtod_r
 .text.strtod_l
                0x08004e5c       0x14 C:/arm-gnu-toolchain-15.2.rel1-mingw-w64-i686-arm-none-eabi/bin/../lib/gcc/arm-none-eabi/15.2.1/../../../../arm-none-eabi/lib/thumb/v7e-m+fp/hard\libc_nano.a(libc_a-strtod.o)
                0x08004e5c                strtod_l
 .text.strtod   0x08004e70       0x18 C:/arm-gnu-toolchain-15.2.rel1-mingw-w64-i686-arm-none-eabi/bin/../lib/gcc/arm-none-eabi/15.2.1/../../../../arm-none-eabi/lib/thumb/v7e-m+fp/hard\libc_nano.a(libc_a-strtod.o)
                0x08004e70                strtod
 .text.strtof_l
                0x08004e88       0xb0 C:/arm-gnu-toolchain-15.2.rel1-mingw-w64-i686-arm-none-eabi/bin/../lib/gcc/arm-none-eabi/15.2.1/../../../../arm-none-eabi/lib/thumb/v7e-m+fp/hard\libc_nano.a(libc_a-strtod.o)
                0x08004e88                strtof_l
 .text.strtof   0x08004f38       0xc8 C:/arm-gnu-toolchain-15.2.rel1-mingw-w64-i686-arm-none-eabi/bin/../lib/gcc/arm-none-eabi/15.2.1/../../../../arm-none-eabi/lib/thumb/v7e-m+fp/hard\libc_nano.a(libc_a-strtod.o)
                0x08004f38                strtof
 .text._strtol_l.isra.0
                0x08005000       0xf4 C:/arm-gnu-toolchain-15.2.rel1-mingw-w64-i686-arm-none-eabi/bin/../lib/gcc/arm-none-eabi/15.2.1/../../../../arm-none-eabi/lib/thumb/v7e-m+fp/hard\libc_nano.a(libc_a-strtol.o)
 .text._strtol_r
                0x080050f4        0x4 C:/arm-gnu-toolchain-15.2.rel1-mingw-w64-i686-arm-none-eabi/bin/../lib/gcc/arm-none-eabi/15.2.1/../../../../arm-none-eabi/lib/thumb/v7e-m+fp/hard\libc_nano.a(libc_a-strtol.o)
                0x080050f4                _strtol_r
 .text.strtol_l
                0x080050f8       0x14 C:/arm-gnu-toolchain-15.2.rel1-mingw-w64-i686-arm-none-eabi/bin/../lib/gcc/arm-none-eabi/15.2.1/../../../../arm-none-eabi/lib/thumb/v7e-m+fp/hard\libc_nano.a(libc_a-strtol.o)
                0x080050f8                strtol_l
 .text.strtol   0x0800510c       0x14 C:/arm-gnu-toolchain-15.2.rel1-mingw-w64-i686-arm-none-eabi/bin/../lib/gcc/arm-none-eabi/15.2.1/../../../../arm-none-eabi/lib/thumb/v7e-m+fp/hard\libc_nano.a(libc_a-strtol.o)
                0x0800510c                strtol
 .text.__ssputs_r
                0x08005120       0xc0 C:/arm-gnu-toolchain-15.2.rel1-mingw-w64-i686-arm-none-eabi/bin/../lib/gcc/arm-none-eabi/15.2.1/../../../../arm-none-eabi/lib/thumb/v7e-m+fp/hard\libc_nano.a(libc_a-nano-svfprintf.o)
                0x08005120                __ssputs_r
 .text.__ssprint_r
                0x080051e0       0xf4 C:/arm-gnu-toolchain-15.2.rel1-mingw-w64-i686-arm-none-eabi/bin/../lib/gcc/arm-none-eabi/15.2.1/../../../../arm-none-eabi/lib/thumb/v7e-m+fp/hard\libc_nano.a(libc_a-nano-svfprintf.o)
                0x080051e0                __ssprint_r
 .text._svfprintf_r
                0x080052d4      0x1f0 C:/arm-gnu-toolchain-15.2.rel1-mingw-w64-i686-arm-none-eabi/bin/../lib/gcc/arm-none-eabi/15.2.1/../../../../arm-none-eabi/lib/thumb/v7e-m+fp/hard\libc_nano.a(libc_a-nano-svfprintf.o)
                0x080052d4                _svfiprintf_r
                0x080052d4                _svfprintf_r
 .text.memmove  0x080054c4       0x32 C:/arm-gnu-toolchain-15.2.rel1-mingw-w64-i686-arm-none-eabi/bin/../lib/gcc/arm-none-eabi/15.2.1/../../../../arm-none-eabi/lib/thumb/v7e-m+fp/hard\libc_nano.a(libc_a-memmove.o)
                0x080054c4                memmove
 .text.strncmp  0x080054f6       0x24 C:/arm-gnu-toolchain-15.2.rel1-mingw-w64-i686-arm-none-eabi/bin/../lib/gcc/arm-none-eabi/15.2.1/../../../../arm-none-eabi/lib/thumb/v7e-m+fp/hard\libc_nano.a(libc_a-strncmp.o)
                0x080054f6                strncmp
 *fill*         0x0800551a        0x2 
 .text._setlocale_r
                0x0800551c       0x3c C:/arm-gnu-toolchain-15.2.rel1-mingw-w64-i686-arm-none-eabi/bin/../lib/gcc/arm-none-eabi/15.2.1/../../../../arm-none-eabi/lib/thumb/v7e-m+fp/hard\libc_nano.a(libc_a-locale.o)
                0x0800551c                _setlocale_r
 .text.__locale_mb_cur_max
                0x08005558        0xc C:/arm-gnu-toolchain-15.2.rel1-mingw-w64-i686-arm-none-eabi/bin/../lib/gcc/arm-none-eabi/15.2.1/../../../../arm-none-eabi/lib/thumb/v7e-m+fp/hard\libc_nano.a(libc_a-locale.o)
                0x08005558                __locale_mb_cur_max
 .text.setlocale
                0x08005564       0x10 C:/arm-gnu-toolchain-15.2.rel1-mingw-w64-i686-arm-none-eabi/bin/../lib/gcc/arm-none-eabi/15.2.1/../../../../arm-none-eabi/lib/thumb/v7e-m+fp/hard\libc_nano.a(libc_a-locale.o)
                0x08005564                setlocale
 .text._sbrk_r  0x08005574       0x20 C:/arm-gnu-toolchain-15.2.rel1-mingw-w64-i686-arm-none-eabi/bin/../lib/gcc/arm-none-eabi/15.2.1/../../../../arm-none-eabi/lib/thumb/v7e-m+fp/hard\libc_nano.a(libc_a-sbrkr.o)
                0x08005574                _sbrk_r
 .text.__errno  0x08005594        0xc C:/arm-gnu-toolchain-15.2.rel1-mingw-w64-i686-arm-none-eabi/bin/../lib/gcc/arm-none-eabi/15.2.1/../../../../arm-none-eabi/lib/thumb/v7e-m+fp/hard\libc_nano.a(libc_a-errno.o)
                0x08005594                __errno
 .text.__retarget_lock_init
                0x080055a0        0x2 C:/arm-gnu-toolchain-15.2.rel1-mingw-w64-i686-arm-none-eabi/bin/../lib/gcc/arm-none-eabi/15.2.1/../../../../arm-none-eabi/lib/thumb/v7e-m+fp/hard\libc_nano.a(libc_a-lock.o)
                0x080055a0                __retarget_lock_init
 .text.__retarget_lock_init_recursive
                0x080055a2        0x2 C:/arm-gnu-toolchain-15.2.rel1-mingw-w64-i686-arm-none-eabi/bin/../lib/gcc/arm-none-eabi/15.2.1/../../../../arm-none-eabi/lib/thumb/v7e-m+fp/hard\libc_nano.a(libc_a-lock.o)
                0x080055a2                __retarget_lock_init_recursive
 .text.__retarget_lock_close
                0x080055a4        0x2 C:/arm-gnu-toolchain-15.2.rel1-mingw-w64-i686-arm-none-eabi/bin/../lib/gcc/arm-none-eabi/15.2.1/../../../../arm-none-eabi/lib/thumb/v7e-m+fp/hard\libc_nano.a(libc_a-lock.o)
                0x080055a4                __retarget_lock_close
 .text.__retarget_lock_close_recursive
                0x080055a6        0x2 C:/arm-gnu-toolchain-15.2.rel1-mingw-w64-i686-arm-none-eabi/bin/../lib/gcc/arm-none-eabi/15.2.1/../../../../arm-none-eabi/lib/thumb/v7e-m+fp/hard\libc_nano.a(libc_a-lock.o)
                0x080055a6                __retarget_lock_close_recursive
 .text.__retarget_lock_acquire
                0x080055a8        0x2 C:/arm-gnu-toolchain-15.2.rel1-mingw-w64-i686-arm-none-eabi/bin/../lib/gcc/arm-none-eabi/15.2.1/../../../../arm-none-eabi/lib/thumb/v7e-m+fp/hard\libc_nano.a(libc_a-lock.o)
                0x080055a8                __retarget_lock_acquire
 .text.__retarget_lock_acquire_recursive
                0x080055aa        0x2 C:/arm-gnu-toolchain-15.2.rel1-mingw-w64-i686-arm-none-eabi/bin/../lib/gcc/arm-none-eabi/15.2.1/../../../../arm-none-eabi/lib/thumb/v7e-m+fp/hard\libc_nano.a(libc_a-lock.o)
                0x080055aa                __retarget_lock_acquire_recursive
 .text.__retarget_lock_try_acquire
                0x080055ac        0x4 C:/arm-gnu-toolchain-15.2.rel1-mingw-w64-i686-arm-none-eabi/bin/../lib/gcc/arm-none-eabi/15.2.1/../../../../arm-none-eabi/lib/thumb/v7e-m+fp/hard\libc_nano.a(libc_a-lock.o)
                0x080055ac                __retarget_lock_try_acquire
 .text.__retarget_lock_try_acquire_recursive
                0x080055b0        0x4 C:/arm-gnu-toolchain-15.2.rel1-mingw-w64-i686-arm-none-eabi/bin/../lib/gcc/arm-none-eabi/15.2.1/../../../../arm-none-eabi/lib/thumb/v7e-m+fp/hard\libc_nano.a(libc_a-lock.o)
                0x080055b0                __retarget_lock_try_acquire_recursive
 .text.__retarget_lock_release
                0x080055b4        0x2 C:/arm-gnu-toolchain-15.2.rel1-mingw-w64-i686-arm-none-eabi/bin/../lib/gcc/arm-none-eabi/15.2.1/../../../../arm-none-eabi/lib/thumb/v7e-m+fp/hard\libc_nano.a(libc_a-lock.o)
                0x080055b4                __retarget_lock_release
 .text.__retarget_lock_release_recursive
                0x080055b6        0x2 C:/arm-gnu-toolchain-15.2.rel1-mingw-w64-i686-arm-none-eabi/bin/../lib/gcc/arm-none-eabi/15.2.1/../../../../arm-none-eabi/lib/thumb/v7e-m+fp/hard\libc_nano.a(libc_a-lock.o)
                0x080055b6                __retarget_lock_release_recursive
 .text.memcpy   0x080055b8       0x1c C:/arm-gnu-toolchain-15.2.rel1-mingw-w64-i686-arm-none-eabi/bin/../lib/gcc/arm-none-eabi/15.2.1/../../../../arm-none-eabi/lib/thumb/v7e-m+fp/hard\libc_nano.a(libc_a-memcpy-stub.o)
                0x080055b8                memcpy
 *fill*         0x080055d4        0x4 
 .text.nan      0x080055d8       0x10 C:/arm-gnu-toolchain-15.2.rel1-mingw-w64-i686-arm-none-eabi/bin/../lib/gcc/arm-none-eabi/15.2.1/../../../../arm-none-eabi/lib/thumb/v7e-m+fp/hard\libc_nano.a(libm_a-s_nan.o)
                0x080055d8                nan
 .text.__assert_func
                0x080055e8       0x3c C:/arm-gnu-toolchain-15.2.rel1-mingw-w64-i686-arm-none-eabi/bin/../lib/gcc/arm-none-eabi/15.2.1/../../../../arm-none-eabi/lib/thumb/v7e-m+fp/hard\libc_nano.a(libc_a-assert.o)
                0x080055e8                __assert_func
 .text.__assert
                0x08005624        0xa C:/arm-gnu-toolchain-15.2.rel1-mingw-w64-i686-arm-none-eabi/bin/../lib/gcc/arm-none-eabi/15.2.1/../../../../arm-none-eabi/lib/thumb/v7e-m+fp/hard\libc_nano.a(libc_a-assert.o)
                0x08005624                __assert
 .text._calloc_r
                0x0800562e       0x28 C:/arm-gnu-toolchain-15.2.rel1-mingw-w64-i686-arm-none-eabi/bin/../lib/gcc/arm-none-eabi/15.2.1/../../../../arm-none-eabi/lib/thumb/v7e-m+fp/hard\libc_nano.a(libc_a-callocr.o)
                0x0800562e                _calloc_r
 *fill*         0x08005656        0x2 
 .text._free_r  0x08005658       0x98 C:/arm-gnu-toolchain-15.2.rel1-mingw-w64-i686-arm-none-eabi/bin/../lib/gcc/arm-none-eabi/15.2.1/../../../../arm-none-eabi/lib/thumb/v7e-m+fp/hard\libc_nano.a(libc_a-freer.o)
                0x08005658                _free_r
 .text.rshift   0x080056f0       0xa0 C:/arm-gnu-toolchain-15.2.rel1-mingw-w64-i686-arm-none-eabi/bin/../lib/gcc/arm-none-eabi/15.2.1/../../../../arm-none-eabi/lib/thumb/v7e-m+fp/hard\libc_nano.a(libc_a-gdtoa-gethex.o)
 .text.__hexdig_fun
                0x08005790       0x2a C:/arm-gnu-toolchain-15.2.rel1-mingw-w64-i686-arm-none-eabi/bin/../lib/gcc/arm-none-eabi/15.2.1/../../../../arm-none-eabi/lib/thumb/v7e-m+fp/hard\libc_nano.a(libc_a-gdtoa-gethex.o)
                0x08005790                __hexdig_fun
 *fill*         0x080057ba        0x2 
 .text.__gethex
                0x080057bc      0x418 C:/arm-gnu-toolchain-15.2.rel1-mingw-w64-i686-arm-none-eabi/bin/../lib/gcc/arm-none-eabi/15.2.1/../../../../arm-none-eabi/lib/thumb/v7e-m+fp/hard\libc_nano.a(libc_a-gdtoa-gethex.o)
                0x080057bc                __gethex
 .text.L_shift  0x08005bd4       0x24 C:/arm-gnu-toolchain-15.2.rel1-mingw-w64-i686-arm-none-eabi/bin/../lib/gcc/arm-none-eabi/15.2.1/../../../../arm-none-eabi/lib/thumb/v7e-m+fp/hard\libc_nano.a(libc_a-gdtoa-hexnan.o)
 .text.__match  0x08005bf8       0x2a C:/arm-gnu-toolchain-15.2.rel1-mingw-w64-i686-arm-none-eabi/bin/../lib/gcc/arm-none-eabi/15.2.1/../../../../arm-none-eabi/lib/thumb/v7e-m+fp/hard\libc_nano.a(libc_a-gdtoa-hexnan.o)
                0x08005bf8                __match
 .text.__hexnan
                0x08005c22      0x138 C:/arm-gnu-toolchain-15.2.rel1-mingw-w64-i686-arm-none-eabi/bin/../lib/gcc/arm-none-eabi/15.2.1/../../../../arm-none-eabi/lib/thumb/v7e-m+fp/hard\libc_nano.a(libc_a-gdtoa-hexnan.o)
                0x08005c22                __hexnan
 *fill*         0x08005d5a        0x2 
 .text._mbtowc_r
                0x08005d5c       0x10 C:/arm-gnu-toolchain-15.2.rel1-mingw-w64-i686-arm-none-eabi/bin/../lib/gcc/arm-none-eabi/15.2.1/../../../../arm-none-eabi/lib/thumb/v7e-m+fp/hard\libc_nano.a(libc_a-mbtowc_r.o)
                0x08005d5c                _mbtowc_r
 .text.__ascii_mbtowc
                0x08005d6c       0x24 C:/arm-gnu-toolchain-15.2.rel1-mingw-w64-i686-arm-none-eabi/bin/../lib/gcc/arm-none-eabi/15.2.1/../../../../arm-none-eabi/lib/thumb/v7e-m+fp/hard\libc_nano.a(libc_a-mbtowc_r.o)
                0x08005d6c                __ascii_mbtowc
 .text._realloc_r
                0x08005d90       0x5c C:/arm-gnu-toolchain-15.2.rel1-mingw-w64-i686-arm-none-eabi/bin/../lib/gcc/arm-none-eabi/15.2.1/../../../../arm-none-eabi/lib/thumb/v7e-m+fp/hard\libc_nano.a(libc_a-reallocr.o)
                0x08005d90                _realloc_r
 .text._wctomb_r
                0x08005dec       0x10 C:/arm-gnu-toolchain-15.2.rel1-mingw-w64-i686-arm-none-eabi/bin/../lib/gcc/arm-none-eabi/15.2.1/../../../../arm-none-eabi/lib/thumb/v7e-m+fp/hard\libc_nano.a(libc_a-wctomb_r.o)
                0x08005dec                _wctomb_r
 .text.__ascii_wctomb
                0x08005dfc       0x1a C:/arm-gnu-toolchain-15.2.rel1-mingw-w64-i686-arm-none-eabi/bin/../lib/gcc/arm-none-eabi/15.2.1/../../../../arm-none-eabi/lib/thumb/v7e-m+fp/hard\libc_nano.a(libc_a-wctomb_r.o)
                0x08005dfc                __ascii_wctomb
 .text._fprintf_r
                0x08005e16       0x1a C:/arm-gnu-toolchain-15.2.rel1-mingw-w64-i686-arm-none-eabi/bin/../lib/gcc/arm-none-eabi/15.2.1/../../../../arm-none-eabi/lib/thumb/v7e-m+fp/hard\libc_nano.a(libc_a-fprintf.o)
                0x08005e16                _fiprintf_r
                0x08005e16                _fprintf_r
 .text.fprintf  0x08005e30       0x24 C:/arm-gnu-toolchain-15.2.rel1-mingw-w64-i686-arm-none-eabi/bin/../lib/gcc/arm-none-eabi/15.2.1/../../../../arm-none-eabi/lib/thumb/v7e-m+fp/hard\libc_nano.a(libc_a-fprintf.o)
                0x08005e30                fiprintf
                0x08005e30                fprintf
 .text.memset   0x08005e54       0x10 C:/arm-gnu-toolchain-15.2.rel1-mingw-w64-i686-arm-none-eabi/bin/../lib/gcc/arm-none-eabi/15.2.1/../../../../arm-none-eabi/lib/thumb/v7e-m+fp/hard\libc_nano.a(libc_a-memset.o)
                0x08005e54                memset
 .text._reclaim_reent
                0x08005e64       0xbc C:/arm-gnu-toolchain-15.2.rel1-mingw-w64-i686-arm-none-eabi/bin/../lib/gcc/arm-none-eabi/15.2.1/../../../../arm-none-eabi/lib/thumb/v7e-m+fp/hard\libc_nano.a(libc_a-reent.o)
                0x08005e64                _reclaim_reent
 .text.abort    0x08005f20        0xe C:/arm-gnu-toolchain-15.2.rel1-mingw-w64-i686-arm-none-eabi/bin/../lib/gcc/arm-none-eabi/15.2.1/../../../../arm-none-eabi/lib/thumb/v7e-m+fp/hard\libc_nano.a(libc_a-abort.o)
                0x08005f20                abort
 .text._malloc_usable_size_r
                0x08005f2e       0x10 C:/arm-gnu-toolchain-15.2.rel1-mingw-w64-i686-arm-none-eabi/bin/../lib/gcc/arm-none-eabi/15.2.1/../../../../arm-none-eabi/lib/thumb/v7e-m+fp/hard\libc_nano.a(libc_a-msizer.o)
                0x08005f2e                _malloc_usable_size_r
 .text.__sfputc_r
                0x08005f3e       0x2a C:/arm-gnu-toolchain-15.2.rel1-mingw-w64-i686-arm-none-eabi/bin/../lib/gcc/arm-none-eabi/15.2.1/../../../../arm-none-eabi/lib/thumb/v7e-m+fp/hard\libc_nano.a(libc_a-nano-vfprintf.o)
 .text.__sfputs_r
                0x08005f68       0x24 C:/arm-gnu-toolchain-15.2.rel1-mingw-w64-i686-arm-none-eabi/bin/../lib/gcc/arm-none-eabi/15.2.1/../../../../arm-none-eabi/lib/thumb/v7e-m+fp/hard\libc_nano.a(libc_a-nano-vfprintf.o)
                0x08005f68                __sfputs_r
 .text.__sprint_r
                0x08005f8c       0x1a C:/arm-gnu-toolchain-15.2.rel1-mingw-w64-i686-arm-none-eabi/bin/../lib/gcc/arm-none-eabi/15.2.1/../../../../arm-none-eabi/lib/thumb/v7e-m+fp/hard\libc_nano.a(libc_a-nano-vfprintf.o)
                0x08005f8c                __sprint_r
 *fill*         0x08005fa6        0x2 
 .text._vfprintf_r
                0x08005fa8      0x228 C:/arm-gnu-toolchain-15.2.rel1-mingw-w64-i686-arm-none-eabi/bin/../lib/gcc/arm-none-eabi/15.2.1/../../../../arm-none-eabi/lib/thumb/v7e-m+fp/hard\libc_nano.a(libc_a-nano-vfprintf.o)
                0x08005fa8                _vfprintf_r
                0x08005fa8                _vfiprintf_r
 .text.vfprintf
                0x080061d0       0x14 C:/arm-gnu-toolchain-15.2.rel1-mingw-w64-i686-arm-none-eabi/bin/../lib/gcc/arm-none-eabi/15.2.1/../../../../arm-none-eabi/lib/thumb/v7e-m+fp/hard\libc_nano.a(libc_a-nano-vfprintf.o)
                0x080061d0                vfprintf
                0x080061d0                vfiprintf
 .text.std      0x080061e4       0x6c C:/arm-gnu-toolchain-15.2.rel1-mingw-w64-i686-arm-none-eabi/bin/../lib/gcc/arm-none-eabi/15.2.1/../../../../arm-none-eabi/lib/thumb/v7e-m+fp/hard\libc_nano.a(libc_a-findfp.o)
 .text.stdio_exit_handler
                0x08006250       0x18 C:/arm-gnu-toolchain-15.2.rel1-mingw-w64-i686-arm-none-eabi/bin/../lib/gcc/arm-none-eabi/15.2.1/../../../../arm-none-eabi/lib/thumb/v7e-m+fp/hard\libc_nano.a(libc_a-findfp.o)
 .text.cleanup_stdio
                0x08006268       0x40 C:/arm-gnu-toolchain-15.2.rel1-mingw-w64-i686-arm-none-eabi/bin/../lib/gcc/arm-none-eabi/15.2.1/../../../../arm-none-eabi/lib/thumb/v7e-m+fp/hard\libc_nano.a(libc_a-findfp.o)
 .text.__fp_lock
                0x080062a8       0x18 C:/arm-gnu-toolchain-15.2.rel1-mingw-w64-i686-arm-none-eabi/bin/../lib/gcc/arm-none-eabi/15.2.1/../../../../arm-none-eabi/lib/thumb/v7e-m+fp/hard\libc_nano.a(libc_a-findfp.o)
 .text.__fp_unlock
                0x080062c0       0x18 C:/arm-gnu-toolchain-15.2.rel1-mingw-w64-i686-arm-none-eabi/bin/../lib/gcc/arm-none-eabi/15.2.1/../../../../arm-none-eabi/lib/thumb/v7e-m+fp/hard\libc_nano.a(libc_a-findfp.o)
 .text.global_stdio_init.part.0
                0x080062d8       0x40 C:/arm-gnu-toolchain-15.2.rel1-mingw-w64-i686-arm-none-eabi/bin/../lib/gcc/arm-none-eabi/15.2.1/../../../../arm-none-eabi/lib/thumb/v7e-m+fp/hard\libc_nano.a(libc_a-findfp.o)
 .text.__sfp_lock_acquire
                0x08006318        0xc C:/arm-gnu-toolchain-15.2.rel1-mingw-w64-i686-arm-none-eabi/bin/../lib/gcc/arm-none-eabi/15.2.1/../../../../arm-none-eabi/lib/thumb/v7e-m+fp/hard\libc_nano.a(libc_a-findfp.o)
                0x08006318                __sfp_lock_acquire
 .text.__sfp_lock_release
                0x08006324        0xc C:/arm-gnu-toolchain-15.2.rel1-mingw-w64-i686-arm-none-eabi/bin/../lib/gcc/arm-none-eabi/15.2.1/../../../../arm-none-eabi/lib/thumb/v7e-m+fp/hard\libc_nano.a(libc_a-findfp.o)
                0x08006324                __sfp_lock_release
 .text.__sfp    0x08006330       0xa4 C:/arm-gnu-toolchain-15.2.rel1-mingw-w64-i686-arm-none-eabi/bin/../lib/gcc/arm-none-eabi/15.2.1/../../../../arm-none-eabi/lib/thumb/v7e-m+fp/hard\libc_nano.a(libc_a-findfp.o)
                0x08006330                __sfp
 .text.__sinit  0x080063d4       0x30 C:/arm-gnu-toolchain-15.2.rel1-mingw-w64-i686-arm-none-eabi/bin/../lib/gcc/arm-none-eabi/15.2.1/../../../../arm-none-eabi/lib/thumb/v7e-m+fp/hard\libc_nano.a(libc_a-findfp.o)
                0x080063d4                __sinit
 .text.__fp_lock_all
                0x08006404       0x1c C:/arm-gnu-toolchain-15.2.rel1-mingw-w64-i686-arm-none-eabi/bin/../lib/gcc/arm-none-eabi/15.2.1/../../../../arm-none-eabi/lib/thumb/v7e-m+fp/hard\libc_nano.a(libc_a-findfp.o)
                0x08006404                __fp_lock_all
 .text.__fp_unlock_all
                0x08006420       0x1c C:/arm-gnu-toolchain-15.2.rel1-mingw-w64-i686-arm-none-eabi/bin/../lib/gcc/arm-none-eabi/15.2.1/../../../../arm-none-eabi/lib/thumb/v7e-m+fp/hard\libc_nano.a(libc_a-findfp.o)
                0x08006420                __fp_unlock_all
 .text.__sfvwrite_r
                0x0800643c      0x2a0 C:/arm-gnu-toolchain-15.2.rel1-mingw-w64-i686-arm-none-eabi/bin/../lib/gcc/arm-none-eabi/15.2.1/../../../../arm-none-eabi/lib/thumb/v7e-m+fp/hard\libc_nano.a(libc_a-fvwrite.o)
                0x0800643c                __sfvwrite_r
 .text._fwalk_sglue
                0x080066dc       0x3a C:/arm-gnu-toolchain-15.2.rel1-mingw-w64-i686-arm-none-eabi/bin/../lib/gcc/arm-none-eabi/15.2.1/../../../../arm-none-eabi/lib/thumb/v7e-m+fp/hard\libc_nano.a(libc_a-fwalk.o)
                0x080066dc                _fwalk_sglue
 .text.__sread  0x08006716       0x22 C:/arm-gnu-toolchain-15.2.rel1-mingw-w64-i686-arm-none-eabi/bin/../lib/gcc/arm-none-eabi/15.2.1/../../../../arm-none-eabi/lib/thumb/v7e-m+fp/hard\libc_nano.a(libc_a-stdio.o)
                0x08006716                __sread
 .text.__seofread
                0x08006738        0x4 C:/arm-gnu-toolchain-15.2.rel1-mingw-w64-i686-arm-none-eabi/bin/../lib/gcc/arm-none-eabi/15.2.1/../../../../arm-none-eabi/lib/thumb/v7e-m+fp/hard\libc_nano.a(libc_a-stdio.o)
                0x08006738                __seofread
 .text.__swrite
                0x0800673c       0x38 C:/arm-gnu-toolchain-15.2.rel1-mingw-w64-i686-arm-none-eabi/bin/../lib/gcc/arm-none-eabi/15.2.1/../../../../arm-none-eabi/lib/thumb/v7e-m+fp/hard\libc_nano.a(libc_a-stdio.o)
                0x0800673c                __swrite
 .text.__sseek  0x08006774       0x26 C:/arm-gnu-toolchain-15.2.rel1-mingw-w64-i686-arm-none-eabi/bin/../lib/gcc/arm-none-eabi/15.2.1/../../../../arm-none-eabi/lib/thumb/v7e-m+fp/hard\libc_nano.a(libc_a-stdio.o)
                0x08006774                __sseek
 .text.__sclose
                0x0800679a        0x8 C:/arm-gnu-toolchain-15.2.rel1-mingw-w64-i686-arm-none-eabi/bin/../lib/gcc/arm-none-eabi/15.2.1/../../../../arm-none-eabi/lib/thumb/v7e-m+fp/hard\libc_nano.a(libc_a-stdio.o)
                0x0800679a                __sclose
 .text.__swbuf_r
                0x080067a2       0x7a C:/arm-gnu-toolchain-15.2.rel1-mingw-w64-i686-arm-none-eabi/bin/../lib/gcc/arm-none-eabi/15.2.1/../../../../arm-none-eabi/lib/thumb/v7e-m+fp/hard\libc_nano.a(libc_a-wbuf.o)
                0x080067a2                __swbuf_r
 .text.__swbuf  0x0800681c       0x10 C:/arm-gnu-toolchain-15.2.rel1-mingw-w64-i686-arm-none-eabi/bin/../lib/gcc/arm-none-eabi/15.2.1/../../../../arm-none-eabi/lib/thumb/v7e-m+fp/hard\libc_nano.a(libc_a-wbuf.o)
                0x0800681c                __swbuf
 .text.__swsetup_r
                0x0800682c       0xa8 C:/arm-gnu-toolchain-15.2.rel1-mingw-w64-i686-arm-none-eabi/bin/../lib/gcc/arm-none-eabi/15.2.1/../../../../arm-none-eabi/lib/thumb/v7e-m+fp/hard\libc_nano.a(libc_a-wsetup.o)
                0x0800682c                __swsetup_r
 .text._init_signal_r
                0x080068d4       0x28 C:/arm-gnu-toolchain-15.2.rel1-mingw-w64-i686-arm-none-eabi/bin/../lib/gcc/arm-none-eabi/15.2.1/../../../../arm-none-eabi/lib/thumb/v7e-m+fp/hard\libc_nano.a(libc_a-signal.o)
                0x080068d4                _init_signal_r
 .text._signal_r
                0x080068fc       0x30 C:/arm-gnu-toolchain-15.2.rel1-mingw-w64-i686-arm-none-eabi/bin/../lib/gcc/arm-none-eabi/15.2.1/../../../../arm-none-eabi/lib/thumb/v7e-m+fp/hard\libc_nano.a(libc_a-signal.o)
                0x080068fc                _signal_r
 .text._raise_r
                0x0800692c       0x50 C:/arm-gnu-toolchain-15.2.rel1-mingw-w64-i686-arm-none-eabi/bin/../lib/gcc/arm-none-eabi/15.2.1/../../../../arm-none-eabi/lib/thumb/v7e-m+fp/hard\libc_nano.a(libc_a-signal.o)
                0x0800692c                _raise_r
 .text.__sigtramp_r
                0x0800697c       0x48 C:/arm-gnu-toolchain-15.2.rel1-mingw-w64-i686-arm-none-eabi/bin/../lib/gcc/arm-none-eabi/15.2.1/../../../../arm-none-eabi/lib/thumb/v7e-m+fp/hard\libc_nano.a(libc_a-signal.o)
                0x0800697c                __sigtramp_r
 .text.raise    0x080069c4       0x10 C:/arm-gnu-toolchain-15.2.rel1-mingw-w64-i686-arm-none-eabi/bin/../lib/gcc/arm-none-eabi/15.2.1/../../../../arm-none-eabi/lib/thumb/v7e-m+fp/hard\libc_nano.a(libc_a-signal.o)
                0x080069c4                raise
 .text.signal   0x080069d4       0x10 C:/arm-gnu-toolchain-15.2.rel1-mingw-w64-i686-arm-none-eabi/bin/../lib/gcc/arm-none-eabi/15.2.1/../../../../arm-none-eabi/lib/thumb/v7e-m+fp/hard\libc_nano.a(libc_a-signal.o)
                0x080069d4                signal
 .text._init_signal
                0x080069e4        0xc C:/arm-gnu-toolchain-15.2.rel1-mingw-w64-i686-arm-none-eabi/bin/../lib/gcc/arm-none-eabi/15.2.1/../../../../arm-none-eabi/lib/thumb/v7e-m+fp/hard\libc_nano.a(libc_a-signal.o)
                0x080069e4                _init_signal
 .text.__sigtramp
                0x080069f0       0x10 C:/arm-gnu-toolchain-15.2.rel1-mingw-w64-i686-arm-none-eabi/bin/../lib/gcc/arm-none-eabi/15.2.1/../../../../arm-none-eabi/lib/thumb/v7e-m+fp/hard\libc_nano.a(libc_a-signal.o)
                0x080069f0                __sigtramp
 .text._close_r
                0x08006a00       0x20 C:/arm-gnu-toolchain-15.2.rel1-mingw-w64-i686-arm-none-eabi/bin/../lib/gcc/arm-none-eabi/15.2.1/../../../../arm-none-eabi/lib/thumb/v7e-m+fp/hard\libc_nano.a(libc_a-closer.o)
                0x08006a00                _close_r
 .text._lseek_r
                0x08006a20       0x24 C:/arm-gnu-toolchain-15.2.rel1-mingw-w64-i686-arm-none-eabi/bin/../lib/gcc/arm-none-eabi/15.2.1/../../../../arm-none-eabi/lib/thumb/v7e-m+fp/hard\libc_nano.a(libc_a-lseekr.o)
                0x08006a20                _lseek_r
 .text._read_r  0x08006a44       0x24 C:/arm-gnu-toolchain-15.2.rel1-mingw-w64-i686-arm-none-eabi/bin/../lib/gcc/arm-none-eabi/15.2.1/../../../../arm-none-eabi/lib/thumb/v7e-m+fp/hard\libc_nano.a(libc_a-readr.o)
                0x08006a44                _read_r
 .text._kill_r  0x08006a68       0x24 C:/arm-gnu-toolchain-15.2.rel1-mingw-w64-i686-arm-none-eabi/bin/../lib/gcc/arm-none-eabi/15.2.1/../../../../arm-none-eabi/lib/thumb/v7e-m+fp/hard\libc_nano.a(libc_a-signalr.o)
                0x08006a68                _kill_r
 .text._getpid_r
                0x08006a8c        0x4 C:/arm-gnu-toolchain-15.2.rel1-mingw-w64-i686-arm-none-eabi/bin/../lib/gcc/arm-none-eabi/15.2.1/../../../../arm-none-eabi/lib/thumb/v7e-m+fp/hard\libc_nano.a(libc_a-signalr.o)
                0x08006a8c                _getpid_r
 .text._write_r
                0x08006a90       0x24 C:/arm-gnu-toolchain-15.2.rel1-mingw-w64-i686-arm-none-eabi/bin/../lib/gcc/arm-none-eabi/15.2.1/../../../../arm-none-eabi/lib/thumb/v7e-m+fp/hard\libc_nano.a(libc_a-writer.o)
                0x08006a90                _write_r
 .text.__sflush_r
                0x08006ab4      0x100 C:/arm-gnu-toolchain-15.2.rel1-mingw-w64-i686-arm-none-eabi/bin/../lib/gcc/arm-none-eabi/15.2.1/../../../../arm-none-eabi/lib/thumb/v7e-m+fp/hard\libc_nano.a(libc_a-fflush.o)
                0x08006ab4                __sflush_r
 .text._fflush_r
                0x08006bb4       0x50 C:/arm-gnu-toolchain-15.2.rel1-mingw-w64-i686-arm-none-eabi/bin/../lib/gcc/arm-none-eabi/15.2.1/../../../../arm-none-eabi/lib/thumb/v7e-m+fp/hard\libc_nano.a(libc_a-fflush.o)
                0x08006bb4                _fflush_r
 .text.fflush   0x08006c04       0x28 C:/arm-gnu-toolchain-15.2.rel1-mingw-w64-i686-arm-none-eabi/bin/../lib/gcc/arm-none-eabi/15.2.1/../../../../arm-none-eabi/lib/thumb/v7e-m+fp/hard\libc_nano.a(libc_a-fflush.o)
                0x08006c04                fflush
 .text.__swhatbuf_r
                0x08006c2c       0x48 C:/arm-gnu-toolchain-15.2.rel1-mingw-w64-i686-arm-none-eabi/bin/../lib/gcc/arm-none-eabi/15.2.1/../../../../arm-none-eabi/lib/thumb/v7e-m+fp/hard\libc_nano.a(libc_a-makebuf.o)
                0x08006c2c                __swhatbuf_r
 .text.__smakebuf_r
                0x08006c74       0x72 C:/arm-gnu-toolchain-15.2.rel1-mingw-w64-i686-arm-none-eabi/bin/../lib/gcc/arm-none-eabi/15.2.1/../../../../arm-none-eabi/lib/thumb/v7e-m+fp/hard\libc_nano.a(libc_a-makebuf.o)
                0x08006c74                __smakebuf_r
 *fill*         0x08006ce6        0x2 
 .text._fstat_r
                0x08006ce8       0x24 C:/arm-gnu-toolchain-15.2.rel1-mingw-w64-i686-arm-none-eabi/bin/../lib/gcc/arm-none-eabi/15.2.1/../../../../arm-none-eabi/lib/thumb/v7e-m+fp/hard\libc_nano.a(libc_a-fstatr.o)
                0x08006ce8                _fstat_r
 .text._isatty_r
                0x08006d0c       0x20 C:/arm-gnu-toolchain-15.2.rel1-mingw-w64-i686-arm-none-eabi/bin/../lib/gcc/arm-none-eabi/15.2.1/../../../../arm-none-eabi/lib/thumb/v7e-m+fp/hard\libc_nano.a(libc_a-isattyr.o)
                0x08006d0c                _isatty_r
 .text.__fixdfdi
                0x08006d2c       0x30 C:/arm-gnu-toolchain-15.2.rel1-mingw-w64-i686-arm-none-eabi/bin/../lib/gcc/arm-none-eabi/15.2.1/thumb/v7e-m+fp/hard\libgcc.a(_fixdfdi.o)
                0x08006d2c                __fixdfdi
                0x08006d2c                __aeabi_d2lz
 .text.__fixunsdfdi
                0x08006d5c       0x3c C:/arm-gnu-toolchain-15.2.rel1-mingw-w64-i686-arm-none-eabi/bin/../lib/gcc/arm-none-eabi/15.2.1/thumb/v7e-m+fp/hard\libgcc.a(_fixunsdfdi.o)
                0x08006d5c                __fixunsdfdi
                0x08006d5c                __aeabi_d2ulz
 .text._close   0x08006d98       0x10 C:/arm-gnu-toolchain-15.2.rel1-mingw-w64-i686-arm-none-eabi/bin/../lib/gcc/arm-none-eabi/15.2.1/../../../../arm-none-eabi/lib/thumb/v7e-m+fp/hard\libnosys.a(close.o)
                0x08006d98                _close
 .text._fstat   0x08006da8       0x10 C:/arm-gnu-toolchain-15.2.rel1-mingw-w64-i686-arm-none-eabi/bin/../lib/gcc/arm-none-eabi/15.2.1/../../../../arm-none-eabi/lib/thumb/v7e-m+fp/hard\libnosys.a(fstat.o)
                0x08006da8                _fstat
 .text._getpid  0x08006db8       0x10 C:/arm-gnu-toolchain-15.2.rel1-mingw-w64-i686-arm-none-eabi/bin/../lib/gcc/arm-none-eabi/15.2.1/../../../../arm-none-eabi/lib/thumb/v7e-m+fp/hard\libnosys.a(getpid.o)
                0x08006db8                _getpid
 .text._isatty  0x08006dc8       0x10 C:/arm-gnu-toolchain-15.2.rel1-mingw-w64-i686-arm-none-eabi/bin/../lib/gcc/arm-none-eabi/15.2.1/../../../../arm-none-eabi/lib/thumb/v7e-m+fp/hard\libnosys.a(isatty.o)
                0x08006dc8                _isatty
 .text._kill    0x08006dd8       0x10 C:/arm-gnu-toolchain-15.2.rel1-mingw-w64-i686-arm-none-eabi/bin/../lib/gcc/arm-none-eabi/15.2.1/../../../../arm-none-eabi/lib/thumb/v7e-m+fp/hard\libnosys.a(kill.o)
                0x08006dd8                _kill
 .text._lseek   0x08006de8       0x10 C:/arm-gnu-toolchain-15.2.rel1-mingw-w64-i686-arm-none-eabi/bin/../lib/gcc/arm-none-eabi/15.2.1/../../../../arm-none-eabi/lib/thumb/v7e-m+fp/hard\libnosys.a(lseek.o)
                0x08006de8                _lseek
 .text._read    0x08006df8       0x10 C:/arm-gnu-toolchain-15.2.rel1-mingw-w64-i686-arm-none-eabi/bin/../lib/gcc/arm-none-eabi/15.2.1/../../../../arm-none-eabi/lib/thumb/v7e-m+fp/hard\libnosys.a(read.o)
                0x08006df8                _read
 .text._sbrk    0x08006e08       0x1c C:/arm-gnu-toolchain-15.2.rel1-mingw-w64-i686-arm-none-eabi/bin/../lib/gcc/arm-none-eabi/15.2.1/../../../../arm-none-eabi/lib/thumb/v7e-m+fp/hard\libnosys.a(sbrk.o)
                0x08006e08                _sbrk
 .text._write   0x08006e24       0x10 C:/arm-gnu-toolchain-15.2.rel1-mingw-w64-i686-arm-none-eabi/bin/../lib/gcc/arm-none-eabi/15.2.1/../../../../arm-none-eabi/lib/thumb/v7e-m+fp/hard\libnosys.a(write.o)
                0x08006e24                _write
 .text._exit    0x08006e34        0x4 C:/arm-gnu-toolchain-15.2.rel1-mingw-w64-i686-arm-none-eabi/bin/../lib/gcc/arm-none-eabi/15.2.1/../../../../arm-none-eabi/lib/thumb/v7e-m+fp/hard\libnosys.a(_exit.o)
                0x08006e34                _exit
                0x08006e38                        . = ALIGN (0x4)

.glue_7         0x08006e38        0x0
 .glue_7        0x08006e38        0x0 linker stubs

.glue_7t        0x08006e38        0x0
 .glue_7t       0x08006e38        0x0 linker stubs

.vfp11_veneer   0x08006e38        0x0
 .vfp11_veneer  0x08006e38        0x0 linker stubs

.v4_bx          0x08006e38        0x0
 .v4_bx         0x08006e38        0x0 linker stubs

.iplt           0x08006e38        0x0
 .iplt          0x08006e38        0x0 D:\Project\Framework_Study\Testbench\uart_echo\build-batch\Core_main.c.o

.ARM.extab      0x08006e38        0x0
 *(.ARM.extab*)
 .ARM.extab     0x08006e38        0x0 C:/arm-gnu-toolchain-15.2.rel1-mingw-w64-i686-arm-none-eabi/bin/../lib/gcc/arm-none-eabi/15.2.1/../../../../arm-none-eabi/lib/thumb/v7e-m+fp/hard\libc_nano.a(libc_a-memchr.o)
 .ARM.extab     0x08006e38        0x0 C:/arm-gnu-toolchain-15.2.rel1-mingw-w64-i686-arm-none-eabi/bin/../lib/gcc/arm-none-eabi/15.2.1/../../../../arm-none-eabi/lib/thumb/v7e-m+fp/hard\libc_nano.a(libc_a-strlen.o)
 .ARM.extab     0x08006e38        0x0 C:/arm-gnu-toolchain-15.2.rel1-mingw-w64-i686-arm-none-eabi/bin/../lib/gcc/arm-none-eabi/15.2.1/../../../../arm-none-eabi/lib/thumb/v7e-m+fp/hard\libc_nano.a(libc_a-strcmp.o)
 *(.gnu.linkonce.armextab.*)
                0x08006e38                        . = ALIGN (0x4)

.ARM.exidx      0x08006e38        0x8
 *(.ARM.exidx*)
 .ARM.exidx     0x08006e38        0x8 C:/arm-gnu-toolchain-15.2.rel1-mingw-w64-i686-arm-none-eabi/bin/../lib/gcc/arm-none-eabi/15.2.1/../../../../arm-none-eabi/lib/thumb/v7e-m+fp/hard\libc_nano.a(libc_a-memchr.o)
 .ARM.exidx     0x08006e40        0x0 C:/arm-gnu-toolchain-15.2.rel1-mingw-w64-i686-arm-none-eabi/bin/../lib/gcc/arm-none-eabi/15.2.1/../../../../arm-none-eabi/lib/thumb/v7e-m+fp/hard\libc_nano.a(libc_a-strlen.o)
                                  0x8 (size before relaxing)
 .ARM.exidx     0x08006e40        0x0 C:/arm-gnu-toolchain-15.2.rel1-mingw-w64-i686-arm-none-eabi/bin/../lib/gcc/arm-none-eabi/15.2.1/../../../../arm-none-eabi/lib/thumb/v7e-m+fp/hard\libc_nano.a(libc_a-strcmp.o)
                                  0x8 (size before relaxing)
 *(.gnu.linkonce.armexidx.*)
                0x08006e40                        . = ALIGN (0x4)

.rodata         0x08006e40      0x4c0
 *(.rodata)
 .rodata        0x08006e40       0x18 D:\Project\Framework_Study\Testbench\uart_echo\build-batch\Core_System_system_stm32f4xx.c.o
                0x08006e40                AHBPrescTable
                0x08006e50                APBPrescTable
 .rodata        0x08006e58       0x3c D:\Project\Framework_Study\Testbench\uart_echo\build-batch\MCAL_Target_STM32F4xx_stm32_uart.c.o
 *(.rodata.*)
 .rodata.str1.4
                0x08006e94       0x11 D:\Project\Framework_Study\Testbench\uart_echo\build-batch\Core_main.c.o
 .rodata._printf_float.str1.1
                0x08006ea5      0x1d9 C:/arm-gnu-toolchain-15.2.rel1-mingw-w64-i686-arm-none-eabi/bin/../lib/gcc/arm-none-eabi/15.2.1/../../../../arm-none-eabi/lib/thumb/v7e-m+fp/hard\libc_nano.a(libc_a-nano-vfprintf_float.o)
                                 0x12 (size before relaxing)
 .rodata._printf_i.str1.1
                0x0800707e        0x0 C:/arm-gnu-toolchain-15.2.rel1-mingw-w64-i686-arm-none-eabi/bin/../lib/gcc/arm-none-eabi/15.2.1/../../../../arm-none-eabi/lib/thumb/v7e-m+fp/hard\libc_nano.a(libc_a-nano-vfprintf_i.o)
                                 0x22 (size before relaxing)
 .rodata._scanf_float.str1.1
                0x0800707e        0x0 C:/arm-gnu-toolchain-15.2.rel1-mingw-w64-i686-arm-none-eabi/bin/../lib/gcc/arm-none-eabi/15.2.1/../../../../arm-none-eabi/lib/thumb/v7e-m+fp/hard\libc_nano.a(libc_a-nano-vfscanf_float.o)
                                  0x6 (size before relaxing)
 .rodata._dtoa_r.str1.1
                0x0800707e        0x0 C:/arm-gnu-toolchain-15.2.rel1-mingw-w64-i686-arm-none-eabi/bin/../lib/gcc/arm-none-eabi/15.2.1/../../../../arm-none-eabi/lib/thumb/v7e-m+fp/hard\libc_nano.a(libc_a-dtoa.o)
                                 0x90 (size before relaxing)
 .rodata._Balloc.str1.1
                0x0800707e        0x0 C:/arm-gnu-toolchain-15.2.rel1-mingw-w64-i686-arm-none-eabi/bin/../lib/gcc/arm-none-eabi/15.2.1/../../../../arm-none-eabi/lib/thumb/v7e-m+fp/hard\libc_nano.a(libc_a-mprec.o)
                                 0x71 (size before relaxing)
 .rodata.__multadd.str1.1
                0x0800707e        0x0 C:/arm-gnu-toolchain-15.2.rel1-mingw-w64-i686-arm-none-eabi/bin/../lib/gcc/arm-none-eabi/15.2.1/../../../../arm-none-eabi/lib/thumb/v7e-m+fp/hard\libc_nano.a(libc_a-mprec.o)
                                 0x11 (size before relaxing)
 *fill*         0x0800707e        0x2 
 .rodata.p05.0  0x08007080        0xc C:/arm-gnu-toolchain-15.2.rel1-mingw-w64-i686-arm-none-eabi/bin/../lib/gcc/arm-none-eabi/15.2.1/../../../../arm-none-eabi/lib/thumb/v7e-m+fp/hard\libc_nano.a(libc_a-mprec.o)
 *fill*         0x0800708c        0x4 
 .rodata.__mprec_tinytens
                0x08007090       0x28 C:/arm-gnu-toolchain-15.2.rel1-mingw-w64-i686-arm-none-eabi/bin/../lib/gcc/arm-none-eabi/15.2.1/../../../../arm-none-eabi/lib/thumb/v7e-m+fp/hard\libc_nano.a(libc_a-mprec.o)
                0x08007090                __mprec_tinytens
 .rodata.__mprec_bigtens
                0x080070b8       0x28 C:/arm-gnu-toolchain-15.2.rel1-mingw-w64-i686-arm-none-eabi/bin/../lib/gcc/arm-none-eabi/15.2.1/../../../../arm-none-eabi/lib/thumb/v7e-m+fp/hard\libc_nano.a(libc_a-mprec.o)
                0x080070b8                __mprec_bigtens
 .rodata.__mprec_tens
                0x080070e0       0xc8 C:/arm-gnu-toolchain-15.2.rel1-mingw-w64-i686-arm-none-eabi/bin/../lib/gcc/arm-none-eabi/15.2.1/../../../../arm-none-eabi/lib/thumb/v7e-m+fp/hard\libc_nano.a(libc_a-mprec.o)
                0x080070e0                __mprec_tens
 .rodata._strtod_l.str1.1
                0x080071a8        0x0 C:/arm-gnu-toolchain-15.2.rel1-mingw-w64-i686-arm-none-eabi/bin/../lib/gcc/arm-none-eabi/15.2.1/../../../../arm-none-eabi/lib/thumb/v7e-m+fp/hard\libc_nano.a(libc_a-strtod.o)
                                  0xf (size before relaxing)
 .rodata.fpinan.0
                0x080071a8       0x14 C:/arm-gnu-toolchain-15.2.rel1-mingw-w64-i686-arm-none-eabi/bin/../lib/gcc/arm-none-eabi/15.2.1/../../../../arm-none-eabi/lib/thumb/v7e-m+fp/hard\libc_nano.a(libc_a-strtod.o)
 .rodata.fpi.1  0x080071bc       0x14 C:/arm-gnu-toolchain-15.2.rel1-mingw-w64-i686-arm-none-eabi/bin/../lib/gcc/arm-none-eabi/15.2.1/../../../../arm-none-eabi/lib/thumb/v7e-m+fp/hard\libc_nano.a(libc_a-strtod.o)
 .rodata.tinytens
                0x080071d0       0x28 C:/arm-gnu-toolchain-15.2.rel1-mingw-w64-i686-arm-none-eabi/bin/../lib/gcc/arm-none-eabi/15.2.1/../../../../arm-none-eabi/lib/thumb/v7e-m+fp/hard\libc_nano.a(libc_a-strtod.o)
 .rodata._ctype_
                0x080071f8      0x101 C:/arm-gnu-toolchain-15.2.rel1-mingw-w64-i686-arm-none-eabi/bin/../lib/gcc/arm-none-eabi/15.2.1/../../../../arm-none-eabi/lib/thumb/v7e-m+fp/hard\libc_nano.a(libc_a-ctype_.o)
                0x080071f8                _ctype_
 .rodata._svfprintf_r.str1.1
                0x080072f9        0x0 C:/arm-gnu-toolchain-15.2.rel1-mingw-w64-i686-arm-none-eabi/bin/../lib/gcc/arm-none-eabi/15.2.1/../../../../arm-none-eabi/lib/thumb/v7e-m+fp/hard\libc_nano.a(libc_a-nano-svfprintf.o)
                                 0x11 (size before relaxing)
 .rodata._setlocale_r.str1.1
                0x080072f9        0x0 C:/arm-gnu-toolchain-15.2.rel1-mingw-w64-i686-arm-none-eabi/bin/../lib/gcc/arm-none-eabi/15.2.1/../../../../arm-none-eabi/lib/thumb/v7e-m+fp/hard\libc_nano.a(libc_a-locale.o)
                                  0x9 (size before relaxing)
 .rodata.str1.1
                0x080072f9        0x0 C:/arm-gnu-toolchain-15.2.rel1-mingw-w64-i686-arm-none-eabi/bin/../lib/gcc/arm-none-eabi/15.2.1/../../../../arm-none-eabi/lib/thumb/v7e-m+fp/hard\libc_nano.a(libc_a-locale.o)
                                  0x2 (size before relaxing)
 .rodata.__assert_func.str1.1
                0x080072f9        0x0 C:/arm-gnu-toolchain-15.2.rel1-mingw-w64-i686-arm-none-eabi/bin/../lib/gcc/arm-none-eabi/15.2.1/../../../../arm-none-eabi/lib/thumb/v7e-m+fp/hard\libc_nano.a(libc_a-assert.o)
                                 0x3d (size before relaxing)
 .rodata.__gethex.str1.1
                0x080072f9        0x0 C:/arm-gnu-toolchain-15.2.rel1-mingw-w64-i686-arm-none-eabi/bin/../lib/gcc/arm-none-eabi/15.2.1/../../../../arm-none-eabi/lib/thumb/v7e-m+fp/hard\libc_nano.a(libc_a-gdtoa-gethex.o)
                                 0x74 (size before relaxing)
 .rodata._vfprintf_r.str1.1
                0x080072f9        0x0 C:/arm-gnu-toolchain-15.2.rel1-mingw-w64-i686-arm-none-eabi/bin/../lib/gcc/arm-none-eabi/15.2.1/../../../../arm-none-eabi/lib/thumb/v7e-m+fp/hard\libc_nano.a(libc_a-nano-vfprintf.o)
                                 0x11 (size before relaxing)
                0x08007300                        . = ALIGN (0x8)
 *fill*         0x080072f9        0x7 
                0x08007300                        __RO_LIMIT__ = .

.rel.dyn        0x08007300        0x0
 .rel.iplt      0x08007300        0x0 D:\Project\Framework_Study\Testbench\uart_echo\build-batch\Core_main.c.o

.data           0x20000000      0x1cc load address 0x08007300
                0x20000000                        __RW_BASE__ = .
 *(.data)
 .data          0x20000000        0x0 D:\Project\Framework_Study\Testbench\uart_echo\build-batch\Core_main.c.o
 .data          0x20000000        0x4 D:\Project\Framework_Study\Testbench\uart_echo\build-batch\Core_System_system_stm32f4xx.c.o
                0x20000000                SystemCoreClock
 .data          0x20000004        0x0 D:\Project\Framework_Study\Testbench\uart_echo\build-batch\Core_System_clock.c.o
 .data          0x20000004        0x0 D:\Project\Framework_Study\Testbench\uart_echo\build-batch\MCAL_Target_STM32F4xx_stm32_uart.c.o
 .data          0x20000004        0x0 D:\Project\Framework_Study\Testbench\uart_echo\build-batch\MCAL_Target_STM32F4xx_stm32_queue.c.o
 .data          0x20000004        0x0 D:\Project\Framework_Study\Testbench\uart_echo\build-batch\MCAL_Target_STM32F4xx_stm32_timer.c.o
 .data          0x20000004        0x0 D:\Project\Framework_Study\Testbench\uart_echo\build-batch\Testbench_uart_echo_uart_batch_test.c.o
 .data          0x20000004        0x0 D:\Project\Framework_Study\Testbench\uart_echo\build-batch\Core_System_systick.c.o
 .data          0x20000004        0x0 D:\Project\Framework_Study\Testbench\uart_echo\build-batch\Board_NUCLEO_F411RE_crt0.s.o
 .data          0x20000004        0x0 C:/arm-gnu-toolchain-15.2.rel1-mingw-w64-i686-arm-none-eabi/bin/../lib/gcc/arm-none-eabi/15.2.1/../../../../arm-none-eabi/lib/thumb/v7e-m+fp/hard\libc_nano.a(libc_a-nano-vfprintf_float.o)
 .data          0x20000004        0x0 C:/arm-gnu-toolchain-15.2.rel1-mingw-w64-i686-arm-none-eabi/bin/../lib/gcc/arm-none-eabi/15.2.1/../../../../arm-none-eabi/lib/thumb/v7e-m+fp/hard\libc_nano.a(libc_a-nano-vfprintf_i.o)
 .data          0x20000004        0x0 C:/arm-gnu-toolchain-15.2.rel1-mingw-w64-i686-arm-none-eabi/bin/../lib/gcc/arm-none-eabi/15.2.1/../../../../arm-none-eabi/lib/thumb/v7e-m+fp/hard\libc_nano.a(libc_a-nano-vfscanf_float.o)
 .data          0x20000004        0x0 C:/arm-gnu-toolchain-15.2.rel1-mingw-w64-i686-arm-none-eabi/bin/../lib/gcc/arm-none-eabi/15.2.1/../../../../arm-none-eabi/lib/thumb/v7e-m+fp/hard\libc_nano.a(libc_a-sprintf.o)
 .data          0x20000004        0x0 C:/arm-gnu-toolchain-15.2.rel1-mingw-w64-i686-arm-none-eabi/bin/../lib/gcc/arm-none-eabi/15.2.1/../../../../arm-none-eabi/lib/thumb/v7e-m+fp/hard\libc_nano.a(libc_a-localeconv.o)
 .data          0x20000004        0x0 C:/arm-gnu-toolchain-15.2.rel1-mingw-w64-i686-arm-none-eabi/bin/../lib/gcc/arm-none-eabi/15.2.1/../../../../arm-none-eabi/lib/thumb/v7e-m+fp/hard\libc_nano.a(libc_a-impure.o)
 .data          0x20000004        0x0 C:/arm-gnu-toolchain-15.2.rel1-mingw-w64-i686-arm-none-eabi/bin/../lib/gcc/arm-none-eabi/15.2.1/../../../../arm-none-eabi/lib/thumb/v7e-m+fp/hard\libc_nano.a(libc_a-memchr.o)
 .data          0x20000004        0x0 C:/arm-gnu-toolchain-15.2.rel1-mingw-w64-i686-arm-none-eabi/bin/../lib/gcc/arm-none-eabi/15.2.1/../../../../arm-none-eabi/lib/thumb/v7e-m+fp/hard\libc_nano.a(libc_a-strlen.o)
 .data          0x20000004        0x0 C:/arm-gnu-toolchain-15.2.rel1-mingw-w64-i686-arm-none-eabi/bin/../lib/gcc/arm-none-eabi/15.2.1/../../../../arm-none-eabi/lib/thumb/v7e-m+fp/hard\libc_nano.a(libm_a-sf_nan.o)
 .data          0x20000004        0x0 C:/arm-gnu-toolchain-15.2.rel1-mingw-w64-i686-arm-none-eabi/bin/../lib/gcc/arm-none-eabi/15.2.1/../../../../arm-none-eabi/lib/thumb/v7e-m+fp/hard\libc_nano.a(libc_a-dtoa.o)
 .data          0x20000004        0x0 C:/arm-gnu-toolchain-15.2.rel1-mingw-w64-i686-arm-none-eabi/bin/../lib/gcc/arm-none-eabi/15.2.1/../../../../arm-none-eabi/lib/thumb/v7e-m+fp/hard\libc_nano.a(libc_a-malloc.o)
 .data          0x20000004        0x0 C:/arm-gnu-toolchain-15.2.rel1-mingw-w64-i686-arm-none-eabi/bin/../lib/gcc/arm-none-eabi/15.2.1/../../../../arm-none-eabi/lib/thumb/v7e-m+fp/hard\libc_nano.a(libc_a-mallocr.o)
 .data          0x20000004        0x0 C:/arm-gnu-toolchain-15.2.rel1-mingw-w64-i686-arm-none-eabi/bin/../lib/gcc/arm-none-eabi/15.2.1/../../../../arm-none-eabi/lib/thumb/v7e-m+fp/hard\libc_nano.a(libc_a-mlock.o)
 .data          0x20000004        0x0 C:/arm-gnu-toolchain-15.2.rel1-mingw-w64-i686-arm-none-eabi/bin/../lib/gcc/arm-none-eabi/15.2.1/../../../../arm-none-eabi/lib/thumb/v7e-m+fp/hard\libc_nano.a(libc_a-mprec.o)
 .data          0x20000004        0x0 C:/arm-gnu-toolchain-15.2.rel1-mingw-w64-i686-arm-none-eabi/bin/../lib/gcc/arm-none-eabi/15.2.1/../../../../arm-none-eabi/lib/thumb/v7e-m+fp/hard\libc_nano.a(libc_a-strtod.o)
 .data          0x20000004        0x0 C:/arm-gnu-toolchain-15.2.rel1-mingw-w64-i686-arm-none-eabi/bin/../lib/gcc/arm-none-eabi/15.2.1/../../../../arm-none-eabi/lib/thumb/v7e-m+fp/hard\libc_nano.a(libc_a-strtol.o)
 .data          0x20000004        0x0 C:/arm-gnu-toolchain-15.2.rel1-mingw-w64-i686-arm-none-eabi/bin/../lib/gcc/arm-none-eabi/15.2.1/../../../../arm-none-eabi/lib/thumb/v7e-m+fp/hard\libc_nano.a(libc_a-ctype_.o)
 .data          0x20000004        0x0 C:/arm-gnu-toolchain-15.2.rel1-mingw-w64-i686-arm-none-eabi/bin/../lib/gcc/arm-none-eabi/15.2.1/../../../../arm-none-eabi/lib/thumb/v7e-m+fp/hard\libc_nano.a(libc_a-nano-svfprintf.o)
 .data          0x20000004        0x0 C:/arm-gnu-toolchain-15.2.rel1-mingw-w64-i686-arm-none-eabi/bin/../lib/gcc/arm-none-eabi/15.2.1/../../../../arm-none-eabi/lib/thumb/v7e-m+fp/hard\libc_nano.a(libc_a-memmove.o)
 .data          0x20000004        0x0 C:/arm-gnu-toolchain-15.2.rel1-mingw-w64-i686-arm-none-eabi/bin/../lib/gcc/arm-none-eabi/15.2.1/../../../../arm-none-eabi/lib/thumb/v7e-m+fp/hard\libc_nano.a(libc_a-strncmp.o)
 .data          0x20000004        0x0 C:/arm-gnu-toolchain-15.2.rel1-mingw-w64-i686-arm-none-eabi/bin/../lib/gcc/arm-none-eabi/15.2.1/../../../../arm-none-eabi/lib/thumb/v7e-m+fp/hard\libc_nano.a(libc_a-locale.o)
 .data          0x20000004        0x0 C:/arm-gnu-toolchain-15.2.rel1-mingw-w64-i686-arm-none-eabi/bin/../lib/gcc/arm-none-eabi/15.2.1/../../../../arm-none-eabi/lib/thumb/v7e-m+fp/hard\libc_nano.a(libc_a-sbrkr.o)
 .data          0x20000004        0x0 C:/arm-gnu-toolchain-15.2.rel1-mingw-w64-i686-arm-none-eabi/bin/../lib/gcc/arm-none-eabi/15.2.1/../../../../arm-none-eabi/lib/thumb/v7e-m+fp/hard\libc_nano.a(libc_a-errno.o)
 .data          0x20000004        0x0 C:/arm-gnu-toolchain-15.2.rel1-mingw-w64-i686-arm-none-eabi/bin/../lib/gcc/arm-none-eabi/15.2.1/../../../../arm-none-eabi/lib/thumb/v7e-m+fp/hard\libc_nano.a(libc_a-lock.o)
 .data          0x20000004        0x0 C:/arm-gnu-toolchain-15.2.rel1-mingw-w64-i686-arm-none-eabi/bin/../lib/gcc/arm-none-eabi/15.2.1/../../../../arm-none-eabi/lib/thumb/v7e-m+fp/hard\libc_nano.a(libc_a-strcmp.o)
 .data          0x20000004        0x0 C:/arm-gnu-toolchain-15.2.rel1-mingw-w64-i686-arm-none-eabi/bin/../lib/gcc/arm-none-eabi/15.2.1/../../../../arm-none-eabi/lib/thumb/v7e-m+fp/hard\libc_nano.a(libc_a-memcpy-stub.o)
 .data          0x20000004        0x0 C:/arm-gnu-toolchain-15.2.rel1-mingw-w64-i686-arm-none-eabi/bin/../lib/gcc/arm-none-eabi/15.2.1/../../../../arm-none-eabi/lib/thumb/v7e-m+fp/hard\libc_nano.a(libm_a-s_nan.o)
 .data          0x20000004        0x0 C:/arm-gnu-toolchain-15.2.rel1-mingw-w64-i686-arm-none-eabi/bin/../lib/gcc/arm-none-eabi/15.2.1/../../../../arm-none-eabi/lib/thumb/v7e-m+fp/hard\libc_nano.a(libc_a-assert.o)
 .data          0x20000004        0x0 C:/arm-gnu-toolchain-15.2.rel1-mingw-w64-i686-arm-none-eabi/bin/../lib/gcc/arm-none-eabi/15.2.1/../../../../arm-none-eabi/lib/thumb/v7e-m+fp/hard\libc_nano.a(libc_a-callocr.o)
 .data          0x20000004        0x0 C:/arm-gnu-toolchain-15.2.rel1-mingw-w64-i686-arm-none-eabi/bin/../lib/gcc/arm-none-eabi/15.2.1/../../../../arm-none-eabi/lib/thumb/v7e-m+fp/hard\libc_nano.a(libc_a-freer.o)
 .data          0x20000004        0x0 C:/arm-gnu-toolchain-15.2.rel1-mingw-w64-i686-arm-none-eabi/bin/../lib/gcc/arm-none-eabi/15.2.1/../../../../arm-none-eabi/lib/thumb/v7e-m+fp/hard\libc_nano.a(libc_a-gdtoa-gethex.o)
 .data          0x20000004        0x0 C:/arm-gnu-toolchain-15.2.rel1-mingw-w64-i686-arm-none-eabi/bin/../lib/gcc/arm-none-eabi/15.2.1/../../../../arm-none-eabi/lib/thumb/v7e-m+fp/hard\libc_nano.a(libc_a-gdtoa-hexnan.o)
 .data          0x20000004        0x0 C:/arm-gnu-toolchain-15.2.rel1-mingw-w64-i686-arm-none-eabi/bin/../lib/gcc/arm-none-eabi/15.2.1/../../../../arm-none-eabi/lib/thumb/v7e-m+fp/hard\libc_nano.a(libc_a-mbtowc_r.o)
 .data          0x20000004        0x0 C:/arm-gnu-toolchain-15.2.rel1-mingw-w64-i686-arm-none-eabi/bin/../lib/gcc/arm-none-eabi/15.2.1/../../../../arm-none-eabi/lib/thumb/v7e-m+fp/hard\libc_nano.a(libc_a-reallocr.o)
 .data          0x20000004        0x0 C:/arm-gnu-toolchain-15.2.rel1-mingw-w64-i686-arm-none-eabi/bin/../lib/gcc/arm-none-eabi/15.2.1/../../../../arm-none-eabi/lib/thumb/v7e-m+fp/hard\libc_nano.a(libc_a-wctomb_r.o)
 .data          0x20000004        0x0 C:/arm-gnu-toolchain-15.2.rel1-mingw-w64-i686-arm-none-eabi/bin/../lib/gcc/arm-none-eabi/15.2.1/../../../../arm-none-eabi/lib/thumb/v7e-m+fp/hard\libc_nano.a(libc_a-fprintf.o)
 .data          0x20000004        0x0 C:/arm-gnu-toolchain-15.2.rel1-mingw-w64-i686-arm-none-eabi/bin/../lib/gcc/arm-none-eabi/15.2.1/../../../../arm-none-eabi/lib/thumb/v7e-m+fp/hard\libc_nano.a(libc_a-memset.o)
 .data          0x20000004        0x0 C:/arm-gnu-toolchain-15.2.rel1-mingw-w64-i686-arm-none-eabi/bin/../lib/gcc/arm-none-eabi/15.2.1/../../../../arm-none-eabi/lib/thumb/v7e-m+fp/hard\libc_nano.a(libc_a-reent.o)
 .data          0x20000004        0x0 C:/arm-gnu-toolchain-15.2.rel1-mingw-w64-i686-arm-none-eabi/bin/../lib/gcc/arm-none-eabi/15.2.1/../../../../arm-none-eabi/lib/thumb/v7e-m+fp/hard\libc_nano.a(libc_a-abort.o)
 .data          0x20000004        0x0 C:/arm-gnu-toolchain-15.2.rel1-mingw-w64-i686-arm-none-eabi/bin/../lib/gcc/arm-none-eabi/15.2.1/../../../../arm-none-eabi/lib/thumb/v7e-m+fp/hard\libc_nano.a(libc_a-msizer.o)
 .data          0x20000004        0x0 C:/arm-gnu-toolchain-15.2.rel1-mingw-w64-i686-arm-none-eabi/bin/../lib/gcc/arm-none-eabi/15.2.1/../../../../arm-none-eabi/lib/thumb/v7e-m+fp/hard\libc_nano.a(libc_a-nano-vfprintf.o)
 .data          0x20000004        0x0 C:/arm-gnu-toolchain-15.2.rel1-mingw-w64-i686-arm-none-eabi/bin/../lib/gcc/arm-none-eabi/15.2.1/../../../../arm-none-eabi/lib/thumb/v7e-m+fp/hard\libc_nano.a(libc_a-findfp.o)
 .data          0x20000004        0x0 C:/arm-gnu-toolchain-15.2.rel1-mingw-w64-i686-arm-none-eabi/bin/../lib/gcc/arm-none-eabi/15.2.1/../../../../arm-none-eabi/lib/thumb/v7e-m+fp/hard\libc_nano.a(libc_a-fvwrite.o)
 .data          0x20000004        0x0 C:/arm-gnu-toolchain-15.2.rel1-mingw-w64-i686-arm-none-eabi/bin/../lib/gcc/arm-none-eabi/15.2.1/../../../../arm-none-eabi/lib/thumb/v7e-m+fp/hard\libc_nano.a(libc_a-fwalk.o)
 .data          0x20000004        0x0 C:/arm-gnu-toolchain-15.2.rel1-mingw-w64-i686-arm-none-eabi/bin/../lib/gcc/arm-none-eabi/15.2.1/../../../../arm-none-eabi/lib/thumb/v7e-m+fp/hard\libc_nano.a(libc_a-stdio.o)
 .data          0x20000004        0x0 C:/arm-gnu-toolchain-15.2.rel1-mingw-w64-i686-arm-none-eabi/bin/../lib/gcc/arm-none-eabi/15.2.1/../../../../arm-none-eabi/lib/thumb/v7e-m+fp/hard\libc_nano.a(libc_a-wbuf.o)
 .data          0x20000004        0x0 C:/arm-gnu-toolchain-15.2.rel1-mingw-w64-i686-arm-none-eabi/bin/../lib/gcc/arm-none-eabi/15.2.1/../../../../arm-none-eabi/lib/thumb/v7e-m+fp/hard\libc_nano.a(libc_a-wsetup.o)
 .data          0x20000004        0x0 C:/arm-gnu-toolchain-15.2.rel1-mingw-w64-i686-arm-none-eabi/bin/../lib/gcc/arm-none-eabi/15.2.1/../../../../arm-none-eabi/lib/thumb/v7e-m+fp/hard\libc_nano.a(libc_a-signal.o)
 .data          0x20000004        0x0 C:/arm-gnu-toolchain-15.2.rel1-mingw-w64-i686-arm-none-eabi/bin/../lib/gcc/arm-none-eabi/15.2.1/../../../../arm-none-eabi/lib/thumb/v7e-m+fp/hard\libc_nano.a(libc_a-closer.o)
 .data          0x20000004        0x0 C:/arm-gnu-toolchain-15.2.rel1-mingw-w64-i686-arm-none-eabi/bin/../lib/gcc/arm-none-eabi/15.2.1/../../../../arm-none-eabi/lib/thumb/v7e-m+fp/hard\libc_nano.a(libc_a-lseekr.o)
 .data          0x20000004        0x0 C:/arm-gnu-toolchain-15.2.rel1-mingw-w64-i686-arm-none-eabi/bin/../lib/gcc/arm-none-eabi/15.2.1/../../../../arm-none-eabi/lib/thumb/v7e-m+fp/hard\libc_nano.a(libc_a-readr.o)
 .data          0x20000004        0x0 C:/arm-gnu-toolchain-15.2.rel1-mingw-w64-i686-arm-none-eabi/bin/../lib/gcc/arm-none-eabi/15.2.1/../../../../arm-none-eabi/lib/thumb/v7e-m+fp/hard\libc_nano.a(libc_a-signalr.o)
 .data          0x20000004        0x0 C:/arm-gnu-toolchain-15.2.rel1-mingw-w64-i686-arm-none-eabi/bin/../lib/gcc/arm-none-eabi/15.2.1/../../../../arm-none-eabi/lib/thumb/v7e-m+fp/hard\libc_nano.a(libc_a-writer.o)
 .data          0x20000004        0x0 C:/arm-gnu-toolchain-15.2.rel1-mingw-w64-i686-arm-none-eabi/bin/../lib/gcc/arm-none-eabi/15.2.1/../../../../arm-none-eabi/lib/thumb/v7e-m+fp/hard\libc_nano.a(libc_a-fflush.o)
 .data          0x20000004        0x0 C:/arm-gnu-toolchain-15.2.rel1-mingw-w64-i686-arm-none-eabi/bin/../lib/gcc/arm-none-eabi/15.2.1/../../../../arm-none-eabi/lib/thumb/v7e-m+fp/hard\libc_nano.a(libc_a-makebuf.o)
 .data          0x20000004        0x0 C:/arm-gnu-toolchain-15.2.rel1-mingw-w64-i686-arm-none-eabi/bin/../lib/gcc/arm-none-eabi/15.2.1/../../../../arm-none-eabi/lib/thumb/v7e-m+fp/hard\libc_nano.a(libc_a-fstatr.o)
 .data          0x20000004        0x0 C:/arm-gnu-toolchain-15.2.rel1-mingw-w64-i686-arm-none-eabi/bin/../lib/gcc/arm-none-eabi/15.2.1/../../../../arm-none-eabi/lib/thumb/v7e-m+fp/hard\libc_nano.a(libc_a-isattyr.o)
 .data          0x20000004        0x0 C:/arm-gnu-toolchain-15.2.rel1-mingw-w64-i686-arm-none-eabi/bin/../lib/gcc/arm-none-eabi/15.2.1/thumb/v7e-m+fp/hard\libgcc.a(_arm_muldf3.o)
 .data          0x20000004        0x0 C:/arm-gnu-toolchain-15.2.rel1-mingw-w64-i686-arm-none-eabi/bin/../lib/gcc/arm-none-eabi/15.2.1/thumb/v7e-m+fp/hard\libgcc.a(_arm_addsubdf3.o)
 .data          0x20000004        0x0 C:/arm-gnu-toolchain-15.2.rel1-mingw-w64-i686-arm-none-eabi/bin/../lib/gcc/arm-none-eabi/15.2.1/thumb/v7e-m+fp/hard\libgcc.a(_arm_muldivdf3.o)
 .data          0x20000004        0x0 C:/arm-gnu-toolchain-15.2.rel1-mingw-w64-i686-arm-none-eabi/bin/../lib/gcc/arm-none-eabi/15.2.1/thumb/v7e-m+fp/hard\libgcc.a(_arm_cmpdf2.o)