2026-09-04 09:05:04,421 [ERROR] LogOutputStream:75 - [STDERR_REDIRECT] 
2026-09-04 09:20:24,226 [INFO] Activator:176 - 


2026-09-04 09:20:24,228 [INFO] Activator:177 - !SESSION log4j initialized
2026-09-04 09:20:27,764 [INFO] LogOutputStream:77 - [STDOUT_REDIRECT] 
2026-09-04 09:20:30,954 [INFO] ApplicationProperties:184 - Using Application install path: C:\ST\STM32CubeIDE_1.15.0\STM32CubeIDE\plugins\com.st.stm32cube.common.mx_6.11.0.202403141607
2026-09-04 09:20:30,970 [INFO] DbMcusXml:78 - Set database path to: C:\ST\STM32CubeIDE_1.15.0\STM32CubeIDE\plugins\com.st.stm32cube.common.mx_6.11.0.202403141607\\db\/mcu/
2026-09-04 09:20:30,970 [INFO] ApiDb:274 - Set plugin database path to: C:\ST\STM32CubeIDE_1.15.0\STM32CubeIDE\plugins\com.st.stm32cube.common.mx_6.11.0.202403141607\\db\/plugins/boardmanager/
2026-09-04 09:20:30,971 [WARN] ApiDb:259 - Overriding images path with different value:  => C:\ST\STM32CubeIDE_1.15.0\STM32CubeIDE\plugins\com.st.stm32cube.common.mx_6.11.0.202403141607\\db\/plugins/mcufinder/images/
2026-09-04 09:20:30,981 [INFO] ApiDb:250 - Set database path to: C:\Users\kccistc\.stmcufinder\plugins\mcufinder//mcu/
2026-09-04 09:20:30,982 [INFO] DbMcusAds:125 - Set database path to: C:\Users\kccistc\.stmcufinder\plugins\mcufinder//mcu/
2026-09-04 09:20:30,984 [INFO] CrossReferenceDbSqlite:203 - Set database path to: C:\Users\kccistc\.stmcufinder\plugins\mcufinder//mcu/cs/
2026-09-04 09:20:31,082 [INFO] RulesReader:64 - Compatibility file has been processed (297 Rules)
2026-09-04 09:20:31,167 [INFO] DbMcusXml:78 - Set database path to: C:\ST\STM32CubeIDE_1.15.0\STM32CubeIDE\plugins\com.st.stm32cube.common.mx_6.11.0.202403141607\\db\/mcu/
2026-09-04 09:20:31,167 [INFO] ApiDb:274 - Set plugin database path to: C:\ST\STM32CubeIDE_1.15.0\STM32CubeIDE\plugins\com.st.stm32cube.common.mx_6.11.0.202403141607\\db\/plugins/boardmanager/
2026-09-04 09:20:31,167 [INFO] ApiDb:261 - Set plugin images path to: C:\ST\STM32CubeIDE_1.15.0\STM32CubeIDE\plugins\com.st.stm32cube.common.mx_6.11.0.202403141607\\db\/plugins/mcufinder/images/
2026-09-04 09:20:31,167 [WARN] DbFile:41 - Overriding database path with different value: C:\Users\kccistc\.stmcufinder\plugins\mcufinder/ => C:\Users\kccistc\.stmcufinder\plugins\mcufinder
2026-09-04 09:20:31,167 [INFO] ApiDb:250 - Set database path to: C:\Users\kccistc\.stmcufinder\plugins\mcufinder//mcu/
2026-09-04 09:20:31,167 [WARN] DbFile:41 - Overriding database path with different value: C:\Users\kccistc\.stmcufinder\plugins\mcufinder/ => C:\Users\kccistc\.stmcufinder\plugins\mcufinder
2026-09-04 09:20:31,167 [INFO] DbMcusAds:125 - Set database path to: C:\Users\kccistc\.stmcufinder\plugins\mcufinder//mcu/
2026-09-04 09:20:31,167 [WARN] DbFile:41 - Overriding database path with different value: C:\Users\kccistc\.stmcufinder\plugins\mcufinder/ => C:\Users\kccistc\.stmcufinder\plugins\mcufinder
2026-09-04 09:20:31,167 [WARN] DbFile:41 - Overriding database path with different value: C:\Users\kccistc\.stmcufinder\plugins\mcufinder/ => C:\Users\kccistc\.stmcufinder\plugins\mcufinder
2026-09-04 09:20:31,168 [INFO] CrossReferenceDbSqlite:203 - Set database path to: C:\Users\kccistc\.stmcufinder\plugins\mcufinder//mcu/cs/
2026-09-04 09:20:31,242 [INFO] MainPanel:264 - HeapMemory: 268435456
2026-09-04 09:20:31,333 [INFO] DbMcusXml:78 - Set database path to: C:\ST\STM32CubeIDE_1.15.0\STM32CubeIDE\plugins\com.st.stm32cube.common.mx_6.11.0.202403141607\\db\/mcu/
2026-09-04 09:20:31,333 [INFO] ApiDb:274 - Set plugin database path to: C:\ST\STM32CubeIDE_1.15.0\STM32CubeIDE\plugins\com.st.stm32cube.common.mx_6.11.0.202403141607\\db\/plugins/boardmanager/
2026-09-04 09:20:31,334 [INFO] ApiDb:261 - Set plugin images path to: C:\ST\STM32CubeIDE_1.15.0\STM32CubeIDE\plugins\com.st.stm32cube.common.mx_6.11.0.202403141607\\db\/plugins/mcufinder/images/
2026-09-04 09:20:31,334 [WARN] DbFile:41 - Overriding database path with different value: C:\Users\kccistc\.stmcufinder\plugins\mcufinder/ => C:\Users\kccistc\.stmcufinder\plugins\mcufinder
2026-09-04 09:20:31,334 [INFO] ApiDb:250 - Set database path to: C:\Users\kccistc\.stmcufinder\plugins\mcufinder//mcu/
2026-09-04 09:20:31,334 [WARN] DbFile:41 - Overriding database path with different value: C:\Users\kccistc\.stmcufinder\plugins\mcufinder/ => C:\Users\kccistc\.stmcufinder\plugins\mcufinder
2026-09-04 09:20:31,334 [INFO] DbMcusAds:125 - Set database path to: C:\Users\kccistc\.stmcufinder\plugins\mcufinder//mcu/
2026-09-04 09:20:31,334 [WARN] DbFile:41 - Overriding database path with different value: C:\Users\kccistc\.stmcufinder\plugins\mcufinder/ => C:\Users\kccistc\.stmcufinder\plugins\mcufinder
2026-09-04 09:20:31,334 [WARN] DbFile:41 - Overriding database path with different value: C:\Users\kccistc\.stmcufinder\plugins\mcufinder/ => C:\Users\kccistc\.stmcufinder\plugins\mcufinder
2026-09-04 09:20:31,334 [INFO] CrossReferenceDbSqlite:203 - Set database path to: C:\Users\kccistc\.stmcufinder\plugins\mcufinder//mcu/cs/
2026-09-04 09:20:31,351 [INFO] ApplicationProperties:184 - Using Application install path: C:\ST\STM32CubeIDE_1.15.0\STM32CubeIDE\plugins\com.st.stm32cube.common.mx_6.11.0.202403141607
2026-09-04 09:20:31,352 [INFO] PluginManage:196 - Search for loadable plugins [exclusion list=, ]
2026-09-04 09:20:31,353 [INFO] PluginManage:310 - Check plugin analytics
2026-09-04 09:20:31,512 [INFO] AnalyticsPlugin:253 - Accepted Software Licenses: STM32CubeMX.6.17.0
2026-09-04 09:20:31,512 [INFO] AnalyticsPlugin:255 - Accepted CMSIS Pack Licenses: 
2026-09-04 09:20:31,512 [INFO] AnalyticsPlugin:257 - Accepted Firmware Licenses: FW.G4.1.6.0,FW.G4.1.6.1,FW.G4.1.6.3,FW.F4.1.28.0
2026-09-04 09:20:31,516 [INFO] PluginManage:359 - Loaded plugin analytics (category:tool,tabindex:-1)
2026-09-04 09:20:31,517 [INFO] PluginManage:310 - Check plugin cadmodel
2026-09-04 09:20:31,531 [INFO] CADModel:105 - Init CAD model plugin
2026-09-04 09:20:31,531 [INFO] PluginManage:359 - Loaded plugin cadmodel (category:power,tabindex:5)
2026-09-04 09:20:31,532 [INFO] PluginManage:310 - Check plugin clock
2026-09-04 09:20:31,548 [INFO] PluginManage:359 - Loaded plugin clock (category:base,tabindex:2)
2026-09-04 09:20:31,549 [INFO] PluginManage:310 - Check plugin ddr
2026-09-04 09:20:31,551 [INFO] PluginManage:359 - Loaded plugin ddr (category:tool,tabindex:6)
2026-09-04 09:20:31,552 [INFO] PluginManage:310 - Check plugin filemanager
2026-09-04 09:20:31,725 [INFO] PluginManage:359 - Loaded plugin filemanager (category:base,tabindex:10)
2026-09-04 09:20:31,725 [INFO] PluginManage:310 - Check plugin ipmanager
2026-09-04 09:20:31,733 [INFO] PluginManage:359 - Loaded plugin ipmanager (category:base,tabindex:5)
2026-09-04 09:20:31,733 [INFO] PluginManage:310 - Check plugin lpbam
2026-09-04 09:20:31,749 [INFO] PluginManage:359 - Loaded plugin lpbam (category:base,tabindex:0)
2026-09-04 09:20:31,750 [INFO] PluginManage:310 - Check plugin memorymap
2026-09-04 09:20:31,773 [INFO] PluginManage:359 - Loaded plugin memorymap (category:base,tabindex:4)
2026-09-04 09:20:31,773 [INFO] PluginManage:310 - Check plugin pinoutandconfiguration
2026-09-04 09:20:31,788 [INFO] PluginManage:359 - Loaded plugin pinoutandconfiguration (category:base,tabindex:1)
2026-09-04 09:20:31,788 [INFO] PluginManage:310 - Check plugin pinoutconfig
2026-09-04 09:20:31,873 [WARN] SupportedApi:132 - Cannot load RTOS API schema: s4s-elt-must-match.1: The content of 'definitions' must match (annotation?, (simpleType | complexType)?, (unique | key | keyref)*)). A problem was found starting at: attribute.
2026-09-04 09:20:31,989 [INFO] PluginManage:359 - Loaded plugin pinoutconfig (category:base,tabindex:0)
2026-09-04 09:20:31,989 [INFO] PluginManage:310 - Check plugin power
2026-09-04 09:20:32,010 [INFO] PluginManage:359 - Loaded plugin power (category:power,tabindex:4)
2026-09-04 09:20:32,010 [INFO] PluginManage:310 - Check plugin projectmanager
2026-09-04 09:20:32,025 [INFO] PluginManage:359 - Loaded plugin projectmanager (category:projectmanager,tabindex:3)
2026-09-04 09:20:32,026 [INFO] PluginManage:310 - Check plugin thirdparty
2026-09-04 09:20:32,277 [INFO] PluginManage:359 - Loaded plugin thirdparty (category:base,tabindex:-1)
2026-09-04 09:20:32,278 [INFO] PluginManage:310 - Check plugin tools
2026-09-04 09:20:32,277 [WARN] IntegrityCheckThread:84 - waiting for thirdparty lock release [integrity check]
2026-09-04 09:20:32,278 [INFO] IntegrityCheckThread:86 - entering critical section [integrity check]
2026-09-04 09:20:32,279 [INFO] ThirdPartyUpdaterWithRetryManager:70 - Updater plugin not ready yet. [1/15]
2026-09-04 09:20:32,307 [INFO] PluginManage:359 - Loaded plugin tools (category:base,tabindex:7)
2026-09-04 09:20:32,307 [INFO] PluginManage:310 - Check plugin tutovideos
2026-09-04 09:20:32,480 [INFO] PluginManage:359 - Loaded plugin tutovideos (category:base,tabindex:-1)
2026-09-04 09:20:32,480 [INFO] PluginManage:310 - Check plugin updater
2026-09-04 09:20:32,488 [INFO] PluginManage:359 - Loaded plugin updater (category:base,tabindex:12)
2026-09-04 09:20:32,488 [INFO] PluginManage:310 - Check plugin userauth
2026-09-04 09:20:32,493 [INFO] UserAuth:114 - Init User Auth plugin
2026-09-04 09:20:32,493 [INFO] PluginManage:359 - Loaded plugin userauth (category:base,tabindex:14)
2026-09-04 09:20:32,493 [INFO] PluginManage:283 - PluginManage : Loaded plugins [17]
2026-09-04 09:20:32,694 [INFO] PinOutPanel:1561 - setPackage(No Configuration,No Configuration)
2026-09-04 09:20:32,759 [INFO] CADModel:165 - CPN selected for project level
2026-09-04 09:20:32,759 [INFO] CADModel:114 - Register for checkConnection events
2026-09-04 09:20:32,782 [INFO] IPUIPlugin:80 - create IPUIPlugin
2026-09-04 09:20:32,782 [INFO] PluginManager:220 - loadIPPluginJar : add adc
2026-09-04 09:20:32,812 [INFO] IPUIPlugin:80 - create IPUIPlugin
2026-09-04 09:20:32,812 [INFO] PluginManager:220 - loadIPPluginJar : add aes
2026-09-04 09:20:32,847 [INFO] IPUIPlugin:80 - create IPUIPlugin
2026-09-04 09:20:32,847 [INFO] PluginManager:220 - loadIPPluginJar : add can
2026-09-04 09:20:32,865 [INFO] IPUIPlugin:80 - create IPUIPlugin
2026-09-04 09:20:32,866 [INFO] PluginManager:220 - loadIPPluginJar : add comp
2026-09-04 09:20:32,892 [INFO] IPUIPlugin:80 - create IPUIPlugin
2026-09-04 09:20:32,892 [INFO] PluginManager:220 - loadIPPluginJar : add cryp
2026-09-04 09:20:32,915 [INFO] IPUIPlugin:80 - create IPUIPlugin
2026-09-04 09:20:32,915 [INFO] PluginManager:220 - loadIPPluginJar : add dfsdm
2026-09-04 09:20:32,927 [INFO] IPUIPlugin:80 - create IPUIPlugin
2026-09-04 09:20:32,928 [INFO] PluginManager:220 - loadIPPluginJar : add dma
2026-09-04 09:20:32,961 [INFO] IPUIPlugin:80 - create IPUIPlugin
2026-09-04 09:20:32,961 [INFO] PluginManager:220 - loadIPPluginJar : add dma3
2026-09-04 09:20:32,998 [INFO] IPUIPlugin:80 - create IPUIPlugin
2026-09-04 09:20:32,998 [INFO] PluginManager:220 - loadIPPluginJar : add extmemmanager
2026-09-04 09:20:33,015 [INFO] IPUIPlugin:80 - create IPUIPlugin
2026-09-04 09:20:33,015 [INFO] PluginManager:220 - loadIPPluginJar : add fatfs
2026-09-04 09:20:33,053 [INFO] IPUIPlugin:80 - create IPUIPlugin
2026-09-04 09:20:33,053 [INFO] PluginManager:220 - loadIPPluginJar : add fmc
2026-09-04 09:20:33,064 [INFO] IPUIPlugin:80 - create IPUIPlugin
2026-09-04 09:20:33,064 [INFO] PluginManager:220 - loadIPPluginJar : add freertos
2026-09-04 09:20:33,080 [INFO] IPUIPlugin:80 - create IPUIPlugin
2026-09-04 09:20:33,081 [INFO] PluginManager:220 - loadIPPluginJar : add genericplugin
2026-09-04 09:20:33,152 [INFO] IPUIPlugin:80 - create IPUIPlugin
2026-09-04 09:20:33,152 [INFO] PluginManager:220 - loadIPPluginJar : add gfxmmu
2026-09-04 09:20:33,252 [INFO] IPUIPlugin:80 - create IPUIPlugin
2026-09-04 09:20:33,252 [INFO] PluginManager:220 - loadIPPluginJar : add gic
2026-09-04 09:20:33,261 [INFO] IPUIPlugin:80 - create IPUIPlugin
2026-09-04 09:20:33,262 [INFO] PluginManager:220 - loadIPPluginJar : add gpio
2026-09-04 09:20:33,333 [INFO] IPUIPlugin:80 - create IPUIPlugin
2026-09-04 09:20:33,333 [INFO] PluginManager:220 - loadIPPluginJar : add gtzc
2026-09-04 09:20:33,357 [INFO] IPUIPlugin:80 - create IPUIPlugin
2026-09-04 09:20:33,357 [INFO] PluginManager:220 - loadIPPluginJar : add hash
2026-09-04 09:20:33,398 [INFO] IPUIPlugin:80 - create IPUIPlugin
2026-09-04 09:20:33,398 [INFO] PluginManager:220 - loadIPPluginJar : add i2c
2026-09-04 09:20:33,428 [INFO] IPUIPlugin:80 - create IPUIPlugin
2026-09-04 09:20:33,428 [INFO] PluginManager:220 - loadIPPluginJar : add i2s
2026-09-04 09:20:33,462 [INFO] IPUIPlugin:80 - create IPUIPlugin
2026-09-04 09:20:33,462 [INFO] PluginManager:220 - loadIPPluginJar : add i3c
2026-09-04 09:20:33,552 [INFO] IPUIPlugin:80 - create IPUIPlugin
2026-09-04 09:20:33,552 [INFO] PluginManager:220 - loadIPPluginJar : add ipddr
2026-09-04 09:20:33,623 [INFO] IPUIPlugin:80 - create IPUIPlugin
2026-09-04 09:20:33,623 [INFO] PluginManager:220 - loadIPPluginJar : add linkedlist
2026-09-04 09:20:33,650 [INFO] IPUIPlugin:80 - create IPUIPlugin
2026-09-04 09:20:33,651 [INFO] PluginManager:220 - loadIPPluginJar : add lorawan
2026-09-04 09:20:33,680 [INFO] IPUIPlugin:80 - create IPUIPlugin
2026-09-04 09:20:33,680 [INFO] PluginManager:220 - loadIPPluginJar : add ltdc
2026-09-04 09:20:33,693 [INFO] IPUIPlugin:80 - create IPUIPlugin
2026-09-04 09:20:33,693 [INFO] PluginManager:220 - loadIPPluginJar : add mdma
2026-09-04 09:20:33,703 [INFO] IPUIPlugin:80 - create IPUIPlugin
2026-09-04 09:20:33,703 [INFO] PluginManager:220 - loadIPPluginJar : add nvic
2026-09-04 09:20:33,730 [INFO] IPUIPlugin:80 - create IPUIPlugin
2026-09-04 09:20:33,731 [INFO] PluginManager:220 - loadIPPluginJar : add opamp
2026-09-04 09:20:33,780 [INFO] IPUIPlugin:80 - create IPUIPlugin
2026-09-04 09:20:33,780 [INFO] PluginManager:220 - loadIPPluginJar : add openamp
2026-09-04 09:20:33,813 [INFO] IPUIPlugin:80 - create IPUIPlugin
2026-09-04 09:20:33,813 [INFO] PluginManager:220 - loadIPPluginJar : add pdm2pcm
2026-09-04 09:20:33,825 [INFO] IPUIPlugin:80 - create IPUIPlugin
2026-09-04 09:20:33,827 [INFO] PluginManager:220 - loadIPPluginJar : add plateformsettings
2026-09-04 09:20:33,844 [INFO] IPUIPlugin:80 - create IPUIPlugin
2026-09-04 09:20:33,845 [INFO] PluginManager:220 - loadIPPluginJar : add quadspi
2026-09-04 09:20:33,854 [INFO] IPUIPlugin:80 - create IPUIPlugin
2026-09-04 09:20:33,854 [INFO] PluginManager:220 - loadIPPluginJar : add resmgrutility
2026-09-04 09:20:33,894 [INFO] IPUIPlugin:80 - create IPUIPlugin
2026-09-04 09:20:33,894 [INFO] PluginManager:220 - loadIPPluginJar : add sai
2026-09-04 09:20:33,923 [INFO] IPUIPlugin:80 - create IPUIPlugin
2026-09-04 09:20:33,923 [INFO] PluginManager:220 - loadIPPluginJar : add spi
2026-09-04 09:20:33,979 [INFO] IPUIPlugin:80 - create IPUIPlugin
2026-09-04 09:20:33,979 [INFO] PluginManager:220 - loadIPPluginJar : add stm32_wpan
2026-09-04 09:20:33,995 [INFO] IPUIPlugin:80 - create IPUIPlugin
2026-09-04 09:20:33,995 [INFO] PluginManager:220 - loadIPPluginJar : add tim
2026-09-04 09:20:34,050 [INFO] IPUIPlugin:80 - create IPUIPlugin
2026-09-04 09:20:34,050 [INFO] PluginManager:220 - loadIPPluginJar : add touchsensing
2026-09-04 09:20:34,067 [INFO] IPUIPlugin:80 - create IPUIPlugin
2026-09-04 09:20:34,067 [INFO] PluginManager:220 - loadIPPluginJar : add tracer_emb
2026-09-04 09:20:34,085 [INFO] IPUIPlugin:80 - create IPUIPlugin
2026-09-04 09:20:34,085 [INFO] PluginManager:220 - loadIPPluginJar : add ts
2026-09-04 09:20:34,102 [INFO] IPUIPlugin:80 - create IPUIPlugin
2026-09-04 09:20:34,102 [INFO] PluginManager:220 - loadIPPluginJar : add tsc
2026-09-04 09:20:34,120 [INFO] IPUIPlugin:80 - create IPUIPlugin
2026-09-04 09:20:34,120 [INFO] PluginManager:220 - loadIPPluginJar : add ucpd
2026-09-04 09:20:34,155 [INFO] IPUIPlugin:80 - create IPUIPlugin
2026-09-04 09:20:34,155 [INFO] PluginManager:220 - loadIPPluginJar : add usart
2026-09-04 09:20:34,191 [INFO] IPUIPlugin:80 - create IPUIPlugin
2026-09-04 09:20:34,192 [INFO] PluginManager:220 - loadIPPluginJar : add usbx
2026-09-04 09:20:34,310 [INFO] CADModel:165 - CPN selected for project level
2026-09-04 09:20:34,310 [INFO] CADModel:114 - Register for checkConnection events
2026-09-04 09:20:34,310 [FATAL] Updater:308 - Updater called before beeing initialized
2026-09-04 09:20:34,311 [ERROR] CADModel:125 - Updater not yet initialized, retry later 
2026-09-04 09:20:34,419 [INFO] CADModel:165 - CPN selected for project level
2026-09-04 09:20:34,419 [INFO] CADModel:114 - Register for checkConnection events
2026-09-04 09:20:34,419 [FATAL] Updater:308 - Updater called before beeing initialized
2026-09-04 09:20:34,419 [ERROR] CADModel:125 - Updater not yet initialized, retry later 
2026-09-04 09:20:34,422 [FATAL] Updater:308 - Updater called before beeing initialized
2026-09-04 09:20:34,530 [FATAL] Updater:308 - Updater called before beeing initialized
2026-09-04 09:20:34,542 [INFO] DbMcusAds:53 - JSON generation date=Wed Jul 15 18:44:54 KST 2026 (1784108694001)
2026-09-04 09:20:34,542 [FATAL] Updater:308 - Updater called before beeing initialized
2026-09-04 09:20:34,580 [WARN] DetailPanel:346 - Failed to get advertising image, set to default
2026-09-04 09:20:34,658 [FATAL] Updater:308 - Updater called before beeing initialized
2026-09-04 09:20:34,660 [FATAL] Updater:308 - Updater called before beeing initialized
2026-09-04 09:20:34,660 [FATAL] Updater:308 - Updater called before beeing initialized
2026-09-04 09:20:34,660 [WARN] DetailPanel:346 - Failed to get advertising image, set to default
2026-09-04 09:20:34,661 [FATAL] Updater:308 - Updater called before beeing initialized
2026-09-04 09:20:34,722 [ERROR] Updater:1120 - MainUpdater not yet initialized. External WinMGr cannot be set.
2026-09-04 09:20:34,733 [INFO] Updater:1056 - Updater Version found : 6.11.0
2026-09-04 09:20:34,755 [INFO] ApplicationProperties:184 - Using Application install path: C:\ST\STM32CubeIDE_1.15.0\STM32CubeIDE\plugins\com.st.stm32cube.common.mx_6.11.0.202403141607
2026-09-04 09:20:35,273 [INFO] MainUpdater:2873 - connection check result : 10
2026-09-04 09:20:35,274 [INFO] MainUpdater:290 - Updater Check For Update Now.
2026-09-04 09:20:35,274 [INFO] MicroXplorer:498 - Change Database Version : DB.6.0.110
2026-09-04 09:20:35,282 [WARN] MainUpdater:1194 - Updater busy. Cannot search thirdparties
2026-09-04 09:20:35,282 [INFO] ThirdPartyUpdaterWithRetryManager:96 - Updater plugin is busy. [1/15]
2026-09-04 09:20:35,288 [INFO] McuFinderGlobals:63 - Set McuFinder mode to 2 (CubeIDE integrated)
2026-09-04 09:20:35,299 [INFO] UserAuth:415 - Internet connection configuration mode: 1
2026-09-04 09:20:35,334 [INFO] JxBrowserEngine:152 - Initiate JxBrowser Engine with user profile folder
2026-09-04 09:20:35,488 [INFO] CheckServerUpdateThread:120 - End of CheckServer Thread
2026-09-04 09:20:37,731 [INFO] WebApp:161 - Instantiating new browser for Auth
2026-09-04 09:20:38,284 [INFO] WebApp:779 - Register for checkConnection events
2026-09-04 09:20:38,284 [INFO] WebApp:414 - Apply proxy settings
2026-09-04 09:20:38,284 [INFO] WebApp:499 - Chromium requires no authentication
2026-09-04 09:20:38,294 [INFO] WebApp:442 - Direct internet connection detected
2026-09-04 09:20:38,522 [WARN] PackLoader:240 - Cannot read IP mode file for STMicroelectronics.X-CUBE-AZRTOS-H7.3.5.0
2026-09-04 09:20:38,545 [WARN] PackLoader:240 - Cannot read IP mode file for STMicroelectronics.FP-ATR-ASTRA1.2.0.3
2026-09-04 09:20:38,579 [ERROR] Engine:466 - C:\Users\kccistc\.stm32cubemx\thirdparties\pdsc\STMicroelectronics.X-CUBE-SMBUS.2.1.1.pdsc: PDSC version is not supported
2026-09-04 09:20:38,609 [WARN] PackLoader:240 - Cannot read IP mode file for STMicroelectronics.X-CUBE-AZRTOS-F7.1.1.0
2026-09-04 09:20:38,627 [ERROR] Engine:466 - C:\Users\kccistc\.stm32cubemx\thirdparties\pdsc\STMicroelectronics.X-CUBE-FREERTOS.1.6.0.pdsc: PDSC version is not supported
2026-09-04 09:20:38,640 [ERROR] Engine:466 - C:\Users\kccistc\.stm32cubemx\thirdparties\pdsc\STMicroelectronics.FP-SNS-MOTENV1.5.1.0.pdsc: PDSC version is not supported
2026-09-04 09:20:38,684 [WARN] PackLoader:240 - Cannot read IP mode file for STMicroelectronics.X-CUBE-AZRTOS-H7RS.1.3.0
2026-09-04 09:20:38,703 [ERROR] Engine:466 - C:\Users\kccistc\.stm32cubemx\thirdparties\pdsc\WES.I-CUBE-Cesium.1.4.0.pdsc: PDSC version is not supported
2026-09-04 09:20:38,724 [WARN] PackLoader:240 - Cannot read IP mode file for STMicroelectronics.X-CUBE-DISPLAY.3.0.0
2026-09-04 09:20:38,749 [WARN] PackLoader:240 - Cannot read IP mode file for STMicroelectronics.X-CUBE-GNSS1.7.1.1
2026-09-04 09:20:38,761 [ERROR] Engine:466 - C:\Users\kccistc\.stm32cubemx\thirdparties\pdsc\STMicroelectronics.FP-SNS-MOTENVWB1.1.5.0.pdsc: PDSC version is not supported
2026-09-04 09:20:38,791 [WARN] PackLoader:240 - Cannot read IP mode file for STMicroelectronics.X-CUBE-NFC10.1.0.0
2026-09-04 09:20:38,807 [ERROR] Engine:466 - C:\Users\kccistc\.stm32cubemx\thirdparties\pdsc\STMicroelectronics.X-CUBE-ST60.1.1.0.pdsc: PDSC version is not supported
2026-09-04 09:20:38,826 [WARN] PackLoader:240 - Cannot read IP mode file for emotas.I-CUBE-CANOPEN.1.3.0
2026-09-04 09:20:38,839 [WARN] PackLoader:240 - Cannot read IP mode file for wolfSSL.I-CUBE-wolfSSL.5.9.2
2026-09-04 09:20:38,852 [ERROR] Engine:466 - C:\Users\kccistc\.stm32cubemx\thirdparties\pdsc\STMicroelectronics.X-CUBE-WBA.1.1.0.pdsc: PDSC version is not supported
2026-09-04 09:20:38,867 [ERROR] Engine:466 - C:\Users\kccistc\.stm32cubemx\thirdparties\pdsc\STMicroelectronics.FP-SNS-STBOX1.2.1.0.pdsc: PDSC version is not supported
2026-09-04 09:20:38,882 [WARN] PackLoader:240 - Cannot read IP mode file for STMicroelectronics.FP-SNS-SMARTAG2.1.2.0
2026-09-04 09:20:38,895 [ERROR] Engine:466 - C:\Users\kccistc\.stm32cubemx\thirdparties\pdsc\STMicroelectronics.FP-SNS-FLIGHT1.5.1.0.pdsc: PDSC version is not supported
2026-09-04 09:20:38,916 [INFO] LogOutputStream:77 - [STDOUT_REDIRECT] 1 : Invalid condition id : UX_CORESTACK_Condition cause : null
2026-09-04 09:20:38,918 [INFO] LogOutputStream:77 - [STDOUT_REDIRECT] 1 : Invalid condition id : UX_CORESTACK_Condition cause : null
2026-09-04 09:20:38,920 [INFO] LogOutputStream:77 - [STDOUT_REDIRECT] 1 : Invalid condition id : UX_CORESTACK_Condition cause : null
2026-09-04 09:20:38,922 [INFO] LogOutputStream:77 - [STDOUT_REDIRECT] 1 : Invalid condition id : UX_CORESTACK_Condition cause : null
2026-09-04 09:20:38,926 [INFO] LogOutputStream:77 - [STDOUT_REDIRECT] 1 : Invalid condition id : UX_CORESTACK_Condition cause : null
2026-09-04 09:20:38,930 [WARN] PackLoader:240 - Cannot read IP mode file for STMicroelectronics.X-CUBE-AZRTOS-WL.2.0.0
2026-09-04 09:20:38,950 [WARN] PackLoader:240 - Cannot read IP mode file for STMicroelectronics.X-CUBE-BLE2.3.3.0
2026-09-04 09:20:38,963 [ERROR] Engine:466 - C:\Users\kccistc\.stm32cubemx\thirdparties\pdsc\Avnet-IOTCONNECT.X-CUBE-iotc-st67-sdk.1.0.0.pdsc: PDSC version is not supported
2026-09-04 09:20:38,995 [INFO] WebApp:192 - Starting web application
2026-09-04 09:20:38,995 [INFO] WebApp:544 - Web application path used C:\ST\STM32CubeIDE_1.15.0\STM32CubeIDE\plugins\com.st.stm32cube.common.mx_6.11.0.202403141607\db\plugins\mcufinder\reactClient1\index.html
2026-09-04 09:20:39,006 [WARN] PackLoader:240 - Cannot read IP mode file for Infineon.AIROC-Wi-Fi-Bluetooth-STM32.1.8.0
2026-09-04 09:20:39,036 [WARN] PackLoader:240 - Cannot read IP mode file for STMicroelectronics.X-CUBE-NFC9.1.0.0
2026-09-04 09:20:39,054 [WARN] PackLoader:240 - Cannot read IP mode file for STMicroelectronics.X-CUBE-BLE1.7.1.0
2026-09-04 09:20:39,072 [WARN] PackLoader:240 - Cannot read IP mode file for wolfSSL.I-CUBE-wolfMQTT.1.19.2
2026-09-04 09:20:39,092 [WARN] PackLoader:240 - Cannot read IP mode file for STMicroelectronics.X-CUBE-EEPRMA1.5.2.0
2026-09-04 09:20:39,125 [WARN] PackLoader:240 - Cannot read IP mode file for STMicroelectronics.X-CUBE-AZRTOS-G0.1.1.0
2026-09-04 09:20:39,144 [WARN] PackLoader:240 - Cannot read IP mode file for STMicroelectronics.X-CUBE-NFC4.3.0.0
2026-09-04 09:20:39,167 [WARN] PackLoader:240 - Cannot read IP mode file for EmbeddedOffice.I-CUBE-FS-RTOS.1.0.1
2026-09-04 09:20:39,167 [ERROR] ConditionMgr:805 - Attr not supported : Dmpu
2026-09-04 09:20:39,167 [ERROR] ConditionMgr:805 - Attr not supported : Dmpu
2026-09-04 09:20:39,167 [ERROR] ConditionMgr:805 - Attr not supported : Dmpu
2026-09-04 09:20:39,167 [ERROR] ConditionMgr:805 - Attr not supported : Dmpu
2026-09-04 09:20:39,167 [ERROR] ConditionMgr:805 - Attr not supported : Dmpu
2026-09-04 09:20:39,168 [ERROR] ConditionMgr:805 - Attr not supported : Dmpu
2026-09-04 09:20:39,168 [ERROR] ConditionMgr:805 - Attr not supported : Dmpu
2026-09-04 09:20:39,168 [ERROR] ConditionMgr:805 - Attr not supported : Dmpu
2026-09-04 09:20:39,168 [ERROR] ConditionMgr:805 - Attr not supported : Dmpu
2026-09-04 09:20:39,168 [ERROR] ConditionMgr:805 - Attr not supported : Dmpu
2026-09-04 09:20:39,168 [ERROR] ConditionMgr:805 - Attr not supported : Dmpu
2026-09-04 09:20:39,168 [ERROR] ConditionMgr:805 - Attr not supported : Dmpu
2026-09-04 09:20:39,168 [ERROR] ConditionMgr:805 - Attr not supported : Dmpu
2026-09-04 09:20:39,168 [ERROR] ConditionMgr:805 - Attr not supported : Dmpu
2026-09-04 09:20:39,168 [ERROR] ConditionMgr:805 - Attr not supported : Dmpu
2026-09-04 09:20:39,169 [ERROR] ConditionMgr:805 - Attr not supported : Dmpu
2026-09-04 09:20:39,169 [ERROR] ConditionMgr:805 - Attr not supported : Dmpu
2026-09-04 09:20:39,169 [ERROR] ConditionMgr:805 - Attr not supported : Dmpu
2026-09-04 09:20:39,169 [ERROR] ConditionMgr:805 - Attr not supported : Dmpu
2026-09-04 09:20:39,169 [ERROR] ConditionMgr:805 - Attr not supported : Dmpu
2026-09-04 09:20:39,169 [ERROR] ConditionMgr:805 - Attr not supported : Dmpu
2026-09-04 09:20:39,169 [ERROR] ConditionMgr:805 - Attr not supported : Dmpu
2026-09-04 09:20:39,169 [ERROR] ConditionMgr:805 - Attr not supported : Dmpu
2026-09-04 09:20:39,169 [ERROR] ConditionMgr:805 - Attr not supported : Dmpu
2026-09-04 09:20:39,169 [ERROR] ConditionMgr:805 - Attr not supported : Dmpu
2026-09-04 09:20:39,169 [ERROR] ConditionMgr:805 - Attr not supported : Dmpu
2026-09-04 09:20:39,169 [ERROR] ConditionMgr:805 - Attr not supported : Dmpu
2026-09-04 09:20:39,169 [ERROR] ConditionMgr:805 - Attr not supported : Dmpu
2026-09-04 09:20:39,169 [ERROR] ConditionMgr:805 - Attr not supported : Dmpu
2026-09-04 09:20:39,169 [ERROR] ConditionMgr:805 - Attr not supported : Dmpu
2026-09-04 09:20:39,169 [ERROR] ConditionMgr:805 - Attr not supported : Dmpu
2026-09-04 09:20:39,169 [ERROR] ConditionMgr:805 - Attr not supported : Dmpu
2026-09-04 09:20:39,169 [ERROR] ConditionMgr:805 - Attr not supported : Dmpu
2026-09-04 09:20:39,169 [ERROR] ConditionMgr:805 - Attr not supported : Dmpu
2026-09-04 09:20:39,169 [ERROR] ConditionMgr:805 - Attr not supported : Dmpu
2026-09-04 09:20:39,170 [ERROR] ConditionMgr:805 - Attr not supported : Dmpu
2026-09-04 09:20:39,170 [ERROR] ConditionMgr:805 - Attr not supported : Dmpu
2026-09-04 09:20:39,170 [ERROR] ConditionMgr:805 - Attr not supported : Dmpu
2026-09-04 09:20:39,170 [ERROR] ConditionMgr:805 - Attr not supported : Dmpu
2026-09-04 09:20:39,170 [ERROR] ConditionMgr:805 - Attr not supported : Dmpu
2026-09-04 09:20:39,170 [ERROR] ConditionMgr:805 - Attr not supported : Dmpu
2026-09-04 09:20:39,170 [ERROR] ConditionMgr:805 - Attr not supported : Dmpu
2026-09-04 09:20:39,170 [ERROR] ConditionMgr:805 - Attr not supported : Dmpu
2026-09-04 09:20:39,170 [ERROR] ConditionMgr:805 - Attr not supported : Dmpu
2026-09-04 09:20:39,170 [ERROR] ConditionMgr:805 - Attr not supported : Dmpu
2026-09-04 09:20:39,170 [ERROR] ConditionMgr:805 - Attr not supported : Dmpu
2026-09-04 09:20:39,170 [ERROR] ConditionMgr:805 - Attr not supported : Dmpu
2026-09-04 09:20:39,170 [ERROR] ConditionMgr:805 - Attr not supported : Dmpu
2026-09-04 09:20:39,170 [ERROR] ConditionMgr:805 - Attr not supported : Dmpu
2026-09-04 09:20:39,170 [ERROR] ConditionMgr:805 - Attr not supported : Dmpu
2026-09-04 09:20:39,170 [ERROR] ConditionMgr:805 - Attr not supported : Dmpu
2026-09-04 09:20:39,170 [ERROR] ConditionMgr:805 - Attr not supported : Dmpu
2026-09-04 09:20:39,171 [ERROR] ConditionMgr:805 - Attr not supported : Dmpu
2026-09-04 09:20:39,171 [ERROR] ConditionMgr:805 - Attr not supported : Dmpu
2026-09-04 09:20:39,171 [ERROR] ConditionMgr:805 - Attr not supported : Dmpu
2026-09-04 09:20:39,171 [ERROR] ConditionMgr:805 - Attr not supported : Dmpu
2026-09-04 09:20:39,171 [ERROR] ConditionMgr:805 - Attr not supported : Dmpu
2026-09-04 09:20:39,171 [ERROR] ConditionMgr:805 - Attr not supported : Dmpu
2026-09-04 09:20:39,171 [ERROR] ConditionMgr:805 - Attr not supported : Dmpu
2026-09-04 09:20:39,171 [ERROR] ConditionMgr:805 - Attr not supported : Dmpu
2026-09-04 09:20:39,171 [ERROR] ConditionMgr:805 - Attr not supported : Dmpu
2026-09-04 09:20:39,171 [ERROR] ConditionMgr:805 - Attr not supported : Dmpu
2026-09-04 09:20:39,171 [ERROR] ConditionMgr:805 - Attr not supported : Dmpu
2026-09-04 09:20:39,171 [ERROR] ConditionMgr:805 - Attr not supported : Dmpu
2026-09-04 09:20:39,188 [WARN] PackLoader:240 - Cannot read IP mode file for wolfSSL.I-CUBE-wolfTPM.3.8.0
2026-09-04 09:20:39,201 [ERROR] Engine:466 - C:\Users\kccistc\.stm32cubemx\thirdparties\pdsc\STMicroelectronics.X-CUBE-TCPP.4.2.0.pdsc: PDSC version is not supported
2026-09-04 09:20:39,218 [WARN] PackLoader:240 - Cannot read IP mode file for RealThread.X-CUBE-RT-Thread_Nano.4.1.1
2026-09-04 09:20:39,234 [WARN] PackLoader:240 - Cannot read IP mode file for STMicroelectronics.FP-ATR-SIGFOX1.3.2.0
2026-09-04 09:20:39,250 [WARN] PackLoader:240 - Cannot read IP mode file for ITTIA_DB.I-CUBE-ITTIADB.8.9.0
2026-09-04 09:20:39,266 [ERROR] Engine:466 - C:\Users\kccistc\.stm32cubemx\thirdparties\pdsc\Cesanta.I-CUBE-Mongoose.7.21.7.pdsc: PDSC version is not supported
2026-09-04 09:20:39,284 [WARN] PackLoader:240 - Cannot read IP mode file for STMicroelectronics.X-CUBE-NFC6.3.2.0
2026-09-04 09:20:39,301 [WARN] PackLoader:240 - Cannot read IP mode file for STMicroelectronics.X-CUBE-AI.10.2.1
2026-09-04 09:20:39,343 [WARN] PackLoader:240 - Cannot read IP mode file for SEGGER.I-CUBE-embOS.1.3.1
2026-09-04 09:20:39,383 [ERROR] Engine:466 - C:\Users\kccistc\.stm32cubemx\thirdparties\pdsc\STMicroelectronics.FP-SNS-STAIOTCFT.2.0.0.pdsc: PDSC version is not supported
2026-09-04 09:20:39,400 [WARN] PackLoader:240 - Cannot read IP mode file for STMicroelectronics.X-CUBE-NFC13.1.0.0
2026-09-04 09:20:39,416 [WARN] PackLoader:240 - Cannot read IP mode file for STMicroelectronics.X-CUBE-PM33A1.1.0.0
2026-09-04 09:20:39,454 [WARN] PackLoader:240 - Cannot read IP mode file for STMicroelectronics.X-CUBE-AZRTOS-F4.1.1.0
2026-09-04 09:20:39,474 [WARN] PackLoader:240 - Cannot read IP mode file for STMicroelectronics.X-CUBE-ISPU.2.1.0
2026-09-04 09:20:39,491 [ERROR] Engine:466 - C:\Users\kccistc\.stm32cubemx\thirdparties\pdsc\STMicroelectronics.X-CUBE-IPS.3.2.0.pdsc: PDSC version is not supported
2026-09-04 09:20:39,503 [ERROR] Engine:466 - C:\Users\kccistc\.stm32cubemx\thirdparties\pdsc\STMicroelectronics.eDS-WB_DPC_TT-BIDIR.2.1.1.pdsc: PDSC version is not supported
2026-09-04 09:20:39,519 [WARN] PackLoader:240 - Cannot read IP mode file for STMicroelectronics.X-CUBE-NFC12.1.0.0
2026-09-04 09:20:39,550 [WARN] PackLoader:240 - Cannot read IP mode file for STMicroelectronics.X-CUBE-AZRTOS-L5.2.0.0
2026-09-04 09:20:39,569 [WARN] PackLoader:240 - Cannot read IP mode file for STMicroelectronics.X-CUBE-ALGOBUILD.1.5.0
2026-09-04 09:20:39,582 [ERROR] Engine:466 - C:\Users\kccistc\.stm32cubemx\thirdparties\pdsc\STMicroelectronics.eDS-WB_DPC_VIENNA.1.2.0.pdsc: PDSC version is not supported
2026-09-04 09:20:39,643 [WARN] PackLoader:240 - Cannot read IP mode file for STMicroelectronics.X-CUBE-MEMS1.13.0.0
2026-09-04 09:20:39,722 [ERROR] Engine:466 - C:\Users\kccistc\.stm32cubemx\thirdparties\pdsc\STMicroelectronics.eDS-WB_DPC_3PH2L-BIDIR.1.1.1.pdsc: PDSC version is not supported
2026-09-04 09:20:39,738 [ERROR] Engine:466 - C:\Users\kccistc\.stm32cubemx\thirdparties\pdsc\STMicroelectronics.X-CUBE-ST67W61.1.3.0.pdsc: PDSC version is not supported
2026-09-04 09:20:39,761 [WARN] PackLoader:240 - Cannot read IP mode file for STMicroelectronics.X-CUBE-TOUCHGFX.4.26.1
2026-09-04 09:20:39,776 [WARN] PackLoader:240 - Cannot read IP mode file for STMicroelectronics.X-CUBE-DPower.1.3.0
2026-09-04 09:20:39,812 [WARN] ConditionMgr:438 - getConditionDescription Invalid condition id : LAN8742 Phy interface Condition cause : null
2026-09-04 09:20:39,813 [WARN] PackLoader:240 - Cannot read IP mode file for STMicroelectronics.X-CUBE-AZRTOS-L4.2.0.0
2026-09-04 09:20:39,814 [WARN] ConditionMgr:1039 - genDependencies : Invalid condition id : LAN8742 Phy interface Condition cause : null
2026-09-04 09:20:39,814 [WARN] ConditionMgr:1039 - genDependencies : Invalid condition id : LAN8742 Phy interface Condition cause : null
2026-09-04 09:20:39,815 [WARN] ConditionMgr:1039 - genDependencies : Invalid condition id : LAN8742 Phy interface Condition cause : null
2026-09-04 09:20:39,831 [WARN] PackLoader:240 - Cannot read IP mode file for STMicroelectronics.X-CUBE-SFXS2LP1.4.0.0
2026-09-04 09:20:39,847 [WARN] PackLoader:240 - Cannot read IP mode file for STMicroelectronics.X-CUBE-WB05N.2.1.0
2026-09-04 09:20:39,873 [WARN] ConditionMgr:438 - getConditionDescription Invalid condition id : UX DEVICE CLASS RTOS Condition cause : null
2026-09-04 09:20:39,874 [WARN] ConditionMgr:438 - getConditionDescription Invalid condition id : UX DEVICE CLASS RTOS Condition cause : null
2026-09-04 09:20:39,875 [WARN] PackLoader:240 - Cannot read IP mode file for STMicroelectronics.X-CUBE-AZRTOS-WB.2.0.0
2026-09-04 09:20:39,876 [WARN] ConditionMgr:1039 - genDependencies : Invalid condition id : UX DEVICE CLASS RTOS Condition cause : null
2026-09-04 09:20:39,876 [WARN] ConditionMgr:1039 - genDependencies : Invalid condition id : UX DEVICE CLASS RTOS Condition cause : null
2026-09-04 09:20:39,876 [WARN] ConditionMgr:1039 - genDependencies : Invalid condition id : UX DEVICE CLASS RTOS Condition cause : null
2026-09-04 09:20:39,876 [WARN] ConditionMgr:1039 - genDependencies : Invalid condition id : UX DEVICE CLASS RTOS Condition cause : null
2026-09-04 09:20:39,876 [WARN] ConditionMgr:1039 - genDependencies : Invalid condition id : UX DEVICE CLASS RTOS Condition cause : null
2026-09-04 09:20:39,894 [WARN] PackLoader:240 - Cannot read IP mode file for STMicroelectronics.X-CUBE-STSE01.2.0.0
2026-09-04 09:20:39,915 [WARN] PackLoader:240 - Cannot read IP mode file for STMicroelectronics.X-CUBE-SUBG2.5.0.0
2026-09-04 09:20:39,948 [WARN] PackLoader:240 - Cannot read IP mode file for STMicroelectronics.X-CUBE-AZRTOS-G4.2.0.0
2026-09-04 09:20:39,969 [WARN] PackLoader:240 - Cannot read IP mode file for wolfSSL.I-CUBE-wolfSSH.1.4.20
2026-09-04 09:20:39,987 [WARN] PackLoader:240 - Cannot read IP mode file for STMicroelectronics.X-CUBE-NFC7.2.0.0
2026-09-04 09:20:40,004 [ERROR] Engine:466 - C:\Users\kccistc\.stm32cubemx\thirdparties\pdsc\STMicroelectronics.X-CUBE-BLEMGR.4.2.0.pdsc: PDSC version is not supported
2026-09-04 09:20:40,021 [WARN] PackLoader:240 - Cannot read IP mode file for STMicroelectronics.X-CUBE-ALS.1.0.2
2026-09-04 09:20:40,038 [ERROR] Engine:466 - C:\Users\kccistc\.stm32cubemx\thirdparties\pdsc\STMicroelectronics.X-CUBE-TOF1.3.4.3.pdsc: PDSC version is not supported
2026-09-04 09:20:40,039 [INFO] ThirdParty:978 - Integrity check success = true
2026-09-04 09:20:40,039 [INFO] IntegrityCheckThread:100 - exiting critical section [integrity check]
2026-09-04 09:20:40,039 [INFO] IntegrityCheckThread:103 - End integrity checks thread
2026-09-04 09:20:44,296 [ERROR] LogOutputStream:75 - [STDERR_REDIRECT] 
2026-09-04 09:20:57,877 [INFO] Activator:176 - 


2026-09-04 09:20:57,877 [INFO] Activator:177 - !SESSION log4j initialized
2026-09-04 09:21:00,520 [INFO] LogOutputStream:77 - [STDOUT_REDIRECT] 
2026-09-04 09:21:02,332 [INFO] ApplicationProperties:184 - Using Application install path: C:\ST\STM32CubeIDE_1.15.0\STM32CubeIDE\plugins\com.st.stm32cube.common.mx_6.11.0.202403141607
2026-09-04 09:21:02,361 [INFO] DbMcusXml:78 - Set database path to: C:\ST\STM32CubeIDE_1.15.0\STM32CubeIDE\plugins\com.st.stm32cube.common.mx_6.11.0.202403141607\\db\/mcu/
2026-09-04 09:21:02,361 [INFO] ApiDb:274 - Set plugin database path to: C:\ST\STM32CubeIDE_1.15.0\STM32CubeIDE\plugins\com.st.stm32cube.common.mx_6.11.0.202403141607\\db\/plugins/boardmanager/
2026-09-04 09:21:02,362 [WARN] ApiDb:259 - Overriding images path with different value:  => C:\ST\STM32CubeIDE_1.15.0\STM32CubeIDE\plugins\com.st.stm32cube.common.mx_6.11.0.202403141607\\db\/plugins/mcufinder/images/
2026-09-04 09:21:02,367 [INFO] ApiDb:250 - Set database path to: C:\Users\kccistc\.stmcufinder\plugins\mcufinder//mcu/
2026-09-04 09:21:02,369 [INFO] DbMcusAds:125 - Set database path to: C:\Users\kccistc\.stmcufinder\plugins\mcufinder//mcu/
2026-09-04 09:21:02,372 [INFO] CrossReferenceDbSqlite:203 - Set database path to: C:\Users\kccistc\.stmcufinder\plugins\mcufinder//mcu/cs/
2026-09-04 09:21:02,476 [INFO] RulesReader:64 - Compatibility file has been processed (297 Rules)
2026-09-04 09:21:02,562 [INFO] DbMcusXml:78 - Set database path to: C:\ST\STM32CubeIDE_1.15.0\STM32CubeIDE\plugins\com.st.stm32cube.common.mx_6.11.0.202403141607\\db\/mcu/
2026-09-04 09:21:02,562 [INFO] ApiDb:274 - Set plugin database path to: C:\ST\STM32CubeIDE_1.15.0\STM32CubeIDE\plugins\com.st.stm32cube.common.mx_6.11.0.202403141607\\db\/plugins/boardmanager/
2026-09-04 09:21:02,562 [INFO] ApiDb:261 - Set plugin images path to: C:\ST\STM32CubeIDE_1.15.0\STM32CubeIDE\plugins\com.st.stm32cube.common.mx_6.11.0.202403141607\\db\/plugins/mcufinder/images/
2026-09-04 09:21:02,562 [WARN] DbFile:41 - Overriding database path with different value: C:\Users\kccistc\.stmcufinder\plugins\mcufinder/ => C:\Users\kccistc\.stmcufinder\plugins\mcufinder
2026-09-04 09:21:02,563 [INFO] ApiDb:250 - Set database path to: C:\Users\kccistc\.stmcufinder\plugins\mcufinder//mcu/
2026-09-04 09:21:02,563 [WARN] DbFile:41 - Overriding database path with different value: C:\Users\kccistc\.stmcufinder\plugins\mcufinder/ => C:\Users\kccistc\.stmcufinder\plugins\mcufinder
2026-09-04 09:21:02,563 [INFO] DbMcusAds:125 - Set database path to: C:\Users\kccistc\.stmcufinder\plugins\mcufinder//mcu/
2026-09-04 09:21:02,563 [WARN] DbFile:41 - Overriding database path with different value: C:\Users\kccistc\.stmcufinder\plugins\mcufinder/ => C:\Users\kccistc\.stmcufinder\plugins\mcufinder
2026-09-04 09:21:02,563 [WARN] DbFile:41 - Overriding database path with different value: C:\Users\kccistc\.stmcufinder\plugins\mcufinder/ => C:\Users\kccistc\.stmcufinder\plugins\mcufinder
2026-09-04 09:21:02,563 [INFO] CrossReferenceDbSqlite:203 - Set database path to: C:\Users\kccistc\.stmcufinder\plugins\mcufinder//mcu/cs/
2026-09-04 09:21:02,629 [INFO] MainPanel:264 - HeapMemory: 268435456
2026-09-04 09:21:02,687 [INFO] DbMcusXml:78 - Set database path to: C:\ST\STM32CubeIDE_1.15.0\STM32CubeIDE\plugins\com.st.stm32cube.common.mx_6.11.0.202403141607\\db\/mcu/
2026-09-04 09:21:02,687 [INFO] ApiDb:274 - Set plugin database path to: C:\ST\STM32CubeIDE_1.15.0\STM32CubeIDE\plugins\com.st.stm32cube.common.mx_6.11.0.202403141607\\db\/plugins/boardmanager/
2026-09-04 09:21:02,688 [INFO] ApiDb:261 - Set plugin images path to: C:\ST\STM32CubeIDE_1.15.0\STM32CubeIDE\plugins\com.st.stm32cube.common.mx_6.11.0.202403141607\\db\/plugins/mcufinder/images/
2026-09-04 09:21:02,688 [WARN] DbFile:41 - Overriding database path with different value: C:\Users\kccistc\.stmcufinder\plugins\mcufinder/ => C:\Users\kccistc\.stmcufinder\plugins\mcufinder
2026-09-04 09:21:02,688 [INFO] ApiDb:250 - Set database path to: C:\Users\kccistc\.stmcufinder\plugins\mcufinder//mcu/
2026-09-04 09:21:02,688 [WARN] DbFile:41 - Overriding database path with different value: C:\Users\kccistc\.stmcufinder\plugins\mcufinder/ => C:\Users\kccistc\.stmcufinder\plugins\mcufinder
2026-09-04 09:21:02,688 [INFO] DbMcusAds:125 - Set database path to: C:\Users\kccistc\.stmcufinder\plugins\mcufinder//mcu/
2026-09-04 09:21:02,688 [WARN] DbFile:41 - Overriding database path with different value: C:\Users\kccistc\.stmcufinder\plugins\mcufinder/ => C:\Users\kccistc\.stmcufinder\plugins\mcufinder
2026-09-04 09:21:02,688 [WARN] DbFile:41 - Overriding database path with different value: C:\Users\kccistc\.stmcufinder\plugins\mcufinder/ => C:\Users\kccistc\.stmcufinder\plugins\mcufinder
2026-09-04 09:21:02,688 [INFO] CrossReferenceDbSqlite:203 - Set database path to: C:\Users\kccistc\.stmcufinder\plugins\mcufinder//mcu/cs/
2026-09-04 09:21:02,703 [INFO] ApplicationProperties:184 - Using Application install path: C:\ST\STM32CubeIDE_1.15.0\STM32CubeIDE\plugins\com.st.stm32cube.common.mx_6.11.0.202403141607
2026-09-04 09:21:02,705 [INFO] PluginManage:196 - Search for loadable plugins [exclusion list=, ]
2026-09-04 09:21:02,706 [INFO] PluginManage:310 - Check plugin analytics
2026-09-04 09:21:02,912 [INFO] AnalyticsPlugin:253 - Accepted Software Licenses: STM32CubeMX.6.17.0
2026-09-04 09:21:02,912 [INFO] AnalyticsPlugin:255 - Accepted CMSIS Pack Licenses: 
2026-09-04 09:21:02,912 [INFO] AnalyticsPlugin:257 - Accepted Firmware Licenses: FW.G4.1.6.0,FW.G4.1.6.1,FW.G4.1.6.3,FW.F4.1.28.0
2026-09-04 09:21:02,916 [INFO] PluginManage:359 - Loaded plugin analytics (category:tool,tabindex:-1)
2026-09-04 09:21:02,917 [INFO] PluginManage:310 - Check plugin cadmodel
2026-09-04 09:21:02,924 [INFO] CADModel:105 - Init CAD model plugin
2026-09-04 09:21:02,924 [INFO] PluginManage:359 - Loaded plugin cadmodel (category:power,tabindex:5)
2026-09-04 09:21:02,925 [INFO] PluginManage:310 - Check plugin clock
2026-09-04 09:21:02,944 [INFO] PluginManage:359 - Loaded plugin clock (category:base,tabindex:2)
2026-09-04 09:21:02,945 [INFO] PluginManage:310 - Check plugin ddr
2026-09-04 09:21:02,950 [INFO] PluginManage:359 - Loaded plugin ddr (category:tool,tabindex:6)
2026-09-04 09:21:02,951 [INFO] PluginManage:310 - Check plugin filemanager
2026-09-04 09:21:03,165 [INFO] PluginManage:359 - Loaded plugin filemanager (category:base,tabindex:10)
2026-09-04 09:21:03,165 [INFO] PluginManage:310 - Check plugin ipmanager
2026-09-04 09:21:03,174 [INFO] PluginManage:359 - Loaded plugin ipmanager (category:base,tabindex:5)
2026-09-04 09:21:03,174 [INFO] PluginManage:310 - Check plugin lpbam
2026-09-04 09:21:03,185 [INFO] PluginManage:359 - Loaded plugin lpbam (category:base,tabindex:0)
2026-09-04 09:21:03,185 [INFO] PluginManage:310 - Check plugin memorymap
2026-09-04 09:21:03,198 [INFO] PluginManage:359 - Loaded plugin memorymap (category:base,tabindex:4)
2026-09-04 09:21:03,198 [INFO] PluginManage:310 - Check plugin pinoutandconfiguration
2026-09-04 09:21:03,205 [INFO] PluginManage:359 - Loaded plugin pinoutandconfiguration (category:base,tabindex:1)
2026-09-04 09:21:03,205 [INFO] PluginManage:310 - Check plugin pinoutconfig
2026-09-04 09:21:03,296 [WARN] SupportedApi:132 - Cannot load RTOS API schema: s4s-elt-must-match.1: The content of 'definitions' must match (annotation?, (simpleType | complexType)?, (unique | key | keyref)*)). A problem was found starting at: attribute.
2026-09-04 09:21:03,417 [INFO] PluginManage:359 - Loaded plugin pinoutconfig (category:base,tabindex:0)
2026-09-04 09:21:03,417 [INFO] PluginManage:310 - Check plugin power
2026-09-04 09:21:03,423 [INFO] PluginManage:359 - Loaded plugin power (category:power,tabindex:4)
2026-09-04 09:21:03,423 [INFO] PluginManage:310 - Check plugin projectmanager
2026-09-04 09:21:03,438 [INFO] PluginManage:359 - Loaded plugin projectmanager (category:projectmanager,tabindex:3)
2026-09-04 09:21:03,438 [INFO] PluginManage:310 - Check plugin thirdparty
2026-09-04 09:21:03,548 [WARN] IntegrityCheckThread:84 - waiting for thirdparty lock release [integrity check]
2026-09-04 09:21:03,549 [INFO] IntegrityCheckThread:86 - entering critical section [integrity check]
2026-09-04 09:21:03,549 [INFO] PluginManage:359 - Loaded plugin thirdparty (category:base,tabindex:-1)
2026-09-04 09:21:03,549 [INFO] PluginManage:310 - Check plugin tools
2026-09-04 09:21:03,549 [INFO] ThirdPartyUpdaterWithRetryManager:70 - Updater plugin not ready yet. [1/15]
2026-09-04 09:21:03,553 [INFO] PluginManage:359 - Loaded plugin tools (category:base,tabindex:7)
2026-09-04 09:21:03,553 [INFO] PluginManage:310 - Check plugin tutovideos
2026-09-04 09:21:03,710 [INFO] PluginManage:359 - Loaded plugin tutovideos (category:base,tabindex:-1)
2026-09-04 09:21:03,710 [INFO] PluginManage:310 - Check plugin updater
2026-09-04 09:21:03,719 [INFO] PluginManage:359 - Loaded plugin updater (category:base,tabindex:12)
2026-09-04 09:21:03,719 [INFO] PluginManage:310 - Check plugin userauth
2026-09-04 09:21:03,722 [INFO] UserAuth:114 - Init User Auth plugin
2026-09-04 09:21:03,722 [INFO] PluginManage:359 - Loaded plugin userauth (category:base,tabindex:14)
2026-09-04 09:21:03,724 [INFO] PluginManage:283 - PluginManage : Loaded plugins [17]
2026-09-04 09:21:03,892 [INFO] PinOutPanel:1561 - setPackage(No Configuration,No Configuration)
2026-09-04 09:21:03,954 [INFO] CADModel:165 - CPN selected for project level
2026-09-04 09:21:03,955 [INFO] CADModel:114 - Register for checkConnection events
2026-09-04 09:21:03,967 [INFO] IPUIPlugin:80 - create IPUIPlugin
2026-09-04 09:21:03,968 [INFO] PluginManager:220 - loadIPPluginJar : add adc
2026-09-04 09:21:03,969 [INFO] IPUIPlugin:80 - create IPUIPlugin
2026-09-04 09:21:03,970 [INFO] PluginManager:220 - loadIPPluginJar : add aes
2026-09-04 09:21:03,971 [INFO] IPUIPlugin:80 - create IPUIPlugin
2026-09-04 09:21:03,972 [INFO] PluginManager:220 - loadIPPluginJar : add can
2026-09-04 09:21:03,973 [INFO] IPUIPlugin:80 - create IPUIPlugin
2026-09-04 09:21:03,973 [INFO] PluginManager:220 - loadIPPluginJar : add comp
2026-09-04 09:21:03,974 [INFO] IPUIPlugin:80 - create IPUIPlugin
2026-09-04 09:21:03,975 [INFO] PluginManager:220 - loadIPPluginJar : add cryp
2026-09-04 09:21:03,976 [INFO] IPUIPlugin:80 - create IPUIPlugin
2026-09-04 09:21:03,976 [INFO] PluginManager:220 - loadIPPluginJar : add dfsdm
2026-09-04 09:21:03,980 [INFO] IPUIPlugin:80 - create IPUIPlugin
2026-09-04 09:21:03,981 [INFO] PluginManager:220 - loadIPPluginJar : add dma
2026-09-04 09:21:03,982 [INFO] IPUIPlugin:80 - create IPUIPlugin
2026-09-04 09:21:03,982 [INFO] PluginManager:220 - loadIPPluginJar : add dma3
2026-09-04 09:21:03,984 [INFO] IPUIPlugin:80 - create IPUIPlugin
2026-09-04 09:21:03,984 [INFO] PluginManager:220 - loadIPPluginJar : add extmemmanager
2026-09-04 09:21:03,985 [INFO] IPUIPlugin:80 - create IPUIPlugin
2026-09-04 09:21:03,985 [INFO] PluginManager:220 - loadIPPluginJar : add fatfs
2026-09-04 09:21:03,989 [INFO] IPUIPlugin:80 - create IPUIPlugin
2026-09-04 09:21:03,989 [INFO] PluginManager:220 - loadIPPluginJar : add fmc
2026-09-04 09:21:03,993 [INFO] IPUIPlugin:80 - create IPUIPlugin
2026-09-04 09:21:03,993 [INFO] PluginManager:220 - loadIPPluginJar : add freertos
2026-09-04 09:21:03,994 [INFO] IPUIPlugin:80 - create IPUIPlugin
2026-09-04 09:21:03,995 [INFO] PluginManager:220 - loadIPPluginJar : add genericplugin
2026-09-04 09:21:03,996 [INFO] IPUIPlugin:80 - create IPUIPlugin
2026-09-04 09:21:03,996 [INFO] PluginManager:220 - loadIPPluginJar : add gfxmmu
2026-09-04 09:21:04,000 [INFO] IPUIPlugin:80 - create IPUIPlugin
2026-09-04 09:21:04,000 [INFO] PluginManager:220 - loadIPPluginJar : add gic
2026-09-04 09:21:04,003 [INFO] IPUIPlugin:80 - create IPUIPlugin
2026-09-04 09:21:04,003 [INFO] PluginManager:220 - loadIPPluginJar : add gpio
2026-09-04 09:21:04,004 [INFO] IPUIPlugin:80 - create IPUIPlugin
2026-09-04 09:21:04,004 [INFO] PluginManager:220 - loadIPPluginJar : add gtzc
2026-09-04 09:21:04,006 [INFO] IPUIPlugin:80 - create IPUIPlugin
2026-09-04 09:21:04,006 [INFO] PluginManager:220 - loadIPPluginJar : add hash
2026-09-04 09:21:04,008 [INFO] IPUIPlugin:80 - create IPUIPlugin
2026-09-04 09:21:04,008 [INFO] PluginManager:220 - loadIPPluginJar : add i2c
2026-09-04 09:21:04,009 [INFO] IPUIPlugin:80 - create IPUIPlugin
2026-09-04 09:21:04,009 [INFO] PluginManager:220 - loadIPPluginJar : add i2s
2026-09-04 09:21:04,011 [INFO] IPUIPlugin:80 - create IPUIPlugin
2026-09-04 09:21:04,011 [INFO] PluginManager:220 - loadIPPluginJar : add i3c
2026-09-04 09:21:04,013 [INFO] IPUIPlugin:80 - create IPUIPlugin
2026-09-04 09:21:04,014 [INFO] PluginManager:220 - loadIPPluginJar : add ipddr
2026-09-04 09:21:04,019 [INFO] IPUIPlugin:80 - create IPUIPlugin
2026-09-04 09:21:04,019 [INFO] PluginManager:220 - loadIPPluginJar : add linkedlist
2026-09-04 09:21:04,021 [INFO] IPUIPlugin:80 - create IPUIPlugin
2026-09-04 09:21:04,022 [INFO] PluginManager:220 - loadIPPluginJar : add lorawan
2026-09-04 09:21:04,023 [INFO] IPUIPlugin:80 - create IPUIPlugin
2026-09-04 09:21:04,023 [INFO] PluginManager:220 - loadIPPluginJar : add ltdc
2026-09-04 09:21:04,027 [INFO] IPUIPlugin:80 - create IPUIPlugin
2026-09-04 09:21:04,027 [INFO] PluginManager:220 - loadIPPluginJar : add mdma
2026-09-04 09:21:04,030 [INFO] IPUIPlugin:80 - create IPUIPlugin
2026-09-04 09:21:04,030 [INFO] PluginManager:220 - loadIPPluginJar : add nvic
2026-09-04 09:21:04,032 [INFO] IPUIPlugin:80 - create IPUIPlugin
2026-09-04 09:21:04,032 [INFO] PluginManager:220 - loadIPPluginJar : add opamp
2026-09-04 09:21:04,034 [INFO] IPUIPlugin:80 - create IPUIPlugin
2026-09-04 09:21:04,034 [INFO] PluginManager:220 - loadIPPluginJar : add openamp
2026-09-04 09:21:04,035 [INFO] IPUIPlugin:80 - create IPUIPlugin
2026-09-04 09:21:04,036 [INFO] PluginManager:220 - loadIPPluginJar : add pdm2pcm
2026-09-04 09:21:04,040 [INFO] IPUIPlugin:80 - create IPUIPlugin
2026-09-04 09:21:04,042 [INFO] PluginManager:220 - loadIPPluginJar : add plateformsettings
2026-09-04 09:21:04,043 [INFO] IPUIPlugin:80 - create IPUIPlugin
2026-09-04 09:21:04,043 [INFO] PluginManager:220 - loadIPPluginJar : add quadspi
2026-09-04 09:21:04,045 [INFO] IPUIPlugin:80 - create IPUIPlugin
2026-09-04 09:21:04,045 [INFO] PluginManager:220 - loadIPPluginJar : add resmgrutility
2026-09-04 09:21:04,047 [INFO] IPUIPlugin:80 - create IPUIPlugin
2026-09-04 09:21:04,048 [INFO] PluginManager:220 - loadIPPluginJar : add sai
2026-09-04 09:21:04,049 [INFO] IPUIPlugin:80 - create IPUIPlugin
2026-09-04 09:21:04,049 [INFO] PluginManager:220 - loadIPPluginJar : add spi
2026-09-04 09:21:04,053 [INFO] IPUIPlugin:80 - create IPUIPlugin
2026-09-04 09:21:04,053 [INFO] PluginManager:220 - loadIPPluginJar : add stm32_wpan
2026-09-04 09:21:04,054 [INFO] IPUIPlugin:80 - create IPUIPlugin
2026-09-04 09:21:04,054 [INFO] PluginManager:220 - loadIPPluginJar : add tim
2026-09-04 09:21:04,057 [INFO] IPUIPlugin:80 - create IPUIPlugin
2026-09-04 09:21:04,057 [INFO] PluginManager:220 - loadIPPluginJar : add touchsensing
2026-09-04 09:21:04,057 [INFO] IPUIPlugin:80 - create IPUIPlugin
2026-09-04 09:21:04,059 [INFO] PluginManager:220 - loadIPPluginJar : add tracer_emb
2026-09-04 09:21:04,059 [INFO] IPUIPlugin:80 - create IPUIPlugin
2026-09-04 09:21:04,059 [INFO] PluginManager:220 - loadIPPluginJar : add ts
2026-09-04 09:21:04,060 [INFO] IPUIPlugin:80 - create IPUIPlugin
2026-09-04 09:21:04,060 [INFO] PluginManager:220 - loadIPPluginJar : add tsc
2026-09-04 09:21:04,062 [INFO] IPUIPlugin:80 - create IPUIPlugin
2026-09-04 09:21:04,062 [INFO] PluginManager:220 - loadIPPluginJar : add ucpd
2026-09-04 09:21:04,064 [INFO] IPUIPlugin:80 - create IPUIPlugin
2026-09-04 09:21:04,064 [INFO] PluginManager:220 - loadIPPluginJar : add usart
2026-09-04 09:21:04,066 [INFO] IPUIPlugin:80 - create IPUIPlugin
2026-09-04 09:21:04,066 [INFO] PluginManager:220 - loadIPPluginJar : add usbx
2026-09-04 09:21:04,188 [INFO] CADModel:165 - CPN selected for project level
2026-09-04 09:21:04,188 [INFO] CADModel:114 - Register for checkConnection events
2026-09-04 09:21:04,188 [FATAL] Updater:308 - Updater called before beeing initialized
2026-09-04 09:21:04,188 [ERROR] CADModel:125 - Updater not yet initialized, retry later 
2026-09-04 09:21:04,289 [INFO] CADModel:165 - CPN selected for project level
2026-09-04 09:21:04,289 [INFO] CADModel:114 - Register for checkConnection events
2026-09-04 09:21:04,289 [FATAL] Updater:308 - Updater called before beeing initialized
2026-09-04 09:21:04,289 [ERROR] CADModel:125 - Updater not yet initialized, retry later 
2026-09-04 09:21:04,292 [FATAL] Updater:308 - Updater called before beeing initialized
2026-09-04 09:21:04,386 [FATAL] Updater:308 - Updater called before beeing initialized
2026-09-04 09:21:04,390 [INFO] DbMcusAds:53 - JSON generation date=Wed Jul 15 18:44:54 KST 2026 (1784108694001)
2026-09-04 09:21:04,390 [FATAL] Updater:308 - Updater called before beeing initialized
2026-09-04 09:21:04,420 [WARN] DetailPanel:346 - Failed to get advertising image, set to default
2026-09-04 09:21:04,494 [FATAL] Updater:308 - Updater called before beeing initialized
2026-09-04 09:21:04,496 [FATAL] Updater:308 - Updater called before beeing initialized
2026-09-04 09:21:04,496 [FATAL] Updater:308 - Updater called before beeing initialized
2026-09-04 09:21:04,496 [WARN] DetailPanel:346 - Failed to get advertising image, set to default
2026-09-04 09:21:04,496 [FATAL] Updater:308 - Updater called before beeing initialized
2026-09-04 09:21:04,533 [ERROR] Updater:1120 - MainUpdater not yet initialized. External WinMGr cannot be set.
2026-09-04 09:21:04,535 [INFO] Updater:1056 - Updater Version found : 6.11.0
2026-09-04 09:21:04,553 [INFO] ApplicationProperties:184 - Using Application install path: C:\ST\STM32CubeIDE_1.15.0\STM32CubeIDE\plugins\com.st.stm32cube.common.mx_6.11.0.202403141607
2026-09-04 09:21:05,091 [INFO] MainUpdater:2873 - connection check result : 10
2026-09-04 09:21:05,092 [INFO] MainUpdater:290 - Updater Check For Update Now.
2026-09-04 09:21:05,092 [INFO] MicroXplorer:498 - Change Database Version : DB.6.0.110
2026-09-04 09:21:05,098 [INFO] McuFinderGlobals:63 - Set McuFinder mode to 2 (CubeIDE integrated)
2026-09-04 09:21:05,107 [INFO] UserAuth:415 - Internet connection configuration mode: 1
2026-09-04 09:21:05,138 [INFO] JxBrowserEngine:152 - Initiate JxBrowser Engine with user profile folder
2026-09-04 09:21:05,289 [INFO] CheckServerUpdateThread:120 - End of CheckServer Thread
2026-09-04 09:21:06,666 [INFO] WebApp:161 - Instantiating new browser for Auth
2026-09-04 09:38:26,647 [INFO] Activator:176 - 


2026-09-04 09:38:26,648 [INFO] Activator:177 - !SESSION log4j initialized
2026-09-04 09:38:30,349 [INFO] LogOutputStream:77 - [STDOUT_REDIRECT] 
2026-09-04 09:38:35,867 [INFO] ApplicationProperties:184 - Using Application install path: C:\ST\STM32CubeIDE_1.15.0\STM32CubeIDE\plugins\com.st.stm32cube.common.mx_6.11.0.202403141607
2026-09-04 09:38:35,884 [INFO] DbMcusXml:78 - Set database path to: C:\ST\STM32CubeIDE_1.15.0\STM32CubeIDE\plugins\com.st.stm32cube.common.mx_6.11.0.202403141607\\db\/mcu/
2026-09-04 09:38:35,884 [INFO] ApiDb:274 - Set plugin database path to: C:\ST\STM32CubeIDE_1.15.0\STM32CubeIDE\plugins\com.st.stm32cube.common.mx_6.11.0.202403141607\\db\/plugins/boardmanager/
2026-09-04 09:38:35,884 [WARN] ApiDb:259 - Overriding images path with different value:  => C:\ST\STM32CubeIDE_1.15.0\STM32CubeIDE\plugins\com.st.stm32cube.common.mx_6.11.0.202403141607\\db\/plugins/mcufinder/images/
2026-09-04 09:38:35,900 [INFO] ApiDb:250 - Set database path to: C:\Users\kccistc\.stmcufinder\plugins\mcufinder//mcu/
2026-09-04 09:38:35,901 [INFO] DbMcusAds:125 - Set database path to: C:\Users\kccistc\.stmcufinder\plugins\mcufinder//mcu/
2026-09-04 09:38:35,903 [INFO] CrossReferenceDbSqlite:203 - Set database path to: C:\Users\kccistc\.stmcufinder\plugins\mcufinder//mcu/cs/
2026-09-04 09:38:36,021 [INFO] RulesReader:64 - Compatibility file has been processed (297 Rules)
2026-09-04 09:38:36,139 [INFO] DbMcusXml:78 - Set database path to: C:\ST\STM32CubeIDE_1.15.0\STM32CubeIDE\plugins\com.st.stm32cube.common.mx_6.11.0.202403141607\\db\/mcu/
2026-09-04 09:38:36,139 [INFO] ApiDb:274 - Set plugin database path to: C:\ST\STM32CubeIDE_1.15.0\STM32CubeIDE\plugins\com.st.stm32cube.common.mx_6.11.0.202403141607\\db\/plugins/boardmanager/
2026-09-04 09:38:36,139 [INFO] ApiDb:261 - Set plugin images path to: C:\ST\STM32CubeIDE_1.15.0\STM32CubeIDE\plugins\com.st.stm32cube.common.mx_6.11.0.202403141607\\db\/plugins/mcufinder/images/
2026-09-04 09:38:36,140 [WARN] DbFile:41 - Overriding database path with different value: C:\Users\kccistc\.stmcufinder\plugins\mcufinder/ => C:\Users\kccistc\.stmcufinder\plugins\mcufinder
2026-09-04 09:38:36,140 [INFO] ApiDb:250 - Set database path to: C:\Users\kccistc\.stmcufinder\plugins\mcufinder//mcu/
2026-09-04 09:38:36,140 [WARN] DbFile:41 - Overriding database path with different value: C:\Users\kccistc\.stmcufinder\plugins\mcufinder/ => C:\Users\kccistc\.stmcufinder\plugins\mcufinder
2026-09-04 09:38:36,140 [INFO] DbMcusAds:125 - Set database path to: C:\Users\kccistc\.stmcufinder\plugins\mcufinder//mcu/
2026-09-04 09:38:36,140 [WARN] DbFile:41 - Overriding database path with different value: C:\Users\kccistc\.stmcufinder\plugins\mcufinder/ => C:\Users\kccistc\.stmcufinder\plugins\mcufinder
2026-09-04 09:38:36,140 [WARN] DbFile:41 - Overriding database path with different value: C:\Users\kccistc\.stmcufinder\plugins\mcufinder/ => C:\Users\kccistc\.stmcufinder\plugins\mcufinder
2026-09-04 09:38:36,140 [INFO] CrossReferenceDbSqlite:203 - Set database path to: C:\Users\kccistc\.stmcufinder\plugins\mcufinder//mcu/cs/
2026-09-04 09:38:36,226 [INFO] MainPanel:264 - HeapMemory: 268435456
2026-09-04 09:38:36,330 [INFO] DbMcusXml:78 - Set database path to: C:\ST\STM32CubeIDE_1.15.0\STM32CubeIDE\plugins\com.st.stm32cube.common.mx_6.11.0.202403141607\\db\/mcu/
2026-09-04 09:38:36,330 [INFO] ApiDb:274 - Set plugin database path to: C:\ST\STM32CubeIDE_1.15.0\STM32CubeIDE\plugins\com.st.stm32cube.common.mx_6.11.0.202403141607\\db\/plugins/boardmanager/
2026-09-04 09:38:36,330 [INFO] ApiDb:261 - Set plugin images path to: C:\ST\STM32CubeIDE_1.15.0\STM32CubeIDE\plugins\com.st.stm32cube.common.mx_6.11.0.202403141607\\db\/plugins/mcufinder/images/
2026-09-04 09:38:36,331 [WARN] DbFile:41 - Overriding database path with different value: C:\Users\kccistc\.stmcufinder\plugins\mcufinder/ => C:\Users\kccistc\.stmcufinder\plugins\mcufinder
2026-09-04 09:38:36,331 [INFO] ApiDb:250 - Set database path to: C:\Users\kccistc\.stmcufinder\plugins\mcufinder//mcu/
2026-09-04 09:38:36,331 [WARN] DbFile:41 - Overriding database path with different value: C:\Users\kccistc\.stmcufinder\plugins\mcufinder/ => C:\Users\kccistc\.stmcufinder\plugins\mcufinder
2026-09-04 09:38:36,331 [INFO] DbMcusAds:125 - Set database path to: C:\Users\kccistc\.stmcufinder\plugins\mcufinder//mcu/
2026-09-04 09:38:36,331 [WARN] DbFile:41 - Overriding database path with different value: C:\Users\kccistc\.stmcufinder\plugins\mcufinder/ => C:\Users\kccistc\.stmcufinder\plugins\mcufinder
2026-09-04 09:38:36,331 [WARN] DbFile:41 - Overriding database path with different value: C:\Users\kccistc\.stmcufinder\plugins\mcufinder/ => C:\Users\kccistc\.stmcufinder\plugins\mcufinder
2026-09-04 09:38:36,331 [INFO] CrossReferenceDbSqlite:203 - Set database path to: C:\Users\kccistc\.stmcufinder\plugins\mcufinder//mcu/cs/
2026-09-04 09:38:36,350 [INFO] ApplicationProperties:184 - Using Application install path: C:\ST\STM32CubeIDE_1.15.0\STM32CubeIDE\plugins\com.st.stm32cube.common.mx_6.11.0.202403141607
2026-09-04 09:38:36,352 [INFO] PluginManage:196 - Search for loadable plugins [exclusion list=, ]
2026-09-04 09:38:36,353 [INFO] PluginManage:310 - Check plugin analytics
2026-09-04 09:38:36,587 [INFO] AnalyticsPlugin:253 - Accepted Software Licenses: STM32CubeMX.6.17.0
2026-09-04 09:38:36,587 [INFO] AnalyticsPlugin:255 - Accepted CMSIS Pack Licenses: 
2026-09-04 09:38:36,588 [INFO] AnalyticsPlugin:257 - Accepted Firmware Licenses: FW.G4.1.6.0,FW.G4.1.6.1,FW.G4.1.6.3,FW.F4.1.28.0
2026-09-04 09:38:36,591 [INFO] PluginManage:359 - Loaded plugin analytics (category:tool,tabindex:-1)
2026-09-04 09:38:36,592 [INFO] PluginManage:310 - Check plugin cadmodel
2026-09-04 09:38:36,611 [INFO] CADModel:105 - Init CAD model plugin
2026-09-04 09:38:36,612 [INFO] PluginManage:359 - Loaded plugin cadmodel (category:power,tabindex:5)
2026-09-04 09:38:36,612 [INFO] PluginManage:310 - Check plugin clock
2026-09-04 09:38:36,636 [INFO] PluginManage:359 - Loaded plugin clock (category:base,tabindex:2)
2026-09-04 09:38:36,636 [INFO] PluginManage:310 - Check plugin ddr
2026-09-04 09:38:36,639 [INFO] PluginManage:359 - Loaded plugin ddr (category:tool,tabindex:6)
2026-09-04 09:38:36,639 [INFO] PluginManage:310 - Check plugin filemanager
2026-09-04 09:38:36,850 [INFO] PluginManage:359 - Loaded plugin filemanager (category:base,tabindex:10)
2026-09-04 09:38:36,850 [INFO] PluginManage:310 - Check plugin ipmanager
2026-09-04 09:38:36,862 [INFO] PluginManage:359 - Loaded plugin ipmanager (category:base,tabindex:5)
2026-09-04 09:38:36,862 [INFO] PluginManage:310 - Check plugin lpbam
2026-09-04 09:38:36,883 [INFO] PluginManage:359 - Loaded plugin lpbam (category:base,tabindex:0)
2026-09-04 09:38:36,883 [INFO] PluginManage:310 - Check plugin memorymap
2026-09-04 09:38:36,922 [INFO] PluginManage:359 - Loaded plugin memorymap (category:base,tabindex:4)
2026-09-04 09:38:36,923 [INFO] PluginManage:310 - Check plugin pinoutandconfiguration
2026-09-04 09:38:36,941 [INFO] PluginManage:359 - Loaded plugin pinoutandconfiguration (category:base,tabindex:1)
2026-09-04 09:38:36,942 [INFO] PluginManage:310 - Check plugin pinoutconfig
2026-09-04 09:38:37,043 [WARN] SupportedApi:132 - Cannot load RTOS API schema: s4s-elt-must-match.1: The content of 'definitions' must match (annotation?, (simpleType | complexType)?, (unique | key | keyref)*)). A problem was found starting at: attribute.
2026-09-04 09:38:37,167 [INFO] PluginManage:359 - Loaded plugin pinoutconfig (category:base,tabindex:0)
2026-09-04 09:38:37,167 [INFO] PluginManage:310 - Check plugin power
2026-09-04 09:38:37,186 [INFO] PluginManage:359 - Loaded plugin power (category:power,tabindex:4)
2026-09-04 09:38:37,186 [INFO] PluginManage:310 - Check plugin projectmanager
2026-09-04 09:38:37,202 [INFO] PluginManage:359 - Loaded plugin projectmanager (category:projectmanager,tabindex:3)
2026-09-04 09:38:37,202 [INFO] PluginManage:310 - Check plugin thirdparty
2026-09-04 09:38:37,477 [INFO] PluginManage:359 - Loaded plugin thirdparty (category:base,tabindex:-1)
2026-09-04 09:38:37,477 [INFO] PluginManage:310 - Check plugin tools
2026-09-04 09:38:37,477 [WARN] IntegrityCheckThread:84 - waiting for thirdparty lock release [integrity check]
2026-09-04 09:38:37,478 [INFO] IntegrityCheckThread:86 - entering critical section [integrity check]
2026-09-04 09:38:37,478 [INFO] ThirdPartyUpdaterWithRetryManager:70 - Updater plugin not ready yet. [1/15]
2026-09-04 09:38:37,510 [INFO] PluginManage:359 - Loaded plugin tools (category:base,tabindex:7)
2026-09-04 09:38:37,511 [INFO] PluginManage:310 - Check plugin tutovideos
2026-09-04 09:38:37,695 [INFO] PluginManage:359 - Loaded plugin tutovideos (category:base,tabindex:-1)
2026-09-04 09:38:37,696 [INFO] PluginManage:310 - Check plugin updater
2026-09-04 09:38:37,707 [INFO] PluginManage:359 - Loaded plugin updater (category:base,tabindex:12)
2026-09-04 09:38:37,707 [INFO] PluginManage:310 - Check plugin userauth
2026-09-04 09:38:37,713 [INFO] UserAuth:114 - Init User Auth plugin
2026-09-04 09:38:37,713 [INFO] PluginManage:359 - Loaded plugin userauth (category:base,tabindex:14)
2026-09-04 09:38:37,713 [INFO] PluginManage:283 - PluginManage : Loaded plugins [17]
2026-09-04 09:38:37,944 [INFO] PinOutPanel:1561 - setPackage(No Configuration,No Configuration)
2026-09-04 09:38:38,020 [INFO] CADModel:165 - CPN selected for project level
2026-09-04 09:38:38,020 [INFO] CADModel:114 - Register for checkConnection events
2026-09-04 09:38:38,049 [INFO] IPUIPlugin:80 - create IPUIPlugin
2026-09-04 09:38:38,049 [INFO] PluginManager:220 - loadIPPluginJar : add adc
2026-09-04 09:38:38,085 [INFO] IPUIPlugin:80 - create IPUIPlugin
2026-09-04 09:38:38,085 [INFO] PluginManager:220 - loadIPPluginJar : add aes
2026-09-04 09:38:38,124 [INFO] IPUIPlugin:80 - create IPUIPlugin
2026-09-04 09:38:38,124 [INFO] PluginManager:220 - loadIPPluginJar : add can
2026-09-04 09:38:38,144 [INFO] IPUIPlugin:80 - create IPUIPlugin
2026-09-04 09:38:38,145 [INFO] PluginManager:220 - loadIPPluginJar : add comp
2026-09-04 09:38:38,176 [INFO] IPUIPlugin:80 - create IPUIPlugin
2026-09-04 09:38:38,176 [INFO] PluginManager:220 - loadIPPluginJar : add cryp
2026-09-04 09:38:38,203 [INFO] IPUIPlugin:80 - create IPUIPlugin
2026-09-04 09:38:38,203 [INFO] PluginManager:220 - loadIPPluginJar : add dfsdm
2026-09-04 09:38:38,215 [INFO] IPUIPlugin:80 - create IPUIPlugin
2026-09-04 09:38:38,215 [INFO] PluginManager:220 - loadIPPluginJar : add dma
2026-09-04 09:38:38,254 [INFO] IPUIPlugin:80 - create IPUIPlugin
2026-09-04 09:38:38,254 [INFO] PluginManager:220 - loadIPPluginJar : add dma3
2026-09-04 09:38:38,295 [INFO] IPUIPlugin:80 - create IPUIPlugin
2026-09-04 09:38:38,296 [INFO] PluginManager:220 - loadIPPluginJar : add extmemmanager
2026-09-04 09:38:38,315 [INFO] IPUIPlugin:80 - create IPUIPlugin
2026-09-04 09:38:38,315 [INFO] PluginManager:220 - loadIPPluginJar : add fatfs
2026-09-04 09:38:38,358 [INFO] IPUIPlugin:80 - create IPUIPlugin
2026-09-04 09:38:38,358 [INFO] PluginManager:220 - loadIPPluginJar : add fmc
2026-09-04 09:38:38,372 [INFO] IPUIPlugin:80 - create IPUIPlugin
2026-09-04 09:38:38,372 [INFO] PluginManager:220 - loadIPPluginJar : add freertos
2026-09-04 09:38:38,390 [INFO] IPUIPlugin:80 - create IPUIPlugin
2026-09-04 09:38:38,390 [INFO] PluginManager:220 - loadIPPluginJar : add genericplugin
2026-09-04 09:38:38,471 [INFO] IPUIPlugin:80 - create IPUIPlugin
2026-09-04 09:38:38,472 [INFO] PluginManager:220 - loadIPPluginJar : add gfxmmu
2026-09-04 09:38:38,589 [INFO] IPUIPlugin:80 - create IPUIPlugin
2026-09-04 09:38:38,589 [INFO] PluginManager:220 - loadIPPluginJar : add gic
2026-09-04 09:38:38,601 [INFO] IPUIPlugin:80 - create IPUIPlugin
2026-09-04 09:38:38,601 [INFO] PluginManager:220 - loadIPPluginJar : add gpio
2026-09-04 09:38:38,680 [INFO] IPUIPlugin:80 - create IPUIPlugin
2026-09-04 09:38:38,681 [INFO] PluginManager:220 - loadIPPluginJar : add gtzc
2026-09-04 09:38:38,709 [INFO] IPUIPlugin:80 - create IPUIPlugin
2026-09-04 09:38:38,709 [INFO] PluginManager:220 - loadIPPluginJar : add hash
2026-09-04 09:38:38,755 [INFO] IPUIPlugin:80 - create IPUIPlugin
2026-09-04 09:38:38,755 [INFO] PluginManager:220 - loadIPPluginJar : add i2c
2026-09-04 09:38:38,789 [INFO] IPUIPlugin:80 - create IPUIPlugin
2026-09-04 09:38:38,789 [INFO] PluginManager:220 - loadIPPluginJar : add i2s
2026-09-04 09:38:38,825 [INFO] IPUIPlugin:80 - create IPUIPlugin
2026-09-04 09:38:38,825 [INFO] PluginManager:220 - loadIPPluginJar : add i3c
2026-09-04 09:38:38,921 [INFO] IPUIPlugin:80 - create IPUIPlugin
2026-09-04 09:38:38,921 [INFO] PluginManager:220 - loadIPPluginJar : add ipddr
2026-09-04 09:38:38,997 [INFO] IPUIPlugin:80 - create IPUIPlugin
2026-09-04 09:38:38,997 [INFO] PluginManager:220 - loadIPPluginJar : add linkedlist
2026-09-04 09:38:39,028 [INFO] IPUIPlugin:80 - create IPUIPlugin
2026-09-04 09:38:39,028 [INFO] PluginManager:220 - loadIPPluginJar : add lorawan
2026-09-04 09:38:39,058 [INFO] IPUIPlugin:80 - create IPUIPlugin
2026-09-04 09:38:39,059 [INFO] PluginManager:220 - loadIPPluginJar : add ltdc
2026-09-04 09:38:39,071 [INFO] IPUIPlugin:80 - create IPUIPlugin
2026-09-04 09:38:39,071 [INFO] PluginManager:220 - loadIPPluginJar : add mdma
2026-09-04 09:38:39,082 [INFO] IPUIPlugin:80 - create IPUIPlugin
2026-09-04 09:38:39,082 [INFO] PluginManager:220 - loadIPPluginJar : add nvic
2026-09-04 09:38:39,111 [INFO] IPUIPlugin:80 - create IPUIPlugin
2026-09-04 09:38:39,111 [INFO] PluginManager:220 - loadIPPluginJar : add opamp
2026-09-04 09:38:39,163 [INFO] IPUIPlugin:80 - create IPUIPlugin
2026-09-04 09:38:39,163 [INFO] PluginManager:220 - loadIPPluginJar : add openamp
2026-09-04 09:38:39,200 [INFO] IPUIPlugin:80 - create IPUIPlugin
2026-09-04 09:38:39,200 [INFO] PluginManager:220 - loadIPPluginJar : add pdm2pcm
2026-09-04 09:38:39,214 [INFO] IPUIPlugin:80 - create IPUIPlugin
2026-09-04 09:38:39,216 [INFO] PluginManager:220 - loadIPPluginJar : add plateformsettings
2026-09-04 09:38:39,237 [INFO] IPUIPlugin:80 - create IPUIPlugin
2026-09-04 09:38:39,237 [INFO] PluginManager:220 - loadIPPluginJar : add quadspi
2026-09-04 09:38:39,249 [INFO] IPUIPlugin:80 - create IPUIPlugin
2026-09-04 09:38:39,249 [INFO] PluginManager:220 - loadIPPluginJar : add resmgrutility
2026-09-04 09:38:39,296 [INFO] IPUIPlugin:80 - create IPUIPlugin
2026-09-04 09:38:39,296 [INFO] PluginManager:220 - loadIPPluginJar : add sai
2026-09-04 09:38:39,332 [INFO] IPUIPlugin:80 - create IPUIPlugin
2026-09-04 09:38:39,333 [INFO] PluginManager:220 - loadIPPluginJar : add spi
2026-09-04 09:38:39,399 [INFO] IPUIPlugin:80 - create IPUIPlugin
2026-09-04 09:38:39,399 [INFO] PluginManager:220 - loadIPPluginJar : add stm32_wpan
2026-09-04 09:38:39,419 [INFO] IPUIPlugin:80 - create IPUIPlugin
2026-09-04 09:38:39,419 [INFO] PluginManager:220 - loadIPPluginJar : add tim
2026-09-04 09:38:39,478 [INFO] IPUIPlugin:80 - create IPUIPlugin
2026-09-04 09:38:39,479 [INFO] PluginManager:220 - loadIPPluginJar : add touchsensing
2026-09-04 09:38:39,500 [INFO] IPUIPlugin:80 - create IPUIPlugin
2026-09-04 09:38:39,500 [INFO] PluginManager:220 - loadIPPluginJar : add tracer_emb
2026-09-04 09:38:39,520 [INFO] IPUIPlugin:80 - create IPUIPlugin
2026-09-04 09:38:39,520 [INFO] PluginManager:220 - loadIPPluginJar : add ts
2026-09-04 09:38:39,541 [INFO] IPUIPlugin:80 - create IPUIPlugin
2026-09-04 09:38:39,541 [INFO] PluginManager:220 - loadIPPluginJar : add tsc
2026-09-04 09:38:39,561 [INFO] IPUIPlugin:80 - create IPUIPlugin
2026-09-04 09:38:39,561 [INFO] PluginManager:220 - loadIPPluginJar : add ucpd
2026-09-04 09:38:39,600 [INFO] IPUIPlugin:80 - create IPUIPlugin
2026-09-04 09:38:39,600 [INFO] PluginManager:220 - loadIPPluginJar : add usart
2026-09-04 09:38:39,638 [INFO] IPUIPlugin:80 - create IPUIPlugin
2026-09-04 09:38:39,639 [INFO] PluginManager:220 - loadIPPluginJar : add usbx
2026-09-04 09:38:39,758 [INFO] CADModel:165 - CPN selected for project level
2026-09-04 09:38:39,758 [INFO] CADModel:114 - Register for checkConnection events
2026-09-04 09:38:39,758 [FATAL] Updater:308 - Updater called before beeing initialized
2026-09-04 09:38:39,758 [ERROR] CADModel:125 - Updater not yet initialized, retry later 
2026-09-04 09:38:39,885 [INFO] CADModel:165 - CPN selected for project level
2026-09-04 09:38:39,885 [INFO] CADModel:114 - Register for checkConnection events
2026-09-04 09:38:39,885 [FATAL] Updater:308 - Updater called before beeing initialized
2026-09-04 09:38:39,885 [ERROR] CADModel:125 - Updater not yet initialized, retry later 
2026-09-04 09:38:39,888 [FATAL] Updater:308 - Updater called before beeing initialized
2026-09-04 09:38:40,016 [FATAL] Updater:308 - Updater called before beeing initialized
2026-09-04 09:38:40,028 [INFO] DbMcusAds:53 - JSON generation date=Wed Jul 15 18:44:54 KST 2026 (1784108694001)
2026-09-04 09:38:40,028 [FATAL] Updater:308 - Updater called before beeing initialized
2026-09-04 09:38:40,071 [WARN] DetailPanel:346 - Failed to get advertising image, set to default
2026-09-04 09:38:40,157 [FATAL] Updater:308 - Updater called before beeing initialized
2026-09-04 09:38:40,159 [FATAL] Updater:308 - Updater called before beeing initialized
2026-09-04 09:38:40,159 [FATAL] Updater:308 - Updater called before beeing initialized
2026-09-04 09:38:40,160 [WARN] DetailPanel:346 - Failed to get advertising image, set to default
2026-09-04 09:38:40,161 [FATAL] Updater:308 - Updater called before beeing initialized
2026-09-04 09:38:40,229 [ERROR] Updater:1120 - MainUpdater not yet initialized. External WinMGr cannot be set.
2026-09-04 09:38:40,242 [INFO] Updater:1056 - Updater Version found : 6.11.0
2026-09-04 09:38:40,266 [INFO] ApplicationProperties:184 - Using Application install path: C:\ST\STM32CubeIDE_1.15.0\STM32CubeIDE\plugins\com.st.stm32cube.common.mx_6.11.0.202403141607
2026-09-04 09:38:40,479 [INFO] ThirdPartyUpdaterWithRetryManager:70 - Updater plugin not ready yet. [2/15]
2026-09-04 09:38:40,936 [INFO] MainUpdater:2873 - connection check result : 10
2026-09-04 09:38:40,936 [INFO] MainUpdater:290 - Updater Check For Update Now.
2026-09-04 09:38:40,936 [INFO] MicroXplorer:498 - Change Database Version : DB.6.0.110
2026-09-04 09:38:40,961 [INFO] McuFinderGlobals:63 - Set McuFinder mode to 2 (CubeIDE integrated)
2026-09-04 09:38:40,998 [INFO] UserAuth:415 - Internet connection configuration mode: 1
2026-09-04 09:38:41,055 [INFO] JxBrowserEngine:152 - Initiate JxBrowser Engine with user profile folder
2026-09-04 09:38:41,177 [INFO] CheckServerUpdateThread:120 - End of CheckServer Thread
2026-09-04 09:38:43,913 [WARN] PackLoader:240 - Cannot read IP mode file for STMicroelectronics.X-CUBE-AZRTOS-H7.3.5.0
2026-09-04 09:38:43,957 [WARN] PackLoader:240 - Cannot read IP mode file for STMicroelectronics.FP-ATR-ASTRA1.2.0.3
2026-09-04 09:38:43,980 [ERROR] Engine:466 - C:\Users\kccistc\.stm32cubemx\thirdparties\pdsc\STMicroelectronics.X-CUBE-SMBUS.2.1.1.pdsc: PDSC version is not supported
2026-09-04 09:38:44,018 [WARN] PackLoader:240 - Cannot read IP mode file for STMicroelectronics.X-CUBE-AZRTOS-F7.1.1.0
2026-09-04 09:38:44,043 [ERROR] Engine:466 - C:\Users\kccistc\.stm32cubemx\thirdparties\pdsc\STMicroelectronics.X-CUBE-FREERTOS.1.6.0.pdsc: PDSC version is not supported
2026-09-04 09:38:44,065 [ERROR] Engine:466 - C:\Users\kccistc\.stm32cubemx\thirdparties\pdsc\STMicroelectronics.FP-SNS-MOTENV1.5.1.0.pdsc: PDSC version is not supported
2026-09-04 09:38:44,128 [WARN] PackLoader:240 - Cannot read IP mode file for STMicroelectronics.X-CUBE-AZRTOS-H7RS.1.3.0
2026-09-04 09:38:44,151 [ERROR] Engine:466 - C:\Users\kccistc\.stm32cubemx\thirdparties\pdsc\WES.I-CUBE-Cesium.1.4.0.pdsc: PDSC version is not supported
2026-09-04 09:38:44,178 [WARN] PackLoader:240 - Cannot read IP mode file for STMicroelectronics.X-CUBE-DISPLAY.3.0.0
2026-09-04 09:38:44,216 [WARN] PackLoader:240 - Cannot read IP mode file for STMicroelectronics.X-CUBE-GNSS1.7.1.1
2026-09-04 09:38:44,247 [ERROR] Engine:466 - C:\Users\kccistc\.stm32cubemx\thirdparties\pdsc\STMicroelectronics.FP-SNS-MOTENVWB1.1.5.0.pdsc: PDSC version is not supported
2026-09-04 09:38:44,281 [WARN] PackLoader:240 - Cannot read IP mode file for STMicroelectronics.X-CUBE-NFC10.1.0.0
2026-09-04 09:38:44,307 [ERROR] Engine:466 - C:\Users\kccistc\.stm32cubemx\thirdparties\pdsc\STMicroelectronics.X-CUBE-ST60.1.1.0.pdsc: PDSC version is not supported
2026-09-04 09:38:44,385 [WARN] PackLoader:240 - Cannot read IP mode file for emotas.I-CUBE-CANOPEN.1.3.0
2026-09-04 09:38:44,445 [WARN] PackLoader:240 - Cannot read IP mode file for wolfSSL.I-CUBE-wolfSSL.5.9.2
2026-09-04 09:38:44,459 [ERROR] Engine:466 - C:\Users\kccistc\.stm32cubemx\thirdparties\pdsc\STMicroelectronics.X-CUBE-WBA.1.1.0.pdsc: PDSC version is not supported
2026-09-04 09:38:44,491 [ERROR] Engine:466 - C:\Users\kccistc\.stm32cubemx\thirdparties\pdsc\STMicroelectronics.FP-SNS-STBOX1.2.1.0.pdsc: PDSC version is not supported
2026-09-04 09:38:44,595 [WARN] PackLoader:240 - Cannot read IP mode file for STMicroelectronics.FP-SNS-SMARTAG2.1.2.0
2026-09-04 09:38:44,716 [ERROR] Engine:466 - C:\Users\kccistc\.stm32cubemx\thirdparties\pdsc\STMicroelectronics.FP-SNS-FLIGHT1.5.1.0.pdsc: PDSC version is not supported
2026-09-04 09:38:44,894 [INFO] LogOutputStream:77 - [STDOUT_REDIRECT] 1 : Invalid condition id : UX_CORESTACK_Condition cause : null
2026-09-04 09:38:44,894 [INFO] LogOutputStream:77 - [STDOUT_REDIRECT] 1 : Invalid condition id : UX_CORESTACK_Condition cause : null
2026-09-04 09:38:44,895 [INFO] LogOutputStream:77 - [STDOUT_REDIRECT] 1 : Invalid condition id : UX_CORESTACK_Condition cause : null
2026-09-04 09:38:44,895 [INFO] LogOutputStream:77 - [STDOUT_REDIRECT] 1 : Invalid condition id : UX_CORESTACK_Condition cause : null
2026-09-04 09:38:44,896 [INFO] LogOutputStream:77 - [STDOUT_REDIRECT] 1 : Invalid condition id : UX_CORESTACK_Condition cause : null
2026-09-04 09:38:44,897 [WARN] PackLoader:240 - Cannot read IP mode file for STMicroelectronics.X-CUBE-AZRTOS-WL.2.0.0
2026-09-04 09:38:44,952 [WARN] PackLoader:240 - Cannot read IP mode file for STMicroelectronics.X-CUBE-BLE2.3.3.0
2026-09-04 09:38:44,962 [ERROR] Engine:466 - C:\Users\kccistc\.stm32cubemx\thirdparties\pdsc\Avnet-IOTCONNECT.X-CUBE-iotc-st67-sdk.1.0.0.pdsc: PDSC version is not supported
2026-09-04 09:38:45,013 [WARN] PackLoader:240 - Cannot read IP mode file for Infineon.AIROC-Wi-Fi-Bluetooth-STM32.1.8.0
2026-09-04 09:38:45,030 [WARN] PackLoader:240 - Cannot read IP mode file for STMicroelectronics.X-CUBE-NFC9.1.0.0
2026-09-04 09:38:45,084 [WARN] PackLoader:240 - Cannot read IP mode file for STMicroelectronics.X-CUBE-BLE1.7.1.0
2026-09-04 09:38:45,153 [WARN] PackLoader:240 - Cannot read IP mode file for wolfSSL.I-CUBE-wolfMQTT.1.19.2
2026-09-04 09:38:45,200 [WARN] PackLoader:240 - Cannot read IP mode file for STMicroelectronics.X-CUBE-EEPRMA1.5.2.0
2026-09-04 09:38:45,230 [WARN] PackLoader:240 - Cannot read IP mode file for STMicroelectronics.X-CUBE-AZRTOS-G0.1.1.0
2026-09-04 09:38:45,251 [WARN] PackLoader:240 - Cannot read IP mode file for STMicroelectronics.X-CUBE-NFC4.3.0.0
2026-09-04 09:38:45,282 [WARN] PackLoader:240 - Cannot read IP mode file for EmbeddedOffice.I-CUBE-FS-RTOS.1.0.1
2026-09-04 09:38:45,283 [ERROR] ConditionMgr:805 - Attr not supported : Dmpu
2026-09-04 09:38:45,283 [ERROR] ConditionMgr:805 - Attr not supported : Dmpu
2026-09-04 09:38:45,283 [ERROR] ConditionMgr:805 - Attr not supported : Dmpu
2026-09-04 09:38:45,283 [ERROR] ConditionMgr:805 - Attr not supported : Dmpu
2026-09-04 09:38:45,283 [ERROR] ConditionMgr:805 - Attr not supported : Dmpu
2026-09-04 09:38:45,283 [ERROR] ConditionMgr:805 - Attr not supported : Dmpu
2026-09-04 09:38:45,283 [ERROR] ConditionMgr:805 - Attr not supported : Dmpu
2026-09-04 09:38:45,284 [ERROR] ConditionMgr:805 - Attr not supported : Dmpu
2026-09-04 09:38:45,284 [ERROR] ConditionMgr:805 - Attr not supported : Dmpu
2026-09-04 09:38:45,284 [ERROR] ConditionMgr:805 - Attr not supported : Dmpu
2026-09-04 09:38:45,284 [ERROR] ConditionMgr:805 - Attr not supported : Dmpu
2026-09-04 09:38:45,284 [ERROR] ConditionMgr:805 - Attr not supported : Dmpu
2026-09-04 09:38:45,284 [ERROR] ConditionMgr:805 - Attr not supported : Dmpu
2026-09-04 09:38:45,284 [ERROR] ConditionMgr:805 - Attr not supported : Dmpu
2026-09-04 09:38:45,284 [ERROR] ConditionMgr:805 - Attr not supported : Dmpu
2026-09-04 09:38:45,284 [ERROR] ConditionMgr:805 - Attr not supported : Dmpu
2026-09-04 09:38:45,285 [ERROR] ConditionMgr:805 - Attr not supported : Dmpu
2026-09-04 09:38:45,285 [ERROR] ConditionMgr:805 - Attr not supported : Dmpu
2026-09-04 09:38:45,285 [ERROR] ConditionMgr:805 - Attr not supported : Dmpu
2026-09-04 09:38:45,285 [ERROR] ConditionMgr:805 - Attr not supported : Dmpu
2026-09-04 09:38:45,285 [ERROR] ConditionMgr:805 - Attr not supported : Dmpu
2026-09-04 09:38:45,285 [ERROR] ConditionMgr:805 - Attr not supported : Dmpu
2026-09-04 09:38:45,285 [ERROR] ConditionMgr:805 - Attr not supported : Dmpu
2026-09-04 09:38:45,285 [ERROR] ConditionMgr:805 - Attr not supported : Dmpu
2026-09-04 09:38:45,285 [ERROR] ConditionMgr:805 - Attr not supported : Dmpu
2026-09-04 09:38:45,285 [ERROR] ConditionMgr:805 - Attr not supported : Dmpu
2026-09-04 09:38:45,285 [ERROR] ConditionMgr:805 - Attr not supported : Dmpu
2026-09-04 09:38:45,285 [ERROR] ConditionMgr:805 - Attr not supported : Dmpu
2026-09-04 09:38:45,285 [ERROR] ConditionMgr:805 - Attr not supported : Dmpu
2026-09-04 09:38:45,286 [ERROR] ConditionMgr:805 - Attr not supported : Dmpu
2026-09-04 09:38:45,286 [ERROR] ConditionMgr:805 - Attr not supported : Dmpu
2026-09-04 09:38:45,286 [ERROR] ConditionMgr:805 - Attr not supported : Dmpu
2026-09-04 09:38:45,286 [ERROR] ConditionMgr:805 - Attr not supported : Dmpu
2026-09-04 09:38:45,286 [ERROR] ConditionMgr:805 - Attr not supported : Dmpu
2026-09-04 09:38:45,286 [ERROR] ConditionMgr:805 - Attr not supported : Dmpu
2026-09-04 09:38:45,286 [ERROR] ConditionMgr:805 - Attr not supported : Dmpu
2026-09-04 09:38:45,286 [ERROR] ConditionMgr:805 - Attr not supported : Dmpu
2026-09-04 09:38:45,286 [ERROR] ConditionMgr:805 - Attr not supported : Dmpu
2026-09-04 09:38:45,286 [ERROR] ConditionMgr:805 - Attr not supported : Dmpu
2026-09-04 09:38:45,286 [ERROR] ConditionMgr:805 - Attr not supported : Dmpu
2026-09-04 09:38:45,286 [ERROR] ConditionMgr:805 - Attr not supported : Dmpu
2026-09-04 09:38:45,286 [ERROR] ConditionMgr:805 - Attr not supported : Dmpu
2026-09-04 09:38:45,288 [ERROR] ConditionMgr:805 - Attr not supported : Dmpu
2026-09-04 09:38:45,288 [ERROR] ConditionMgr:805 - Attr not supported : Dmpu
2026-09-04 09:38:45,288 [ERROR] ConditionMgr:805 - Attr not supported : Dmpu
2026-09-04 09:38:45,288 [ERROR] ConditionMgr:805 - Attr not supported : Dmpu
2026-09-04 09:38:45,288 [ERROR] ConditionMgr:805 - Attr not supported : Dmpu
2026-09-04 09:38:45,288 [ERROR] ConditionMgr:805 - Attr not supported : Dmpu
2026-09-04 09:38:45,288 [ERROR] ConditionMgr:805 - Attr not supported : Dmpu
2026-09-04 09:38:45,288 [ERROR] ConditionMgr:805 - Attr not supported : Dmpu
2026-09-04 09:38:45,288 [ERROR] ConditionMgr:805 - Attr not supported : Dmpu
2026-09-04 09:38:45,288 [ERROR] ConditionMgr:805 - Attr not supported : Dmpu
2026-09-04 09:38:45,288 [ERROR] ConditionMgr:805 - Attr not supported : Dmpu
2026-09-04 09:38:45,289 [ERROR] ConditionMgr:805 - Attr not supported : Dmpu
2026-09-04 09:38:45,289 [ERROR] ConditionMgr:805 - Attr not supported : Dmpu
2026-09-04 09:38:45,289 [ERROR] ConditionMgr:805 - Attr not supported : Dmpu
2026-09-04 09:38:45,289 [ERROR] ConditionMgr:805 - Attr not supported : Dmpu
2026-09-04 09:38:45,289 [ERROR] ConditionMgr:805 - Attr not supported : Dmpu
2026-09-04 09:38:45,289 [ERROR] ConditionMgr:805 - Attr not supported : Dmpu
2026-09-04 09:38:45,289 [ERROR] ConditionMgr:805 - Attr not supported : Dmpu
2026-09-04 09:38:45,289 [ERROR] ConditionMgr:805 - Attr not supported : Dmpu
2026-09-04 09:38:45,289 [ERROR] ConditionMgr:805 - Attr not supported : Dmpu
2026-09-04 09:38:45,289 [ERROR] ConditionMgr:805 - Attr not supported : Dmpu
2026-09-04 09:38:45,289 [ERROR] ConditionMgr:805 - Attr not supported : Dmpu
2026-09-04 09:38:45,320 [WARN] PackLoader:240 - Cannot read IP mode file for wolfSSL.I-CUBE-wolfTPM.3.8.0
2026-09-04 09:38:45,330 [ERROR] Engine:466 - C:\Users\kccistc\.stm32cubemx\thirdparties\pdsc\STMicroelectronics.X-CUBE-TCPP.4.2.0.pdsc: PDSC version is not supported
2026-09-04 09:38:45,360 [WARN] PackLoader:240 - Cannot read IP mode file for RealThread.X-CUBE-RT-Thread_Nano.4.1.1
2026-09-04 09:38:45,372 [WARN] PackLoader:240 - Cannot read IP mode file for STMicroelectronics.FP-ATR-SIGFOX1.3.2.0
2026-09-04 09:38:45,387 [WARN] PackLoader:240 - Cannot read IP mode file for ITTIA_DB.I-CUBE-ITTIADB.8.9.0
2026-09-04 09:38:45,400 [ERROR] Engine:466 - C:\Users\kccistc\.stm32cubemx\thirdparties\pdsc\Cesanta.I-CUBE-Mongoose.7.21.7.pdsc: PDSC version is not supported
2026-09-04 09:38:45,414 [WARN] PackLoader:240 - Cannot read IP mode file for STMicroelectronics.X-CUBE-NFC6.3.2.0
2026-09-04 09:38:45,428 [WARN] PackLoader:240 - Cannot read IP mode file for STMicroelectronics.X-CUBE-AI.10.2.1
2026-09-04 09:38:45,439 [INFO] WebApp:161 - Instantiating new browser for Auth
2026-09-04 09:38:45,463 [WARN] PackLoader:240 - Cannot read IP mode file for SEGGER.I-CUBE-embOS.1.3.1
2026-09-04 09:38:45,516 [ERROR] Engine:466 - C:\Users\kccistc\.stm32cubemx\thirdparties\pdsc\STMicroelectronics.FP-SNS-STAIOTCFT.2.0.0.pdsc: PDSC version is not supported
2026-09-04 09:38:45,547 [WARN] PackLoader:240 - Cannot read IP mode file for STMicroelectronics.X-CUBE-NFC13.1.0.0
2026-09-04 09:38:45,566 [WARN] PackLoader:240 - Cannot read IP mode file for STMicroelectronics.X-CUBE-PM33A1.1.0.0
2026-09-04 09:38:45,606 [WARN] PackLoader:240 - Cannot read IP mode file for STMicroelectronics.X-CUBE-AZRTOS-F4.1.1.0
2026-09-04 09:38:45,628 [WARN] PackLoader:240 - Cannot read IP mode file for STMicroelectronics.X-CUBE-ISPU.2.1.0
2026-09-04 09:38:45,646 [ERROR] Engine:466 - C:\Users\kccistc\.stm32cubemx\thirdparties\pdsc\STMicroelectronics.X-CUBE-IPS.3.2.0.pdsc: PDSC version is not supported
2026-09-04 09:38:45,671 [ERROR] Engine:466 - C:\Users\kccistc\.stm32cubemx\thirdparties\pdsc\STMicroelectronics.eDS-WB_DPC_TT-BIDIR.2.1.1.pdsc: PDSC version is not supported
2026-09-04 09:38:45,695 [WARN] PackLoader:240 - Cannot read IP mode file for STMicroelectronics.X-CUBE-NFC12.1.0.0
2026-09-04 09:38:45,734 [WARN] PackLoader:240 - Cannot read IP mode file for STMicroelectronics.X-CUBE-AZRTOS-L5.2.0.0
2026-09-04 09:38:45,760 [WARN] PackLoader:240 - Cannot read IP mode file for STMicroelectronics.X-CUBE-ALGOBUILD.1.5.0
2026-09-04 09:38:45,776 [ERROR] Engine:466 - C:\Users\kccistc\.stm32cubemx\thirdparties\pdsc\STMicroelectronics.eDS-WB_DPC_VIENNA.1.2.0.pdsc: PDSC version is not supported
2026-09-04 09:38:45,834 [WARN] PackLoader:240 - Cannot read IP mode file for STMicroelectronics.X-CUBE-MEMS1.13.0.0
2026-09-04 09:38:45,922 [ERROR] Engine:466 - C:\Users\kccistc\.stm32cubemx\thirdparties\pdsc\STMicroelectronics.eDS-WB_DPC_3PH2L-BIDIR.1.1.1.pdsc: PDSC version is not supported
2026-09-04 09:38:45,935 [ERROR] Engine:466 - C:\Users\kccistc\.stm32cubemx\thirdparties\pdsc\STMicroelectronics.X-CUBE-ST67W61.1.3.0.pdsc: PDSC version is not supported
2026-09-04 09:38:45,958 [WARN] PackLoader:240 - Cannot read IP mode file for STMicroelectronics.X-CUBE-TOUCHGFX.4.26.1
2026-09-04 09:38:45,983 [WARN] PackLoader:240 - Cannot read IP mode file for STMicroelectronics.X-CUBE-DPower.1.3.0
2026-09-04 09:38:46,014 [WARN] ConditionMgr:438 - getConditionDescription Invalid condition id : LAN8742 Phy interface Condition cause : null
2026-09-04 09:38:46,014 [WARN] PackLoader:240 - Cannot read IP mode file for STMicroelectronics.X-CUBE-AZRTOS-L4.2.0.0
2026-09-04 09:38:46,015 [WARN] ConditionMgr:1039 - genDependencies : Invalid condition id : LAN8742 Phy interface Condition cause : null
2026-09-04 09:38:46,015 [WARN] ConditionMgr:1039 - genDependencies : Invalid condition id : LAN8742 Phy interface Condition cause : null
2026-09-04 09:38:46,016 [WARN] ConditionMgr:1039 - genDependencies : Invalid condition id : LAN8742 Phy interface Condition cause : null
2026-09-04 09:38:46,034 [WARN] PackLoader:240 - Cannot read IP mode file for STMicroelectronics.X-CUBE-SFXS2LP1.4.0.0
2026-09-04 09:38:46,052 [WARN] PackLoader:240 - Cannot read IP mode file for STMicroelectronics.X-CUBE-WB05N.2.1.0
2026-09-04 09:38:46,080 [WARN] ConditionMgr:438 - getConditionDescription Invalid condition id : UX DEVICE CLASS RTOS Condition cause : null
2026-09-04 09:38:46,080 [WARN] ConditionMgr:438 - getConditionDescription Invalid condition id : UX DEVICE CLASS RTOS Condition cause : null
2026-09-04 09:38:46,082 [WARN] PackLoader:240 - Cannot read IP mode file for STMicroelectronics.X-CUBE-AZRTOS-WB.2.0.0
2026-09-04 09:38:46,084 [WARN] ConditionMgr:1039 - genDependencies : Invalid condition id : UX DEVICE CLASS RTOS Condition cause : null
2026-09-04 09:38:46,084 [WARN] ConditionMgr:1039 - genDependencies : Invalid condition id : UX DEVICE CLASS RTOS Condition cause : null
2026-09-04 09:38:46,084 [WARN] ConditionMgr:1039 - genDependencies : Invalid condition id : UX DEVICE CLASS RTOS Condition cause : null
2026-09-04 09:38:46,085 [WARN] ConditionMgr:1039 - genDependencies : Invalid condition id : UX DEVICE CLASS RTOS Condition cause : null
2026-09-04 09:38:46,085 [WARN] ConditionMgr:1039 - genDependencies : Invalid condition id : UX DEVICE CLASS RTOS Condition cause : null
2026-09-04 09:38:46,112 [WARN] PackLoader:240 - Cannot read IP mode file for STMicroelectronics.X-CUBE-STSE01.2.0.0
2026-09-04 09:38:46,141 [WARN] PackLoader:240 - Cannot read IP mode file for STMicroelectronics.X-CUBE-SUBG2.5.0.0
2026-09-04 09:38:46,175 [WARN] PackLoader:240 - Cannot read IP mode file for STMicroelectronics.X-CUBE-AZRTOS-G4.2.0.0
2026-09-04 09:38:46,192 [WARN] PackLoader:240 - Cannot read IP mode file for wolfSSL.I-CUBE-wolfSSH.1.4.20
2026-09-04 09:38:46,208 [WARN] PackLoader:240 - Cannot read IP mode file for STMicroelectronics.X-CUBE-NFC7.2.0.0
2026-09-04 09:38:46,221 [ERROR] Engine:466 - C:\Users\kccistc\.stm32cubemx\thirdparties\pdsc\STMicroelectronics.X-CUBE-BLEMGR.4.2.0.pdsc: PDSC version is not supported
2026-09-04 09:38:46,234 [WARN] PackLoader:240 - Cannot read IP mode file for STMicroelectronics.X-CUBE-ALS.1.0.2
2026-09-04 09:38:46,253 [ERROR] Engine:466 - C:\Users\kccistc\.stm32cubemx\thirdparties\pdsc\STMicroelectronics.X-CUBE-TOF1.3.4.3.pdsc: PDSC version is not supported
2026-09-04 09:38:46,254 [INFO] ThirdParty:978 - Integrity check success = true
2026-09-04 09:38:46,254 [INFO] IntegrityCheckThread:100 - exiting critical section [integrity check]
2026-09-04 09:38:46,254 [INFO] IntegrityCheckThread:103 - End integrity checks thread
2026-09-04 09:38:47,432 [INFO] WebApp:779 - Register for checkConnection events
2026-09-04 09:38:47,432 [INFO] WebApp:414 - Apply proxy settings
2026-09-04 09:38:47,432 [INFO] WebApp:499 - Chromium requires no authentication
2026-09-04 09:38:47,441 [INFO] WebApp:442 - Direct internet connection detected
2026-09-04 09:38:47,640 [INFO] WebApp:192 - Starting web application
2026-09-04 09:38:47,640 [INFO] WebApp:544 - Web application path used C:\ST\STM32CubeIDE_1.15.0\STM32CubeIDE\plugins\com.st.stm32cube.common.mx_6.11.0.202403141607\db\plugins\mcufinder\reactClient1\index.html
